usbd_cdc_if.c:161:15:CDC_Init_FS	8	static
usbd_cdc_if.c:176:15:CDC_DeInit_FS	8	static
usbd_cdc_if.c:190:15:CDC_Control_FS	16	static
usbd_cdc_if.c:270:15:CDC_Receive_FS	24	static
usbd_cdc_if.c:320:9:CDC_Transmit_FS	32	static
usbd_cdc_if.c:335:7:GetUserDataBuf	8	static
usbd_cdc_if.c:339:6:ClearUserDataBuf	8	static
usbd_cdc_if.c:345:6:ClearTxBuffer	8	static
usbd_cdc_if.c:349:6:PrintToConsole	24	static
usbd_cdc_if.c:364:9:CheckUserDataReady	8	static
usbd_cdc_if.c:367:6:DisableLocalEcho	8	static
usbd_cdc_if.c:370:6:EnableLocalEcho	8	static
usbd_cdc_if.c:374:9:GetUserDataSize	8	static
usbd_cdc_if.c:378:6:PrintStrToConsole	24	static
