Archive member included to satisfy reference by file (symbol)

/opt/st/stm32cubeide_1.2.0/plugins/com.st.stm32cube.ide.mcu.externaltools.gnu-tools-for-stm32.7-2018-q2-update.linux64_1.0.0.201904181610/tools/bin/../lib/gcc/arm-none-eabi/7.3.1/../../../../arm-none-eabi/lib/thumb/v6-m/libc_nano.a(lib_a-errno.o)
                              Src/syscalls.o (__errno)
/opt/st/stm32cubeide_1.2.0/plugins/com.st.stm32cube.ide.mcu.externaltools.gnu-tools-for-stm32.7-2018-q2-update.linux64_1.0.0.201904181610/tools/bin/../lib/gcc/arm-none-eabi/7.3.1/../../../../arm-none-eabi/lib/thumb/v6-m/libc_nano.a(lib_a-exit.o)
                              /opt/st/stm32cubeide_1.2.0/plugins/com.st.stm32cube.ide.mcu.externaltools.gnu-tools-for-stm32.7-2018-q2-update.linux64_1.0.0.201904181610/tools/bin/../lib/gcc/arm-none-eabi/7.3.1/../../../../arm-none-eabi/lib/thumb/v6-m/crt0.o (exit)
/opt/st/stm32cubeide_1.2.0/plugins/com.st.stm32cube.ide.mcu.externaltools.gnu-tools-for-stm32.7-2018-q2-update.linux64_1.0.0.201904181610/tools/bin/../lib/gcc/arm-none-eabi/7.3.1/../../../../arm-none-eabi/lib/thumb/v6-m/libc_nano.a(lib_a-impure.o)
                              /opt/st/stm32cubeide_1.2.0/plugins/com.st.stm32cube.ide.mcu.externaltools.gnu-tools-for-stm32.7-2018-q2-update.linux64_1.0.0.201904181610/tools/bin/../lib/gcc/arm-none-eabi/7.3.1/../../../../arm-none-eabi/lib/thumb/v6-m/libc_nano.a(lib_a-exit.o) (_global_impure_ptr)
/opt/st/stm32cubeide_1.2.0/plugins/com.st.stm32cube.ide.mcu.externaltools.gnu-tools-for-stm32.7-2018-q2-update.linux64_1.0.0.201904181610/tools/bin/../lib/gcc/arm-none-eabi/7.3.1/../../../../arm-none-eabi/lib/thumb/v6-m/libc_nano.a(lib_a-init.o)
                              /opt/st/stm32cubeide_1.2.0/plugins/com.st.stm32cube.ide.mcu.externaltools.gnu-tools-for-stm32.7-2018-q2-update.linux64_1.0.0.201904181610/tools/bin/../lib/gcc/arm-none-eabi/7.3.1/../../../../arm-none-eabi/lib/thumb/v6-m/crt0.o (__libc_init_array)
/opt/st/stm32cubeide_1.2.0/plugins/com.st.stm32cube.ide.mcu.externaltools.gnu-tools-for-stm32.7-2018-q2-update.linux64_1.0.0.201904181610/tools/bin/../lib/gcc/arm-none-eabi/7.3.1/../../../../arm-none-eabi/lib/thumb/v6-m/libc_nano.a(lib_a-memcpy-stub.o)
                              Src/game.o (memcpy)
/opt/st/stm32cubeide_1.2.0/plugins/com.st.stm32cube.ide.mcu.externaltools.gnu-tools-for-stm32.7-2018-q2-update.linux64_1.0.0.201904181610/tools/bin/../lib/gcc/arm-none-eabi/7.3.1/../../../../arm-none-eabi/lib/thumb/v6-m/libc_nano.a(lib_a-memset.o)
                              /opt/st/stm32cubeide_1.2.0/plugins/com.st.stm32cube.ide.mcu.externaltools.gnu-tools-for-stm32.7-2018-q2-update.linux64_1.0.0.201904181610/tools/bin/../lib/gcc/arm-none-eabi/7.3.1/../../../../arm-none-eabi/lib/thumb/v6-m/crt0.o (memset)
/opt/st/stm32cubeide_1.2.0/plugins/com.st.stm32cube.ide.mcu.externaltools.gnu-tools-for-stm32.7-2018-q2-update.linux64_1.0.0.201904181610/tools/bin/../lib/gcc/arm-none-eabi/7.3.1/../../../../arm-none-eabi/lib/thumb/v6-m/libc_nano.a(lib_a-snprintf.o)
                              Src/game.o (snprintf)
/opt/st/stm32cubeide_1.2.0/plugins/com.st.stm32cube.ide.mcu.externaltools.gnu-tools-for-stm32.7-2018-q2-update.linux64_1.0.0.201904181610/tools/bin/../lib/gcc/arm-none-eabi/7.3.1/../../../../arm-none-eabi/lib/thumb/v6-m/libc_nano.a(lib_a-strncmp.o)
                              Src/lexer.o (strncmp)
/opt/st/stm32cubeide_1.2.0/plugins/com.st.stm32cube.ide.mcu.externaltools.gnu-tools-for-stm32.7-2018-q2-update.linux64_1.0.0.201904181610/tools/bin/../lib/gcc/arm-none-eabi/7.3.1/../../../../arm-none-eabi/lib/thumb/v6-m/libc_nano.a(lib_a-nano-svfprintf.o)
                              /opt/st/stm32cubeide_1.2.0/plugins/com.st.stm32cube.ide.mcu.externaltools.gnu-tools-for-stm32.7-2018-q2-update.linux64_1.0.0.201904181610/tools/bin/../lib/gcc/arm-none-eabi/7.3.1/../../../../arm-none-eabi/lib/thumb/v6-m/libc_nano.a(lib_a-snprintf.o) (_svfprintf_r)
/opt/st/stm32cubeide_1.2.0/plugins/com.st.stm32cube.ide.mcu.externaltools.gnu-tools-for-stm32.7-2018-q2-update.linux64_1.0.0.201904181610/tools/bin/../lib/gcc/arm-none-eabi/7.3.1/../../../../arm-none-eabi/lib/thumb/v6-m/libc_nano.a(lib_a-nano-vfprintf_i.o)
                              /opt/st/stm32cubeide_1.2.0/plugins/com.st.stm32cube.ide.mcu.externaltools.gnu-tools-for-stm32.7-2018-q2-update.linux64_1.0.0.201904181610/tools/bin/../lib/gcc/arm-none-eabi/7.3.1/../../../../arm-none-eabi/lib/thumb/v6-m/libc_nano.a(lib_a-nano-svfprintf.o) (_printf_i)
/opt/st/stm32cubeide_1.2.0/plugins/com.st.stm32cube.ide.mcu.externaltools.gnu-tools-for-stm32.7-2018-q2-update.linux64_1.0.0.201904181610/tools/bin/../lib/gcc/arm-none-eabi/7.3.1/../../../../arm-none-eabi/lib/thumb/v6-m/libc_nano.a(lib_a-memchr-stub.o)
[...]
Memory Configuration

Name             Origin             Length             Attributes
FLASH            0x0000000008000000 0x0000000000030000 xr
RAM              0x0000000020000000 0x0000000000005000 xrw
*default*        0x0000000000000000 0xffffffffffffffff

Linker script and memory map

LOAD /opt/st/stm32cubeide_1.2.0/plugins/com.st.stm32cube.ide.mcu.externaltools.gnu-tools-for-stm32.7-2018-q2-update.linux64_1.0.0.201904181610/tools/bin/../lib/gcc/arm-none-eabi/7.3.1/thumb/v6-m/crti.o
LOAD /opt/st/stm32cubeide_1.2.0/plugins/com.st.stm32cube.ide.mcu.externaltools.gnu-tools-for-stm32.7-2018-q2-update.linux64_1.0.0.201904181610/tools/bin/../lib/gcc/arm-none-eabi/7.3.1/thumb/v6-m/crtbegin.o
LOAD /opt/st/stm32cubeide_1.2.0/plugins/com.st.stm32cube.ide.mcu.externaltools.gnu-tools-for-stm32.7-2018-q2-update.linux64_1.0.0.201904181610/tools/bin/../lib/gcc/arm-none-eabi/7.3.1/../../../../arm-none-eabi/lib/thumb/v6-m/crt0.o
LOAD Drivers/STM32L0xx_HAL_Driver/Src/stm32l0xx_hal.o
LOAD Drivers/STM32L0xx_HAL_Driver/Src/stm32l0xx_hal_cortex.o
LOAD Drivers/STM32L0xx_HAL_Driver/Src/stm32l0xx_hal_dma.o
LOAD Drivers/STM32L0xx_HAL_Driver/Src/stm32l0xx_hal_flash.o
LOAD Drivers/STM32L0xx_HAL_Driver/Src/stm32l0xx_hal_flash_ex.o
LOAD Drivers/STM32L0xx_HAL_Driver/Src/stm32l0xx_hal_flash_ramfunc.o
LOAD Drivers/STM32L0xx_HAL_Driver/Src/stm32l0xx_hal_gpio.o
LOAD Drivers/STM32L0xx_HAL_Driver/Src/stm32l0xx_hal_i2c.o
LOAD Drivers/STM32L0xx_HAL_Driver/Src/stm32l0xx_hal_i2c_ex.o
LOAD Drivers/STM32L0xx_HAL_Driver/Src/stm32l0xx_hal_pcd.o
LOAD Drivers/STM32L0xx_HAL_Driver/Src/stm32l0xx_hal_pcd_ex.o
LOAD Drivers/STM32L0xx_HAL_Driver/Src/stm32l0xx_hal_pwr.o
LOAD Drivers/STM32L0xx_HAL_Driver/Src/stm32l0xx_hal_pwr_ex.o
LOAD Drivers/STM32L0xx_HAL_Driver/Src/stm32l0xx_hal_rcc.o
LOAD Drivers/STM32L0xx_HAL_Driver/Src/stm32l0xx_hal_rcc_ex.o
LOAD Drivers/STM32L0xx_HAL_Driver/Src/stm32l0xx_hal_tim.o
LOAD Drivers/STM32L0xx_HAL_Driver/Src/stm32l0xx_hal_tim_ex.o
LOAD Drivers/STM32L0xx_HAL_Driver/Src/stm32l0xx_ll_usb.o
LOAD Middlewares/ST/STM32_USB_Device_Library/Class/CDC/Src/usbd_cdc.o
LOAD Middlewares/ST/STM32_USB_Device_Library/Core/Src/usbd_core.o
LOAD Middlewares/ST/STM32_USB_Device_Library/Core/Src/usbd_ctlreq.o
LOAD Middlewares/ST/STM32_USB_Device_Library/Core/Src/usbd_ioreq.o
LOAD Src/game.o
LOAD Src/items.o
LOAD Src/lexer.o
LOAD Src/main.o
LOAD Src/objects.o
LOAD Src/power.o
LOAD Src/rooms.o
LOAD Src/stm32l0xx_hal_msp.o
LOAD Src/stm32l0xx_it.o
LOAD Src/syscalls.o
LOAD Src/sysmem.o
LOAD Src/system_stm32l0xx.o
LOAD Src/usb_device.o
LOAD Src/usbd_cdc_if.o
LOAD Src/usbd_conf.o
LOAD Src/usbd_desc.o
LOAD Startup/startup_stm32l073rztx.o
START GROUP
LOAD /opt/st/stm32cubeide_1.2.0/plugins/com.st.stm32cube.ide.mcu.externaltools.gnu-tools-for-stm32.7-2018-q2-update.linux64_1.0.0.201904181610/tools/bin/../lib/gcc/arm-none-eabi/7.3.1/../../../../arm-none-eabi/lib/thumb/v6-m/libc_nano.a
LOAD /opt/st/stm32cubeide_1.2.0/plugins/com.st.stm32cube.ide.mcu.externaltools.gnu-tools-for-stm32.7-2018-q2-update.linux64_1.0.0.201904181610/tools/bin/../lib/gcc/arm-none-eabi/7.3.1/../../../../arm-none-eabi/lib/thumb/v6-m/libm.a
END GROUP
START GROUP
LOAD /opt/st/stm32cubeide_1.2.0/plugins/com.st.stm32cube.ide.mcu.externaltools.gnu-tools-for-stm32.7-2018-q2-update.linux64_1.0.0.201904181610/tools/bin/../lib/gcc/arm-none-eabi/7.3.1/thumb/v6-m/libgcc.a
LOAD /opt/st/stm32cubeide_1.2.0/plugins/com.st.stm32cube.ide.mcu.externaltools.gnu-tools-for-stm32.7-2018-q2-update.linux64_1.0.0.201904181610/tools/bin/../lib/gcc/arm-none-eabi/7.3.1/../../../../arm-none-eabi/lib/thumb/v6-m/libc_nano.a
END GROUP
START GROUP
LOAD /opt/st/stm32cubeide_1.2.0/plugins/com.st.stm32cube.ide.mcu.externaltools.gnu-tools-for-stm32.7-2018-q2-update.linux64_1.0.0.201904181610/tools/bin/../lib/gcc/arm-none-eabi/7.3.1/thumb/v6-m/libgcc.a
LOAD /opt/st/stm32cubeide_1.2.0/plugins/com.st.stm32cube.ide.mcu.externaltools.gnu-tools-for-stm32.7-2018-q2-update.linux64_1.0.0.201904181610/tools/bin/../lib/gcc/arm-none-eabi/7.3.1/../../../../arm-none-eabi/lib/thumb/v6-m/libc_nano.a
LOAD /opt/st/stm32cubeide_1.2.0/plugins/com.st.stm32cube.ide.mcu.externaltools.gnu-tools-for-stm32.7-2018-q2-update.linux64_1.0.0.201904181610/tools/bin/../lib/gcc/arm-none-eabi/7.3.1/../../../../arm-none-eabi/lib/thumb/v6-m/libnosys.a
END GROUP
START GROUP
LOAD /opt/st/stm32cubeide_1.2.0/plugins/com.st.stm32cube.ide.mcu.externaltools.gnu-tools-for-stm32.7-2018-q2-update.linux64_1.0.0.201904181610/tools/bin/../lib/gcc/arm-none-eabi/7.3.1/thumb/v6-m/libgcc.a
LOAD /opt/st/stm32cubeide_1.2.0/plugins/com.st.stm32cube.ide.mcu.externaltools.gnu-tools-for-stm32.7-2018-q2-update.linux64_1.0.0.201904181610/tools/bin/../lib/gcc/arm-none-eabi/7.3.1/../../../../arm-none-eabi/lib/thumb/v6-m/libc_nano.a
LOAD /opt/st/stm32cubeide_1.2.0/plugins/com.st.stm32cube.ide.mcu.externaltools.gnu-tools-for-stm32.7-2018-q2-update.linux64_1.0.0.201904181610/tools/bin/../lib/gcc/arm-none-eabi/7.3.1/../../../../arm-none-eabi/lib/thumb/v6-m/libnosys.a
END GROUP
LOAD /opt/st/stm32cubeide_1.2.0/plugins/com.st.stm32cube.ide.mcu.externaltools.gnu-tools-for-stm32.7-2018-q2-update.linux64_1.0.0.201904181610/tools/bin/../lib/gcc/arm-none-eabi/7.3.1/thumb/v6-m/crtend.o
LOAD /opt/st/stm32cubeide_1.2.0/plugins/com.st.stm32cube.ide.mcu.externaltools.gnu-tools-for-stm32.7-2018-q2-update.linux64_1.0.0.201904181610/tools/bin/../lib/gcc/arm-none-eabi/7.3.1/thumb/v6-m/crtn.o
                0x0000000020005000                _estack = 0x20005000
                0x0000000000000200                _Min_Heap_Size = 0x200
                0x0000000000000400                _Min_Stack_Size = 0x400

.isr_vector     0x0000000008000000       0xc0
                0x0000000008000000                . = ALIGN (0x4)
 *(.isr_vector)
 .isr_vector    0x0000000008000000       0xc0 Startup/startup_stm32l073rztx.o
                0x0000000008000000                g_pfnVectors
                0x00000000080000c0                . = ALIGN (0x4)

.text           0x00000000080000c0     0x835c
                0x00000000080000c0                . = ALIGN (0x4)
 *(.text)
 .text          0x00000000080000c0       0x48 /opt/st/stm32cubeide_1.2.0/plugins/com.st.stm32cube.ide.mcu.externaltools.gnu-tools-for-stm32.7-2018-q2-update.linux64_1.0.0.201904181610/tools/bin/../lib/gcc/arm-none-eabi/7.3.1/thumb/v6-m/crtbegin.o
 .text          0x0000000008000108      0x114 /opt/st/stm32cubeide_1.2.0/plugins/com.st.stm32cube.ide.mcu.externaltools.gnu-tools-for-stm32.7-2018-q2-update.linux64_1.0.0.201904181610/tools/bin/../lib/gcc/arm-none-eabi/7.3.1/thumb/v6-m/libgcc.a(_udivsi3.o)
                0x0000000008000108                __udivsi3
                0x0000000008000108                __aeabi_uidiv
                0x0000000008000214                __aeabi_uidivmod
 .text          0x000000000800021c        0x4 /opt/st/stm32cubeide_1.2.0/plugins/com.st.stm32cube.ide.mcu.externaltools.gnu-tools-for-stm32.7-2018-q2-update.linux64_1.0.0.201904181610/tools/bin/../lib/gcc/arm-none-eabi/7.3.1/thumb/v6-m/libgcc.a(_dvmd_tls.o)
                0x000000000800021c                __aeabi_ldiv0
                0x000000000800021c                __aeabi_idiv0
 *(.text*)
 .text.HAL_Init
                0x0000000008000220       0x40 Drivers/STM32L0xx_HAL_Driver/Src/stm32l0xx_hal.o
                0x0000000008000220                HAL_Init
 .text.HAL_InitTick
                0x0000000008000260       0x54 Drivers/STM32L0xx_HAL_Driver/Src/stm32l0xx_hal.o
                0x0000000008000260                HAL_InitTick
 .text.HAL_IncTick
                0x00000000080002b4       0x18 Drivers/STM32L0xx_HAL_Driver/Src/stm32l0xx_hal.o
                0x00000000080002b4                HAL_IncTick
 .text.HAL_GetTick
                0x00000000080002cc       0x14 Drivers/STM32L0xx_HAL_Driver/Src/stm32l0xx_hal.o
                0x00000000080002cc                HAL_GetTick
 .text.HAL_Delay
                0x00000000080002e0       0x3a Drivers/STM32L0xx_HAL_Driver/Src/stm32l0xx_hal.o
                0x00000000080002e0                HAL_Delay
 *fill*         0x000000000800031a        0x2 
 .text.NVIC_EnableIRQ
                0x000000000800031c       0x2c Drivers/STM32L0xx_HAL_Driver/Src/stm32l0xx_hal_cortex.o
 .text.NVIC_SetPriority
                0x0000000008000348       0xdc Drivers/STM32L0xx_HAL_Driver/Src/stm32l0xx_hal_cortex.o
 .text.SysTick_Config
                0x0000000008000424       0x48 Drivers/STM32L0xx_HAL_Driver/Src/stm32l0xx_hal_cortex.o
 .text.HAL_NVIC_SetPriority
                0x000000000800046c       0x2a Drivers/STM32L0xx_HAL_Driver/Src/stm32l0xx_hal_cortex.o
                0x000000000800046c                HAL_NVIC_SetPriority
 .text.HAL_NVIC_EnableIRQ
                0x0000000008000496       0x20 Drivers/STM32L0xx_HAL_Driver/Src/stm32l0xx_hal_cortex.o
                0x0000000008000496                HAL_NVIC_EnableIRQ
 .text.HAL_SYSTICK_Config
                0x00000000080004b6       0x1a Drivers/STM32L0xx_HAL_Driver/Src/stm32l0xx_hal_cortex.o
                0x00000000080004b6                HAL_SYSTICK_Config
 .text.HAL_GPIO_Init
                0x00000000080004d0      0x2fc Drivers/STM32L0xx_HAL_Driver/Src/stm32l0xx_hal_gpio.o
                0x00000000080004d0                HAL_GPIO_Init
 .text.HAL_GPIO_WritePin
                0x00000000080007cc       0x3a Drivers/STM32L0xx_HAL_Driver/Src/stm32l0xx_hal_gpio.o
                0x00000000080007cc                HAL_GPIO_WritePin
 .text.HAL_GPIO_TogglePin
                0x0000000008000806       0x24 Drivers/STM32L0xx_HAL_Driver/Src/stm32l0xx_hal_gpio.o
                0x0000000008000806                HAL_GPIO_TogglePin
 *fill*         0x000000000800082a        0x2 
 .text.HAL_GPIO_EXTI_IRQHandler
                0x000000000800082c       0x38 Drivers/STM32L0xx_HAL_Driver/Src/stm32l0xx_hal_gpio.o
                0x000000000800082c                HAL_GPIO_EXTI_IRQHandler
 .text.HAL_GPIO_EXTI_Callback
                0x0000000008000864       0x14 Drivers/STM32L0xx_HAL_Driver/Src/stm32l0xx_hal_gpio.o
                0x0000000008000864                HAL_GPIO_EXTI_Callback
 .text.HAL_I2C_Init
                0x0000000008000878      0x12c Drivers/STM32L0xx_HAL_Driver/Src/stm32l0xx_hal_i2c.o
                0x0000000008000878                HAL_I2C_Init
 .text.HAL_I2CEx_ConfigAnalogFilter
                0x00000000080009a4       0x98 Drivers/STM32L0xx_HAL_Driver/Src/stm32l0xx_hal_i2c_ex.o
                0x00000000080009a4                HAL_I2CEx_ConfigAnalogFilter
 .text.HAL_I2CEx_ConfigDigitalFilter
                0x0000000008000a3c       0x98 Drivers/STM32L0xx_HAL_Driver/Src/stm32l0xx_hal_i2c_ex.o
                0x0000000008000a3c                HAL_I2CEx_ConfigDigitalFilter
 .text.HAL_PCD_Init
                0x0000000008000ad4      0x1e8 Drivers/STM32L0xx_HAL_Driver/Src/stm32l0xx_hal_pcd.o
                0x0000000008000ad4                HAL_PCD_Init
 .text.HAL_PCD_Start
                0x0000000008000cbc       0x4a Drivers/STM32L0xx_HAL_Driver/Src/stm32l0xx_hal_pcd.o
                0x0000000008000cbc                HAL_PCD_Start
 *fill*         0x0000000008000d06        0x2 
 .text.HAL_PCD_IRQHandler
                0x0000000008000d08      0x310 Drivers/STM32L0xx_HAL_Driver/Src/stm32l0xx_hal_pcd.o
                0x0000000008000d08                HAL_PCD_IRQHandler
 .text.HAL_PCD_SetAddress
                0x0000000008001018       0x56 Drivers/STM32L0xx_HAL_Driver/Src/stm32l0xx_hal_pcd.o
                0x0000000008001018                HAL_PCD_SetAddress
 .text.HAL_PCD_EP_Open
                0x000000000800106e       0xe4 Drivers/STM32L0xx_HAL_Driver/Src/stm32l0xx_hal_pcd.o
                0x000000000800106e                HAL_PCD_EP_Open
 .text.HAL_PCD_EP_Close
                0x0000000008001152       0x96 Drivers/STM32L0xx_HAL_Driver/Src/stm32l0xx_hal_pcd.o
                0x0000000008001152                HAL_PCD_EP_Close
 .text.HAL_PCD_EP_Receive
                0x00000000080011e8       0x82 Drivers/STM32L0xx_HAL_Driver/Src/stm32l0xx_hal_pcd.o
                0x00000000080011e8                HAL_PCD_EP_Receive
 .text.HAL_PCD_EP_GetRxCount
                0x000000000800126a       0x2a Drivers/STM32L0xx_HAL_Driver/Src/stm32l0xx_hal_pcd.o
                0x000000000800126a                HAL_PCD_EP_GetRxCount
 .text.HAL_PCD_EP_Transmit
                0x0000000008001294       0x80 Drivers/STM32L0xx_HAL_Driver/Src/stm32l0xx_hal_pcd.o
                0x0000000008001294                HAL_PCD_EP_Transmit
 .text.HAL_PCD_EP_SetStall
                0x0000000008001314       0xcc Drivers/STM32L0xx_HAL_Driver/Src/stm32l0xx_hal_pcd.o
                0x0000000008001314                HAL_PCD_EP_SetStall
 .text.HAL_PCD_EP_ClrStall
                0x00000000080013e0       0xb0 Drivers/STM32L0xx_HAL_Driver/Src/stm32l0xx_hal_pcd.o
                0x00000000080013e0                HAL_PCD_EP_ClrStall
 .text.PCD_EP_ISR_Handler
                0x0000000008001490      0x590 Drivers/STM32L0xx_HAL_Driver/Src/stm32l0xx_hal_pcd.o
 .text.HAL_PCDEx_PMAConfig
                0x0000000008001a20       0x90 Drivers/STM32L0xx_HAL_Driver/Src/stm32l0xx_hal_pcd_ex.o
                0x0000000008001a20                HAL_PCDEx_PMAConfig
 .text.HAL_PCDEx_ActivateBCD
                0x0000000008001ab0       0x4a Drivers/STM32L0xx_HAL_Driver/Src/stm32l0xx_hal_pcd_ex.o
                0x0000000008001ab0                HAL_PCDEx_ActivateBCD
 .text.HAL_PCDEx_ActivateLPM
                0x0000000008001afa       0x54 Drivers/STM32L0xx_HAL_Driver/Src/stm32l0xx_hal_pcd_ex.o
                0x0000000008001afa                HAL_PCDEx_ActivateLPM
 .text.HAL_PCDEx_LPM_Callback
                0x0000000008001b4e       0x16 Drivers/STM32L0xx_HAL_Driver/Src/stm32l0xx_hal_pcd_ex.o
                0x0000000008001b4e                HAL_PCDEx_LPM_Callback
 .text.HAL_PWR_EnterSTOPMode
                0x0000000008001b64       0x68 Drivers/STM32L0xx_HAL_Driver/Src/stm32l0xx_hal_pwr.o
                0x0000000008001b64                HAL_PWR_EnterSTOPMode
 .text.HAL_RCC_OscConfig
                0x0000000008001bcc      0x7a0 Drivers/STM32L0xx_HAL_Driver/Src/stm32l0xx_hal_rcc.o
                0x0000000008001bcc                HAL_RCC_OscConfig
 .text.HAL_RCC_ClockConfig
                0x000000000800236c      0x254 Drivers/STM32L0xx_HAL_Driver/Src/stm32l0xx_hal_rcc.o
                0x000000000800236c                HAL_RCC_ClockConfig
 .text.HAL_RCC_GetSysClockFreq
                0x00000000080025c0      0x108 Drivers/STM32L0xx_HAL_Driver/Src/stm32l0xx_hal_rcc.o
                0x00000000080025c0                HAL_RCC_GetSysClockFreq
 .text.HAL_RCCEx_PeriphCLKConfig
                0x00000000080026c8      0x2e8 Drivers/STM32L0xx_HAL_Driver/Src/stm32l0xx_hal_rcc_ex.o
                0x00000000080026c8                HAL_RCCEx_PeriphCLKConfig
 .text.USB_EnableGlobalInt
                0x00000000080029b0       0x34 Drivers/STM32L0xx_HAL_Driver/Src/stm32l0xx_ll_usb.o
                0x00000000080029b0                USB_EnableGlobalInt
 .text.USB_DisableGlobalInt
                0x00000000080029e4       0x40 Drivers/STM32L0xx_HAL_Driver/Src/stm32l0xx_ll_usb.o
                0x00000000080029e4                USB_DisableGlobalInt
 .text.USB_DevInit
                0x0000000008002a24       0x60 Drivers/STM32L0xx_HAL_Driver/Src/stm32l0xx_ll_usb.o
                0x0000000008002a24                USB_DevInit
 .text.USB_ActivateEndpoint
                0x0000000008002a84      0x5e0 Drivers/STM32L0xx_HAL_Driver/Src/stm32l0xx_ll_usb.o
                0x0000000008002a84                USB_ActivateEndpoint
 .text.USB_DeactivateEndpoint
                0x0000000008003064      0x2ec Drivers/STM32L0xx_HAL_Driver/Src/stm32l0xx_ll_usb.o
                0x0000000008003064                USB_DeactivateEndpoint
 .text.USB_EPStartXfer
                0x0000000008003350      0x560 Drivers/STM32L0xx_HAL_Driver/Src/stm32l0xx_ll_usb.o
                0x0000000008003350                USB_EPStartXfer
 .text.USB_EPSetStall
                0x00000000080038b0       0x84 Drivers/STM32L0xx_HAL_Driver/Src/stm32l0xx_ll_usb.o
                0x00000000080038b0                USB_EPSetStall
 .text.USB_EPClearStall
                0x0000000008003934      0x118 Drivers/STM32L0xx_HAL_Driver/Src/stm32l0xx_ll_usb.o
                0x0000000008003934                USB_EPClearStall
 .text.USB_SetDevAddress
                0x0000000008003a4c       0x28 Drivers/STM32L0xx_HAL_Driver/Src/stm32l0xx_ll_usb.o
                0x0000000008003a4c                USB_SetDevAddress
 .text.USB_DevConnect
                0x0000000008003a74       0x2c Drivers/STM32L0xx_HAL_Driver/Src/stm32l0xx_ll_usb.o
                0x0000000008003a74                USB_DevConnect
 .text.USB_ReadInterrupts
                0x0000000008003aa0       0x1c Drivers/STM32L0xx_HAL_Driver/Src/stm32l0xx_ll_usb.o
                0x0000000008003aa0                USB_ReadInterrupts
 .text.USB_EP0_OutStart
                0x0000000008003abc       0x14 Drivers/STM32L0xx_HAL_Driver/Src/stm32l0xx_ll_usb.o
                0x0000000008003abc                USB_EP0_OutStart
 .text.USB_WritePMA
                0x0000000008003ad0       0x86 Drivers/STM32L0xx_HAL_Driver/Src/stm32l0xx_ll_usb.o
                0x0000000008003ad0                USB_WritePMA
 .text.USB_ReadPMA
                0x0000000008003b56       0x9a Drivers/STM32L0xx_HAL_Driver/Src/stm32l0xx_ll_usb.o
                0x0000000008003b56                USB_ReadPMA
 .text.USBD_CDC_Init
                0x0000000008003bf0      0x118 Middlewares/ST/STM32_USB_Device_Library/Class/CDC/Src/usbd_cdc.o
 .text.USBD_CDC_DeInit
                0x0000000008003d08       0x88 Middlewares/ST/STM32_USB_Device_Library/Class/CDC/Src/usbd_cdc.o
 .text.USBD_CDC_Setup
                0x0000000008003d90      0x18c Middlewares/ST/STM32_USB_Device_Library/Class/CDC/Src/usbd_cdc.o
 .text.USBD_CDC_DataIn
                0x0000000008003f1c       0xb0 Middlewares/ST/STM32_USB_Device_Library/Class/CDC/Src/usbd_cdc.o
 .text.USBD_CDC_DataOut
                0x0000000008003fcc       0x6a Middlewares/ST/STM32_USB_Device_Library/Class/CDC/Src/usbd_cdc.o
 *fill*         0x0000000008004036        0x2 
 .text.USBD_CDC_EP0_RxReady
                0x0000000008004038       0x64 Middlewares/ST/STM32_USB_Device_Library/Class/CDC/Src/usbd_cdc.o
 .text.USBD_CDC_GetFSCfgDesc
                0x000000000800409c       0x1c Middlewares/ST/STM32_USB_Device_Library/Class/CDC/Src/usbd_cdc.o
 .text.USBD_CDC_GetHSCfgDesc
                0x00000000080040b8       0x1c Middlewares/ST/STM32_USB_Device_Library/Class/CDC/Src/usbd_cdc.o
 .text.USBD_CDC_GetOtherSpeedCfgDesc
                0x00000000080040d4       0x1c Middlewares/ST/STM32_USB_Device_Library/Class/CDC/Src/usbd_cdc.o
 .text.USBD_CDC_GetDeviceQualifierDescriptor
                0x00000000080040f0       0x1c Middlewares/ST/STM32_USB_Device_Library/Class/CDC/Src/usbd_cdc.o
                0x00000000080040f0                USBD_CDC_GetDeviceQualifierDescriptor
 .text.USBD_CDC_RegisterInterface
                0x000000000800410c       0x38 Middlewares/ST/STM32_USB_Device_Library/Class/CDC/Src/usbd_cdc.o
                0x000000000800410c                USBD_CDC_RegisterInterface
 .text.USBD_CDC_SetTxBuffer
                0x0000000008004144       0x38 Middlewares/ST/STM32_USB_Device_Library/Class/CDC/Src/usbd_cdc.o
                0x0000000008004144                USBD_CDC_SetTxBuffer
 .text.USBD_CDC_SetRxBuffer
                0x000000000800417c       0x28 Middlewares/ST/STM32_USB_Device_Library/Class/CDC/Src/usbd_cdc.o
                0x000000000800417c                USBD_CDC_SetRxBuffer
 .text.USBD_CDC_TransmitPacket
                0x00000000080041a4       0x6e Middlewares/ST/STM32_USB_Device_Library/Class/CDC/Src/usbd_cdc.o
                0x00000000080041a4                USBD_CDC_TransmitPacket
 .text.USBD_CDC_ReceivePacket
                0x0000000008004212       0x5c Middlewares/ST/STM32_USB_Device_Library/Class/CDC/Src/usbd_cdc.o
                0x0000000008004212                USBD_CDC_ReceivePacket
 .text.USBD_Init
                0x000000000800426e       0x62 Middlewares/ST/STM32_USB_Device_Library/Core/Src/usbd_core.o
                0x000000000800426e                USBD_Init
 .text.USBD_RegisterClass
                0x00000000080042d0       0x42 Middlewares/ST/STM32_USB_Device_Library/Core/Src/usbd_core.o
                0x00000000080042d0                USBD_RegisterClass
 .text.USBD_Start
                0x0000000008004312       0x1a Middlewares/ST/STM32_USB_Device_Library/Core/Src/usbd_core.o
                0x0000000008004312                USBD_Start
 .text.USBD_RunTestMode
                0x000000000800432c       0x12 Middlewares/ST/STM32_USB_Device_Library/Core/Src/usbd_core.o
                0x000000000800432c                USBD_RunTestMode
 .text.USBD_SetClassConfig
                0x000000000800433e       0x50 Middlewares/ST/STM32_USB_Device_Library/Core/Src/usbd_core.o
                0x000000000800433e                USBD_SetClassConfig
 .text.USBD_ClrClassConfig
                0x000000000800438e       0x2c Middlewares/ST/STM32_USB_Device_Library/Core/Src/usbd_core.o
                0x000000000800438e                USBD_ClrClassConfig
 *fill*         0x00000000080043ba        0x2 
 .text.USBD_LL_SetupStage
                0x00000000080043bc       0xb8 Middlewares/ST/STM32_USB_Device_Library/Core/Src/usbd_core.o
                0x00000000080043bc                USBD_LL_SetupStage
 .text.USBD_LL_DataOutStage
                0x0000000008004474      0x104 Middlewares/ST/STM32_USB_Device_Library/Core/Src/usbd_core.o
                0x0000000008004474                USBD_LL_DataOutStage
 .text.USBD_LL_DataInStage
                0x0000000008004578      0x17a Middlewares/ST/STM32_USB_Device_Library/Core/Src/usbd_core.o
                0x0000000008004578                USBD_LL_DataInStage
 .text.USBD_LL_Reset
                0x00000000080046f2       0x90 Middlewares/ST/STM32_USB_Device_Library/Core/Src/usbd_core.o
                0x00000000080046f2                USBD_LL_Reset
 .text.USBD_LL_SetSpeed
                0x0000000008004782       0x20 Middlewares/ST/STM32_USB_Device_Library/Core/Src/usbd_core.o
                0x0000000008004782                USBD_LL_SetSpeed
 *fill*         0x00000000080047a2        0x2 
 .text.USBD_LL_Suspend
                0x00000000080047a4       0x30 Middlewares/ST/STM32_USB_Device_Library/Core/Src/usbd_core.o
                0x00000000080047a4                USBD_LL_Suspend
 .text.USBD_LL_Resume
                0x00000000080047d4       0x24 Middlewares/ST/STM32_USB_Device_Library/Core/Src/usbd_core.o
                0x00000000080047d4                USBD_LL_Resume
 .text.USBD_LL_SOF
                0x00000000080047f8       0x3c Middlewares/ST/STM32_USB_Device_Library/Core/Src/usbd_core.o
                0x00000000080047f8                USBD_LL_SOF
 .text.USBD_StdDevReq
                0x0000000008004834       0xe4 Middlewares/ST/STM32_USB_Device_Library/Core/Src/usbd_ctlreq.o
                0x0000000008004834                USBD_StdDevReq
 .text.USBD_StdItfReq
                0x0000000008004918       0xae Middlewares/ST/STM32_USB_Device_Library/Core/Src/usbd_ctlreq.o
                0x0000000008004918                USBD_StdItfReq
 .text.USBD_StdEPReq
                0x00000000080049c6      0x378 Middlewares/ST/STM32_USB_Device_Library/Core/Src/usbd_ctlreq.o
                0x00000000080049c6                USBD_StdEPReq
 *fill*         0x0000000008004d3e        0x2 
 .text.USBD_GetDescriptor
                0x0000000008004d40      0x224 Middlewares/ST/STM32_USB_Device_Library/Core/Src/usbd_ctlreq.o
 .text.USBD_SetAddress
                0x0000000008004f64       0xa8 Middlewares/ST/STM32_USB_Device_Library/Core/Src/usbd_ctlreq.o
 .text.USBD_SetConfig
                0x000000000800500c      0x148 Middlewares/ST/STM32_USB_Device_Library/Core/Src/usbd_ctlreq.o
 .text.USBD_GetConfig
                0x0000000008005154       0x74 Middlewares/ST/STM32_USB_Device_Library/Core/Src/usbd_ctlreq.o
 .text.USBD_GetStatus
                0x00000000080051c8       0x74 Middlewares/ST/STM32_USB_Device_Library/Core/Src/usbd_ctlreq.o
 .text.USBD_SetFeature
                0x000000000800523c       0x2c Middlewares/ST/STM32_USB_Device_Library/Core/Src/usbd_ctlreq.o
 .text.USBD_ClrFeature
                0x0000000008005268       0x4c Middlewares/ST/STM32_USB_Device_Library/Core/Src/usbd_ctlreq.o
 .text.USBD_ParseSetupRequest
                0x00000000080052b4       0x76 Middlewares/ST/STM32_USB_Device_Library/Core/Src/usbd_ctlreq.o
                0x00000000080052b4                USBD_ParseSetupRequest
 .text.USBD_CtlError
                0x000000000800532a       0x26 Middlewares/ST/STM32_USB_Device_Library/Core/Src/usbd_ctlreq.o
                0x000000000800532a                USBD_CtlError
 .text.USBD_GetString
                0x0000000008005350       0x9e Middlewares/ST/STM32_USB_Device_Library/Core/Src/usbd_ctlreq.o
                0x0000000008005350                USBD_GetString
 .text.USBD_GetLen
                0x00000000080053ee       0x3a Middlewares/ST/STM32_USB_Device_Library/Core/Src/usbd_ctlreq.o
 .text.USBD_CtlSendData
                0x0000000008005428       0x40 Middlewares/ST/STM32_USB_Device_Library/Core/Src/usbd_ioreq.o
                0x0000000008005428                USBD_CtlSendData
 .text.USBD_CtlContinueSendData
                0x0000000008005468       0x26 Middlewares/ST/STM32_USB_Device_Library/Core/Src/usbd_ioreq.o
                0x0000000008005468                USBD_CtlContinueSendData
 .text.USBD_CtlPrepareRx
                0x000000000800548e       0x48 Middlewares/ST/STM32_USB_Device_Library/Core/Src/usbd_ioreq.o
                0x000000000800548e                USBD_CtlPrepareRx
 .text.USBD_CtlContinueRx
                0x00000000080054d6       0x26 Middlewares/ST/STM32_USB_Device_Library/Core/Src/usbd_ioreq.o
                0x00000000080054d6                USBD_CtlContinueRx
 .text.USBD_CtlSendStatus
                0x00000000080054fc       0x28 Middlewares/ST/STM32_USB_Device_Library/Core/Src/usbd_ioreq.o
                0x00000000080054fc                USBD_CtlSendStatus
 .text.USBD_CtlReceiveStatus
                0x0000000008005524       0x28 Middlewares/ST/STM32_USB_Device_Library/Core/Src/usbd_ioreq.o
                0x0000000008005524                USBD_CtlReceiveStatus
 .text.InitGame
                0x000000000800554c       0x44 Src/game.o
                0x000000000800554c                InitGame
 .text.PrintBadInput
                0x0000000008005590       0xc8 Src/game.o
                0x0000000008005590                PrintBadInput
 .text.GameLoop
                0x0000000008005658       0xf8 Src/game.o
                0x0000000008005658                GameLoop
 .text.PrintLocation
                0x0000000008005750      0x174 Src/game.o
                0x0000000008005750                PrintLocation
 .text.PrintInventory
                0x00000000080058c4       0x50 Src/game.o
                0x00000000080058c4                PrintInventory
 .text.PrintHelp
                0x0000000008005914       0x28 Src/game.o
                0x0000000008005914                PrintHelp
 .text.Examine  0x000000000800593c       0xa8 Src/game.o
                0x000000000800593c                Examine
 .text.GetItem  0x00000000080059e4       0x94 Src/game.o
                0x00000000080059e4                GetItem
 .text.MovePlayer
                0x0000000008005a78      0x148 Src/game.o
                0x0000000008005a78                MovePlayer
 .text.PrintRoomText
                0x0000000008005bc0       0xc0 Src/game.o
                0x0000000008005bc0                PrintRoomText
 .text.MixItems
                0x0000000008005c80       0x68 Src/game.o
                0x0000000008005c80                MixItems
 .text.MixItemsMixer
                0x0000000008005ce8       0x64 Src/game.o
                0x0000000008005ce8                MixItemsMixer
 .text.UseItem  0x0000000008005d4c       0xbc Src/game.o
                0x0000000008005d4c                UseItem
 .text.UseItemStateMachine
                0x0000000008005e08        0xa Src/game.o
                0x0000000008005e08                UseItemStateMachine
 *fill*         0x0000000008005e12        0x2 
 .text.TurnObject
                0x0000000008005e14       0xd4 Src/game.o
                0x0000000008005e14                TurnObject
 .text.TurnObjectStateMachine
                0x0000000008005ee8       0xd4 Src/game.o
                0x0000000008005ee8                TurnObjectStateMachine
 .text.InitItms
                0x0000000008005fbc       0xd4 Src/items.o
                0x0000000008005fbc                InitItms
 .text.GetItmByToken
                0x0000000008006090       0x60 Src/items.o
                0x0000000008006090                GetItmByToken
 .text.TokenizeUserInput
                0x00000000080060f0      0x5ec Src/lexer.o
                0x00000000080060f0                TokenizeUserInput
 .text.main     0x00000000080066dc       0x34 Src/main.o
                0x00000000080066dc                main
 .text.SystemClock_Config
                0x0000000008006710       0xdc Src/main.o
                0x0000000008006710                SystemClock_Config
 .text.MX_I2C1_Init
                0x00000000080067ec       0x80 Src/main.o
 .text.MX_GPIO_Init
                0x000000000800686c       0xd0 Src/main.o
 .text.Error_Handler
                0x000000000800693c        0xa Src/main.o
                0x000000000800693c                Error_Handler
 *fill*         0x0000000008006946        0x2 
 .text.InitObjs
                0x0000000008006948       0x44 Src/objects.o
                0x0000000008006948                InitObjs
 .text.GetObjByToken
                0x000000000800698c       0x60 Src/objects.o
                0x000000000800698c                GetObjByToken
 .text.DeepSleep
                0x00000000080069ec       0x34 Src/power.o
                0x00000000080069ec                DeepSleep
 .text.InitRooms
                0x0000000008006a20      0x170 Src/rooms.o
                0x0000000008006a20                InitRooms
 .text.GetRoomByToken
                0x0000000008006b90       0x60 Src/rooms.o
                0x0000000008006b90                GetRoomByToken
 .text.HAL_MspInit
                0x0000000008006bf0       0x28 Src/stm32l0xx_hal_msp.o
                0x0000000008006bf0                HAL_MspInit
 .text.HAL_I2C_MspInit
                0x0000000008006c18       0x88 Src/stm32l0xx_hal_msp.o
                0x0000000008006c18                HAL_I2C_MspInit
 .text.NMI_Handler
                0x0000000008006ca0        0xa Src/stm32l0xx_it.o
                0x0000000008006ca0                NMI_Handler
 .text.HardFault_Handler
                0x0000000008006caa       0x1c Src/stm32l0xx_it.o
                0x0000000008006caa                HardFault_Handler
 .text.SVC_Handler
                0x0000000008006cc6        0xa Src/stm32l0xx_it.o
                0x0000000008006cc6                SVC_Handler
 .text.PendSV_Handler
                0x0000000008006cd0        0xa Src/stm32l0xx_it.o
                0x0000000008006cd0                PendSV_Handler
 .text.SysTick_Handler
                0x0000000008006cda        0xe Src/stm32l0xx_it.o
                0x0000000008006cda                SysTick_Handler
 .text.EXTI4_15_IRQHandler
                0x0000000008006ce8       0x20 Src/stm32l0xx_it.o
                0x0000000008006ce8                EXTI4_15_IRQHandler
 .text.USB_IRQHandler
                0x0000000008006d08       0x18 Src/stm32l0xx_it.o
                0x0000000008006d08                USB_IRQHandler
 .text._sbrk    0x0000000008006d20       0x58 Src/sysmem.o
                0x0000000008006d20                _sbrk
 .text.SystemInit
                0x0000000008006d78       0x7c Src/system_stm32l0xx.o
                0x0000000008006d78                SystemInit
 .text.MX_USB_DEVICE_Init
                0x0000000008006df4       0x68 Src/usb_device.o
                0x0000000008006df4                MX_USB_DEVICE_Init
 .text.CDC_Init_FS
                0x0000000008006e5c       0x44 Src/usbd_cdc_if.o
 .text.CDC_DeInit_FS
                0x0000000008006ea0        0xc Src/usbd_cdc_if.o
 .text.CDC_Control_FS
                0x0000000008006eac       0x38 Src/usbd_cdc_if.o
 .text.CDC_Receive_FS
                0x0000000008006ee4      0x124 Src/usbd_cdc_if.o
 .text.CDC_Transmit_FS
                0x0000000008007008       0x60 Src/usbd_cdc_if.o
                0x0000000008007008                CDC_Transmit_FS
 .text.GetUserDataBuf
                0x0000000008007068       0x10 Src/usbd_cdc_if.o
                0x0000000008007068                GetUserDataBuf
 .text.ClearUserDataBuf
                0x0000000008007078       0x30 Src/usbd_cdc_if.o
                0x0000000008007078                ClearUserDataBuf
 .text.ClearTxBuffer
                0x00000000080070a8       0x1c Src/usbd_cdc_if.o
                0x00000000080070a8                ClearTxBuffer
 .text.PrintToConsole
                0x00000000080070c4       0x90 Src/usbd_cdc_if.o
                0x00000000080070c4                PrintToConsole
 .text.CheckUserDataReady
                0x0000000008007154       0x14 Src/usbd_cdc_if.o
                0x0000000008007154                CheckUserDataReady
 .text.GetUserDataSize
                0x0000000008007168       0x14 Src/usbd_cdc_if.o
                0x0000000008007168                GetUserDataSize
 .text.PrintStrToConsole
                0x000000000800717c       0x84 Src/usbd_cdc_if.o
                0x000000000800717c                PrintStrToConsole
 .text.HAL_PCD_MspInit
                0x0000000008007200       0x40 Src/usbd_conf.o
                0x0000000008007200                HAL_PCD_MspInit
 .text.HAL_PCD_SetupStageCallback
                0x0000000008007240       0x2a Src/usbd_conf.o
                0x0000000008007240                HAL_PCD_SetupStageCallback
 .text.HAL_PCD_DataOutStageCallback
                0x000000000800726a       0x3a Src/usbd_conf.o
                0x000000000800726a                HAL_PCD_DataOutStageCallback
 .text.HAL_PCD_DataInStageCallback
                0x00000000080072a4       0x36 Src/usbd_conf.o
                0x00000000080072a4                HAL_PCD_DataInStageCallback
 .text.HAL_PCD_SOFCallback
                0x00000000080072da       0x1e Src/usbd_conf.o
                0x00000000080072da                HAL_PCD_SOFCallback
 .text.HAL_PCD_ResetCallback
                0x00000000080072f8       0x48 Src/usbd_conf.o
                0x00000000080072f8                HAL_PCD_ResetCallback
 .text.HAL_PCD_SuspendCallback
                0x0000000008007340       0x38 Src/usbd_conf.o
                0x0000000008007340                HAL_PCD_SuspendCallback
 .text.HAL_PCD_ResumeCallback
                0x0000000008007378       0x3c Src/usbd_conf.o
                0x0000000008007378                HAL_PCD_ResumeCallback
 .text.USBD_LL_Init
                0x00000000080073b4       0xc8 Src/usbd_conf.o
                0x00000000080073b4                USBD_LL_Init
 .text.USBD_LL_Start
                0x000000000800747c       0x4c Src/usbd_conf.o
                0x000000000800747c                USBD_LL_Start
 .text.USBD_LL_OpenEP
                0x00000000080074c8       0x6e Src/usbd_conf.o
                0x00000000080074c8                USBD_LL_OpenEP
 .text.USBD_LL_CloseEP
                0x0000000008007536       0x58 Src/usbd_conf.o
                0x0000000008007536                USBD_LL_CloseEP
 .text.USBD_LL_StallEP
                0x000000000800758e       0x58 Src/usbd_conf.o
                0x000000000800758e                USBD_LL_StallEP
 .text.USBD_LL_ClearStallEP
                0x00000000080075e6       0x58 Src/usbd_conf.o
                0x00000000080075e6                USBD_LL_ClearStallEP
 .text.USBD_LL_IsStallEP
                0x000000000800763e       0x56 Src/usbd_conf.o
                0x000000000800763e                USBD_LL_IsStallEP
 .text.USBD_LL_SetUSBAddress
                0x0000000008007694       0x58 Src/usbd_conf.o
                0x0000000008007694                USBD_LL_SetUSBAddress
 .text.USBD_LL_Transmit
                0x00000000080076ec       0x70 Src/usbd_conf.o
                0x00000000080076ec                USBD_LL_Transmit
 .text.USBD_LL_PrepareReceive
                0x000000000800775c       0x70 Src/usbd_conf.o
                0x000000000800775c                USBD_LL_PrepareReceive
 .text.USBD_LL_GetRxDataSize
                0x00000000080077cc       0x2c Src/usbd_conf.o
                0x00000000080077cc                USBD_LL_GetRxDataSize
 .text.USBD_static_malloc
                0x00000000080077f8       0x18 Src/usbd_conf.o
                0x00000000080077f8                USBD_static_malloc
 .text.USBD_static_free
                0x0000000008007810       0x10 Src/usbd_conf.o
                0x0000000008007810                USBD_static_free
 .text.SystemClockConfig_Resume
                0x0000000008007820        0xe Src/usbd_conf.o
 .text.USBD_Get_USB_Status
                0x000000000800782e       0x6e Src/usbd_conf.o
 .text.USBD_FS_DeviceDescriptor
                0x000000000800789c       0x24 Src/usbd_desc.o
                0x000000000800789c                USBD_FS_DeviceDescriptor
 .text.USBD_FS_LangIDStrDescriptor
                0x00000000080078c0       0x24 Src/usbd_desc.o
                0x00000000080078c0                USBD_FS_LangIDStrDescriptor
 .text.USBD_FS_ProductStrDescriptor
                0x00000000080078e4       0x44 Src/usbd_desc.o
                0x00000000080078e4                USBD_FS_ProductStrDescriptor
 .text.USBD_FS_ManufacturerStrDescriptor
                0x0000000008007928       0x2c Src/usbd_desc.o
                0x0000000008007928                USBD_FS_ManufacturerStrDescriptor
 .text.USBD_FS_SerialStrDescriptor
                0x0000000008007954       0x28 Src/usbd_desc.o
                0x0000000008007954                USBD_FS_SerialStrDescriptor
 .text.USBD_FS_ConfigStrDescriptor
                0x000000000800797c       0x44 Src/usbd_desc.o
                0x000000000800797c                USBD_FS_ConfigStrDescriptor
 .text.USBD_FS_InterfaceStrDescriptor
                0x00000000080079c0       0x44 Src/usbd_desc.o
                0x00000000080079c0                USBD_FS_InterfaceStrDescriptor
 .text.Get_SerialNum
                0x0000000008007a04       0x5c Src/usbd_desc.o
 .text.IntToUnicode
                0x0000000008007a60       0x94 Src/usbd_desc.o
 .text.Reset_Handler
                0x0000000008007af4       0x50 Startup/startup_stm32l073rztx.o
                0x0000000008007af4                Reset_Handler
 .text.Default_Handler
                0x0000000008007b44        0x2 Startup/startup_stm32l073rztx.o
                0x0000000008007b44                TSC_IRQHandler
                0x0000000008007b44                ADC1_COMP_IRQHandler
                0x0000000008007b44                PVD_IRQHandler
                0x0000000008007b44                I2C1_IRQHandler
                0x0000000008007b44                RCC_CRS_IRQHandler
                0x0000000008007b44                SPI1_IRQHandler
                0x0000000008007b44                TIM6_DAC_IRQHandler
                0x0000000008007b44                EXTI2_3_IRQHandler
                0x0000000008007b44                I2C2_IRQHandler
                0x0000000008007b44                RTC_IRQHandler
                0x0000000008007b44                LCD_IRQHandler
                0x0000000008007b44                DMA1_Channel4_5_6_7_IRQHandler
                0x0000000008007b44                TIM3_IRQHandler
                0x0000000008007b44                DMA1_Channel1_IRQHandler
                0x0000000008007b44                USART4_5_IRQHandler
                0x0000000008007b44                Default_Handler
                0x0000000008007b44                TIM22_IRQHandler
                0x0000000008007b44                TIM7_IRQHandler
                0x0000000008007b44                EXTI0_1_IRQHandler
                0x0000000008007b44                I2C3_IRQHandler
                0x0000000008007b44                SPI2_IRQHandler
                0x0000000008007b44                TIM21_IRQHandler
                0x0000000008007b44                WWDG_IRQHandler
                0x0000000008007b44                TIM2_IRQHandler
                0x0000000008007b44                DMA1_Channel2_3_IRQHandler
                0x0000000008007b44                USART2_IRQHandler
                0x0000000008007b44                FLASH_IRQHandler
                0x0000000008007b44                USART1_IRQHandler
                0x0000000008007b44                RNG_LPUART1_IRQHandler
                0x0000000008007b44                LPTIM1_IRQHandler
 *fill*         0x0000000008007b46        0x2 
 .text.__errno  0x0000000008007b48        0xc /opt/st/stm32cubeide_1.2.0/plugins/com.st.stm32cube.ide.mcu.externaltools.gnu-tools-for-stm32.7-2018-q2-update.linux64_1.0.0.201904181610/tools/bin/../lib/gcc/arm-none-eabi/7.3.1/../../../../arm-none-eabi/lib/thumb/v6-m/libc_nano.a(lib_a-errno.o)
                0x0000000008007b48                __errno
 .text.__libc_init_array
                0x0000000008007b54       0x48 /opt/st/stm32cubeide_1.2.0/plugins/com.st.stm32cube.ide.mcu.externaltools.gnu-tools-for-stm32.7-2018-q2-update.linux64_1.0.0.201904181610/tools/bin/../lib/gcc/arm-none-eabi/7.3.1/../../../../arm-none-eabi/lib/thumb/v6-m/libc_nano.a(lib_a-init.o)
                0x0000000008007b54                __libc_init_array
 .text.memcpy   0x0000000008007b9c       0x12 /opt/st/stm32cubeide_1.2.0/plugins/com.st.stm32cube.ide.mcu.externaltools.gnu-tools-for-stm32.7-2018-q2-update.linux64_1.0.0.201904181610/tools/bin/../lib/gcc/arm-none-eabi/7.3.1/../../../../arm-none-eabi/lib/thumb/v6-m/libc_nano.a(lib_a-memcpy-stub.o)
                0x0000000008007b9c                memcpy
 .text.memset   0x0000000008007bae       0x10 /opt/st/stm32cubeide_1.2.0/plugins/com.st.stm32cube.ide.mcu.externaltools.gnu-tools-for-stm32.7-2018-q2-update.linux64_1.0.0.201904181610/tools/bin/../lib/gcc/arm-none-eabi/7.3.1/../../../../arm-none-eabi/lib/thumb/v6-m/libc_nano.a(lib_a-memset.o)
                0x0000000008007bae                memset
 *fill*         0x0000000008007bbe        0x2 
 .text.snprintf
                0x0000000008007bc0       0x64 /opt/st/stm32cubeide_1.2.0/plugins/com.st.stm32cube.ide.mcu.externaltools.gnu-tools-for-stm32.7-2018-q2-update.linux64_1.0.0.201904181610/tools/bin/../lib/gcc/arm-none-eabi/7.3.1/../../../../arm-none-eabi/lib/thumb/v6-m/libc_nano.a(lib_a-snprintf.o)
                0x0000000008007bc0                snprintf
                0x0000000008007bc0                sniprintf
 .text.strncmp  0x0000000008007c24       0x22 /opt/st/stm32cubeide_1.2.0/plugins/com.st.stm32cube.ide.mcu.externaltools.gnu-tools-for-stm32.7-2018-q2-update.linux64_1.0.0.201904181610/tools/bin/../lib/gcc/arm-none-eabi/7.3.1/../../../../arm-none-eabi/lib/thumb/v6-m/libc_nano.a(lib_a-strncmp.o)
                0x0000000008007c24                strncmp
 *fill*         0x0000000008007c46        0x2 
 .text.__ssputs_r
                0x0000000008007c48       0xc4 /opt/st/stm32cubeide_1.2.0/plugins/com.st.stm32cube.ide.mcu.externaltools.gnu-tools-for-stm32.7-2018-q2-update.linux64_1.0.0.201904181610/tools/bin/../lib/gcc/arm-none-eabi/7.3.1/../../../../arm-none-eabi/lib/thumb/v6-m/libc_nano.a(lib_a-nano-svfprintf.o)
                0x0000000008007c48                __ssputs_r
 .text._svfprintf_r
                0x0000000008007d0c      0x1fc /opt/st/stm32cubeide_1.2.0/plugins/com.st.stm32cube.ide.mcu.externaltools.gnu-tools-for-stm32.7-2018-q2-update.linux64_1.0.0.201904181610/tools/bin/../lib/gcc/arm-none-eabi/7.3.1/../../../../arm-none-eabi/lib/thumb/v6-m/libc_nano.a(lib_a-nano-svfprintf.o)
                0x0000000008007d0c                _svfprintf_r
                0x0000000008007d0c                _svfiprintf_r
 .text._printf_common
                0x0000000008007f08       0xda /opt/st/stm32cubeide_1.2.0/plugins/com.st.stm32cube.ide.mcu.externaltools.gnu-tools-for-stm32.7-2018-q2-update.linux64_1.0.0.201904181610/tools/bin/../lib/gcc/arm-none-eabi/7.3.1/../../../../arm-none-eabi/lib/thumb/v6-m/libc_nano.a(lib_a-nano-vfprintf_i.o)
                0x0000000008007f08                _printf_common
 *fill*         0x0000000008007fe2        0x2 
 .text._printf_i
                0x0000000008007fe4      0x210 /opt/st/stm32cubeide_1.2.0/plugins/com.st.stm32cube.ide.mcu.externaltools.gnu-tools-for-stm32.7-2018-q2-update.linux64_1.0.0.201904181610/tools/bin/../lib/gcc/arm-none-eabi/7.3.1/../../../../arm-none-eabi/lib/thumb/v6-m/libc_nano.a(lib_a-nano-vfprintf_i.o)
                0x0000000008007fe4                _printf_i
 .text.memchr   0x00000000080081f4       0x16 /opt/st/stm32cubeide_1.2.0/plugins/com.st.stm32cube.ide.mcu.externaltools.gnu-tools-for-stm32.7-2018-q2-update.linux64_1.0.0.201904181610/tools/bin/../lib/gcc/arm-none-eabi/7.3.1/../../../../arm-none-eabi/lib/thumb/v6-m/libc_nano.a(lib_a-memchr-stub.o)
                0x00000000080081f4                memchr
 .text.memmove  0x000000000800820a       0x26 /opt/st/stm32cubeide_1.2.0/plugins/com.st.stm32cube.ide.mcu.externaltools.gnu-tools-for-stm32.7-2018-q2-update.linux64_1.0.0.201904181610/tools/bin/../lib/gcc/arm-none-eabi/7.3.1/../../../../arm-none-eabi/lib/thumb/v6-m/libc_nano.a(lib_a-memmove.o)
                0x000000000800820a                memmove
 .text._free_r  0x0000000008008230       0x94 /opt/st/stm32cubeide_1.2.0/plugins/com.st.stm32cube.ide.mcu.externaltools.gnu-tools-for-stm32.7-2018-q2-update.linux64_1.0.0.201904181610/tools/bin/../lib/gcc/arm-none-eabi/7.3.1/../../../../arm-none-eabi/lib/thumb/v6-m/libc_nano.a(lib_a-nano-freer.o)
                0x0000000008008230                _free_r
 .text._malloc_r
                0x00000000080082c4       0xbc /opt/st/stm32cubeide_1.2.0/plugins/com.st.stm32cube.ide.mcu.externaltools.gnu-tools-for-stm32.7-2018-q2-update.linux64_1.0.0.201904181610/tools/bin/../lib/gcc/arm-none-eabi/7.3.1/../../../../arm-none-eabi/lib/thumb/v6-m/libc_nano.a(lib_a-nano-mallocr.o)
                0x00000000080082c4                _malloc_r
 .text._realloc_r
                0x0000000008008380       0x4c /opt/st/stm32cubeide_1.2.0/plugins/com.st.stm32cube.ide.mcu.externaltools.gnu-tools-for-stm32.7-2018-q2-update.linux64_1.0.0.201904181610/tools/bin/../lib/gcc/arm-none-eabi/7.3.1/../../../../arm-none-eabi/lib/thumb/v6-m/libc_nano.a(lib_a-nano-reallocr.o)
                0x0000000008008380                _realloc_r
 .text._sbrk_r  0x00000000080083cc       0x24 /opt/st/stm32cubeide_1.2.0/plugins/com.st.stm32cube.ide.mcu.externaltools.gnu-tools-for-stm32.7-2018-q2-update.linux64_1.0.0.201904181610/tools/bin/../lib/gcc/arm-none-eabi/7.3.1/../../../../arm-none-eabi/lib/thumb/v6-m/libc_nano.a(lib_a-sbrkr.o)
                0x00000000080083cc                _sbrk_r
 .text.__malloc_lock
                0x00000000080083f0        0x2 /opt/st/stm32cubeide_1.2.0/plugins/com.st.stm32cube.ide.mcu.externaltools.gnu-tools-for-stm32.7-2018-q2-update.linux64_1.0.0.201904181610/tools/bin/../lib/gcc/arm-none-eabi/7.3.1/../../../../arm-none-eabi/lib/thumb/v6-m/libc_nano.a(lib_a-mlock.o)
                0x00000000080083f0                __malloc_lock
 .text.__malloc_unlock
                0x00000000080083f2        0x2 /opt/st/stm32cubeide_1.2.0/plugins/com.st.stm32cube.ide.mcu.externaltools.gnu-tools-for-stm32.7-2018-q2-update.linux64_1.0.0.201904181610/tools/bin/../lib/gcc/arm-none-eabi/7.3.1/../../../../arm-none-eabi/lib/thumb/v6-m/libc_nano.a(lib_a-mlock.o)
                0x00000000080083f2                __malloc_unlock
 .text._malloc_usable_size_r
                0x00000000080083f4       0x10 /opt/st/stm32cubeide_1.2.0/plugins/com.st.stm32cube.ide.mcu.externaltools.gnu-tools-for-stm32.7-2018-q2-update.linux64_1.0.0.201904181610/tools/bin/../lib/gcc/arm-none-eabi/7.3.1/../../../../arm-none-eabi/lib/thumb/v6-m/libc_nano.a(lib_a-nano-msizer.o)
                0x00000000080083f4                _malloc_usable_size_r
 *(.glue_7)
 .glue_7        0x0000000008008404        0x0 linker stubs
 *(.glue_7t)
 .glue_7t       0x0000000008008404        0x0 linker stubs
 *(.eh_frame)
 .eh_frame      0x0000000008008404        0x0 /opt/st/stm32cubeide_1.2.0/plugins/com.st.stm32cube.ide.mcu.externaltools.gnu-tools-for-stm32.7-2018-q2-update.linux64_1.0.0.201904181610/tools/bin/../lib/gcc/arm-none-eabi/7.3.1/thumb/v6-m/crtbegin.o
 *(.init)
 .init          0x0000000008008404        0x4 /opt/st/stm32cubeide_1.2.0/plugins/com.st.stm32cube.ide.mcu.externaltools.gnu-tools-for-stm32.7-2018-q2-update.linux64_1.0.0.201904181610/tools/bin/../lib/gcc/arm-none-eabi/7.3.1/thumb/v6-m/crti.o
                0x0000000008008404                _init
 .init          0x0000000008008408        0x8 /opt/st/stm32cubeide_1.2.0/plugins/com.st.stm32cube.ide.mcu.externaltools.gnu-tools-for-stm32.7-2018-q2-update.linux64_1.0.0.201904181610/tools/bin/../lib/gcc/arm-none-eabi/7.3.1/thumb/v6-m/crtn.o
 *(.fini)
 .fini          0x0000000008008410        0x4 /opt/st/stm32cubeide_1.2.0/plugins/com.st.stm32cube.ide.mcu.externaltools.gnu-tools-for-stm32.7-2018-q2-update.linux64_1.0.0.201904181610/tools/bin/../lib/gcc/arm-none-eabi/7.3.1/thumb/v6-m/crti.o
                0x0000000008008410                _fini
 .fini          0x0000000008008414        0x8 /opt/st/stm32cubeide_1.2.0/plugins/com.st.stm32cube.ide.mcu.externaltools.gnu-tools-for-stm32.7-2018-q2-update.linux64_1.0.0.201904181610/tools/bin/../lib/gcc/arm-none-eabi/7.3.1/thumb/v6-m/crtn.o
                0x000000000800841c                . = ALIGN (0x4)
                0x000000000800841c                _etext = .

.vfp11_veneer   0x000000000800841c        0x0
 .vfp11_veneer  0x000000000800841c        0x0 linker stubs

.v4_bx          0x000000000800841c        0x0
 .v4_bx         0x000000000800841c        0x0 linker stubs

.iplt           0x000000000800841c        0x0
 .iplt          0x000000000800841c        0x0 /opt/st/stm32cubeide_1.2.0/plugins/com.st.stm32cube.ide.mcu.externaltools.gnu-tools-for-stm32.7-2018-q2-update.linux64_1.0.0.201904181610/tools/bin/../lib/gcc/arm-none-eabi/7.3.1/thumb/v6-m/crtbegin.o

.rodata         0x000000000800841c      0xc40
                0x000000000800841c                . = ALIGN (0x4)
 *(.rodata)
 .rodata        0x000000000800841c      0x53c Src/game.o
 .rodata        0x0000000008008958       0xca Src/lexer.o
 *fill*         0x0000000008008a22        0x2 
 .rodata        0x0000000008008a24       0x34 Src/power.o
 .rodata        0x0000000008008a58        0x7 Src/usbd_cdc_if.o
 *fill*         0x0000000008008a5f        0x1 
 .rodata        0x0000000008008a60       0x2e Src/usbd_desc.o
 *(.rodata*)
 *fill*         0x0000000008008a8e        0x2 
 .rodata.USBD_StdDevReq
                0x0000000008008a90       0x28 Middlewares/ST/STM32_USB_Device_Library/Core/Src/usbd_ctlreq.o
 .rodata.USBD_GetDescriptor
                0x0000000008008ab8       0x38 Middlewares/ST/STM32_USB_Device_Library/Core/Src/usbd_ctlreq.o
 .rodata.itm_totem_name
                0x0000000008008af0        0xe Src/items.o
                0x0000000008008af0                itm_totem_name
 *fill*         0x0000000008008afe        0x2 
 .rodata.itm_paper_name
                0x0000000008008b00        0xe Src/items.o
                0x0000000008008b00                itm_paper_name
 *fill*         0x0000000008008b0e        0x2 
 .rodata.itm_tpaper1_name
                0x0000000008008b10       0x1a Src/items.o
                0x0000000008008b10                itm_tpaper1_name
 *fill*         0x0000000008008b2a        0x2 
 .rodata.itm_tpaper2_name
                0x0000000008008b2c       0x1a Src/items.o
                0x0000000008008b2c                itm_tpaper2_name
 *fill*         0x0000000008008b46        0x2 
 .rodata.itm_blank_seen
                0x0000000008008b48        0x1 Src/items.o
                0x0000000008008b48                itm_blank_seen
 *fill*         0x0000000008008b49        0x3 
 .rodata.itm_tpaper1_seen
                0x0000000008008b4c       0x36 Src/items.o
                0x0000000008008b4c                itm_tpaper1_seen
 *fill*         0x0000000008008b82        0x2 
 .rodata.itm_tpaper2_seen
                0x0000000008008b84       0x4a Src/items.o
                0x0000000008008b84                itm_tpaper2_seen
 *fill*         0x0000000008008bce        0x2 
 .rodata.itm_totem_exmn
                0x0000000008008bd0       0x65 Src/items.o
                0x0000000008008bd0                itm_totem_exmn
 *fill*         0x0000000008008c35        0x3 
 .rodata.itm_tpaper1_exmn
                0x0000000008008c38       0x40 Src/items.o
                0x0000000008008c38                itm_tpaper1_exmn
 .rodata.itm_tpaper2_exmn
                0x0000000008008c78       0x41 Src/items.o
                0x0000000008008c78                itm_tpaper2_exmn
 *fill*         0x0000000008008cb9        0x3 
 .rodata.itm_paper_exmn
                0x0000000008008cbc       0x83 Src/items.o
                0x0000000008008cbc                itm_paper_exmn
 *fill*         0x0000000008008d3f        0x1 
 .rodata.obj_startroomdial_name
                0x0000000008008d40        0xc Src/objects.o
                0x0000000008008d40                obj_startroomdial_name
 .rodata.obj_startroomdial_seen
                0x0000000008008d4c       0x28 Src/objects.o
                0x0000000008008d4c                obj_startroomdial_seen
 .rodata.obj_startroomdial_examine
                0x0000000008008d74       0x2c Src/objects.o
                0x0000000008008d74                obj_startroomdial_examine
 .rodata.rm_name_startroom
                0x0000000008008da0        0xb Src/rooms.o
                0x0000000008008da0                rm_name_startroom
 *fill*         0x0000000008008dab        0x1 
 .rodata.rm_name_rfciphr1
                0x0000000008008dac        0xe Src/rooms.o
                0x0000000008008dac                rm_name_rfciphr1
 *fill*         0x0000000008008dba        0x2 
 .rodata.rm_name_rfciphr2
                0x0000000008008dbc        0xe Src/rooms.o
                0x0000000008008dbc                rm_name_rfciphr2
 *fill*         0x0000000008008dca        0x2 
 .rodata.rm_flvr_startoom
                0x0000000008008dcc       0x84 Src/rooms.o
                0x0000000008008dcc                rm_flvr_startoom
 .rodata.rm_flvr_rfciphr1
                0x0000000008008e50       0x99 Src/rooms.o
                0x0000000008008e50                rm_flvr_rfciphr1
 *fill*         0x0000000008008ee9        0x3 
 .rodata.rm_flvr_rfciphr2
                0x0000000008008eec       0x8d Src/rooms.o
                0x0000000008008eec                rm_flvr_rfciphr2
 *fill*         0x0000000008008f79        0x3 
 .rodata.AHBPrescTable
                0x0000000008008f7c       0x10 Src/system_stm32l0xx.o
                0x0000000008008f7c                AHBPrescTable
 .rodata.PLLMulTable
                0x0000000008008f8c        0x9 Src/system_stm32l0xx.o
                0x0000000008008f8c                PLLMulTable
 *fill*         0x0000000008008f95        0x3 
 .rodata.CDC_Control_FS
                0x0000000008008f98       0x90 Src/usbd_cdc_if.o
 .rodata._svfprintf_r.str1.1
                0x0000000008009028       0x11 /opt/st/stm32cubeide_1.2.0/plugins/com.st.stm32cube.ide.mcu.externaltools.gnu-tools-for-stm32.7-2018-q2-update.linux64_1.0.0.201904181610/tools/bin/../lib/gcc/arm-none-eabi/7.3.1/../../../../arm-none-eabi/lib/thumb/v6-m/libc_nano.a(lib_a-nano-svfprintf.o)
 .rodata._printf_i.str1.1
                0x0000000008009039       0x22 /opt/st/stm32cubeide_1.2.0/plugins/com.st.stm32cube.ide.mcu.externaltools.gnu-tools-for-stm32.7-2018-q2-update.linux64_1.0.0.201904181610/tools/bin/../lib/gcc/arm-none-eabi/7.3.1/../../../../arm-none-eabi/lib/thumb/v6-m/libc_nano.a(lib_a-nano-vfprintf_i.o)
                0x000000000800905c                . = ALIGN (0x4)
 *fill*         0x000000000800905b        0x1 

.rel.dyn        0x000000000800905c        0x0
 .rel.iplt      0x000000000800905c        0x0 /opt/st/stm32cubeide_1.2.0/plugins/com.st.stm32cube.ide.mcu.externaltools.gnu-tools-for-stm32.7-2018-q2-update.linux64_1.0.0.201904181610/tools/bin/../lib/gcc/arm-none-eabi/7.3.1/thumb/v6-m/crtbegin.o

.ARM.extab      0x000000000800905c        0x0
                0x000000000800905c                . = ALIGN (0x4)
 *(.ARM.extab* .gnu.linkonce.armextab.*)
                0x000000000800905c                . = ALIGN (0x4)

.ARM            0x000000000800905c        0x0
                0x000000000800905c                . = ALIGN (0x4)
                0x000000000800905c                __exidx_start = .
 *(.ARM.exidx*)
                0x000000000800905c                __exidx_end = .
                0x000000000800905c                . = ALIGN (0x4)

.preinit_array  0x000000000800905c        0x0
                0x000000000800905c                . = ALIGN (0x4)
                0x000000000800905c                PROVIDE (__preinit_array_start = .)
 *(.preinit_array*)
                0x000000000800905c                PROVIDE (__preinit_array_end = .)
                0x000000000800905c                . = ALIGN (0x4)

.init_array     0x000000000800905c        0x4
                0x000000000800905c                . = ALIGN (0x4)
                0x000000000800905c                PROVIDE (__init_array_start = .)
 *(SORT_BY_NAME(.init_array.*))
 *(.init_array*)
 .init_array    0x000000000800905c        0x4 /opt/st/stm32cubeide_1.2.0/plugins/com.st.stm32cube.ide.mcu.externaltools.gnu-tools-for-stm32.7-2018-q2-update.linux64_1.0.0.201904181610/tools/bin/../lib/gcc/arm-none-eabi/7.3.1/thumb/v6-m/crtbegin.o
                0x0000000008009060                PROVIDE (__init_array_end = .)
                0x0000000008009060                . = ALIGN (0x4)

.fini_array     0x0000000008009060        0x4
                0x0000000008009060                . = ALIGN (0x4)
                [!provide]                        PROVIDE (__fini_array_start = .)
 *(SORT_BY_NAME(.fini_array.*))
 *(.fini_array*)
 .fini_array    0x0000000008009060        0x4 /opt/st/stm32cubeide_1.2.0/plugins/com.st.stm32cube.ide.mcu.externaltools.gnu-tools-for-stm32.7-2018-q2-update.linux64_1.0.0.201904181610/tools/bin/../lib/gcc/arm-none-eabi/7.3.1/thumb/v6-m/crtbegin.o
                [!provide]                        PROVIDE (__fini_array_end = .)
                0x0000000008009064                . = ALIGN (0x4)
                0x0000000008009064                _sidata = LOADADDR (.data)

.data           0x0000000020000000      0x1dc load address 0x0000000008009064
                0x0000000020000000                . = ALIGN (0x4)
                0x0000000020000000                _sdata = .
 *(.data)
 *(.data*)
 .data.USBD_CDC_DeviceQualifierDesc
                0x0000000020000000        0xa Middlewares/ST/STM32_USB_Device_Library/Class/CDC/Src/usbd_cdc.o
 *fill*         0x000000002000000a        0x2 
 .data.USBD_CDC
                0x000000002000000c       0x38 Middlewares/ST/STM32_USB_Device_Library/Class/CDC/Src/usbd_cdc.o
                0x000000002000000c                USBD_CDC
 .data.USBD_CDC_CfgHSDesc
                0x0000000020000044       0x43 Middlewares/ST/STM32_USB_Device_Library/Class/CDC/Src/usbd_cdc.o
                0x0000000020000044                USBD_CDC_CfgHSDesc
 *fill*         0x0000000020000087        0x1 
 .data.USBD_CDC_CfgFSDesc
                0x0000000020000088       0x43 Middlewares/ST/STM32_USB_Device_Library/Class/CDC/Src/usbd_cdc.o
                0x0000000020000088                USBD_CDC_CfgFSDesc
 *fill*         0x00000000200000cb        0x1 
 .data.USBD_CDC_OtherSpeedCfgDesc
                0x00000000200000cc       0x43 Middlewares/ST/STM32_USB_Device_Library/Class/CDC/Src/usbd_cdc.o
                0x00000000200000cc                USBD_CDC_OtherSpeedCfgDesc
 *fill*         0x000000002000010f        0x1 
 .data.SystemCoreClock
                0x0000000020000110        0x4 Src/system_stm32l0xx.o
                0x0000000020000110                SystemCoreClock
 .data.LocalEcho
                0x0000000020000114        0x1 Src/usbd_cdc_if.o
                0x0000000020000114                LocalEcho
 *fill*         0x0000000020000115        0x3 
 .data.USBD_Interface_fops_FS
                0x0000000020000118       0x10 Src/usbd_cdc_if.o
                0x0000000020000118                USBD_Interface_fops_FS
 .data.FS_Desc  0x0000000020000128       0x1c Src/usbd_desc.o
                0x0000000020000128                FS_Desc
 .data.USBD_FS_DeviceDesc
                0x0000000020000144       0x12 Src/usbd_desc.o
                0x0000000020000144                USBD_FS_DeviceDesc
 *fill*         0x0000000020000156        0x2 
 .data.USBD_LangIDDesc
                0x0000000020000158        0x4 Src/usbd_desc.o
                0x0000000020000158                USBD_LangIDDesc
 .data.USBD_StringSerial
                0x000000002000015c       0x1a Src/usbd_desc.o
                0x000000002000015c                USBD_StringSerial
 *fill*         0x0000000020000176        0x2 
 .data._impure_ptr
                0x0000000020000178        0x4 /opt/st/stm32cubeide_1.2.0/plugins/com.st.stm32cube.ide.mcu.externaltools.gnu-tools-for-stm32.7-2018-q2-update.linux64_1.0.0.201904181610/tools/bin/../lib/gcc/arm-none-eabi/7.3.1/../../../../arm-none-eabi/lib/thumb/v6-m/libc_nano.a(lib_a-impure.o)
                0x0000000020000178                _impure_ptr
 .data.impure_data
                0x000000002000017c       0x60 /opt/st/stm32cubeide_1.2.0/plugins/com.st.stm32cube.ide.mcu.externaltools.gnu-tools-for-stm32.7-2018-q2-update.linux64_1.0.0.201904181610/tools/bin/../lib/gcc/arm-none-eabi/7.3.1/../../../../arm-none-eabi/lib/thumb/v6-m/libc_nano.a(lib_a-impure.o)
                0x00000000200001dc                . = ALIGN (0x4)
                0x00000000200001dc                _edata = .

.igot.plt       0x00000000200001dc        0x0 load address 0x0000000008009240
 .igot.plt      0x00000000200001dc        0x0 /opt/st/stm32cubeide_1.2.0/plugins/com.st.stm32cube.ide.mcu.externaltools.gnu-tools-for-stm32.7-2018-q2-update.linux64_1.0.0.201904181610/tools/bin/../lib/gcc/arm-none-eabi/7.3.1/thumb/v6-m/crtbegin.o
                0x00000000200001dc                . = ALIGN (0x4)

.bss            0x00000000200001dc      0xfd4 load address 0x0000000008009240
                0x00000000200001dc                _sbss = .
                0x00000000200001dc                __bss_start__ = _sbss
 *(.bss)
 .bss           0x00000000200001dc       0x1c /opt/st/stm32cubeide_1.2.0/plugins/com.st.stm32cube.ide.mcu.externaltools.gnu-tools-for-stm32.7-2018-q2-update.linux64_1.0.0.201904181610/tools/bin/../lib/gcc/arm-none-eabi/7.3.1/thumb/v6-m/crtbegin.o
 *(.bss*)
 .bss.cfgidx.7767
                0x00000000200001f8        0x1 Middlewares/ST/STM32_USB_Device_Library/Core/Src/usbd_ctlreq.o
 .bss.stopState
                0x00000000200001f9        0x1 Src/main.o
                0x00000000200001f9                stopState
 *fill*         0x00000000200001fa        0x2 
 .bss.heap_end.5149
                0x00000000200001fc        0x4 Src/sysmem.o
 .bss.UserDataReady
                0x0000000020000200        0x1 Src/usbd_cdc_if.o
                0x0000000020000200                UserDataReady
 .bss.UserDataIndex
                0x0000000020000201        0x1 Src/usbd_cdc_if.o
                0x0000000020000201                UserDataIndex
 *fill*         0x0000000020000202        0x2 
 .bss.mem.7836  0x0000000020000204      0x220 Src/usbd_conf.o
 .bss.__malloc_free_list
                0x0000000020000424        0x4 /opt/st/stm32cubeide_1.2.0/plugins/com.st.stm32cube.ide.mcu.externaltools.gnu-tools-for-stm32.7-2018-q2-update.linux64_1.0.0.201904181610/tools/bin/../lib/gcc/arm-none-eabi/7.3.1/../../../../arm-none-eabi/lib/thumb/v6-m/libc_nano.a(lib_a-nano-mallocr.o)
                0x0000000020000424                __malloc_free_list
 .bss.__malloc_sbrk_start
                0x0000000020000428        0x4 /opt/st/stm32cubeide_1.2.0/plugins/com.st.stm32cube.ide.mcu.externaltools.gnu-tools-for-stm32.7-2018-q2-update.linux64_1.0.0.201904181610/tools/bin/../lib/gcc/arm-none-eabi/7.3.1/../../../../arm-none-eabi/lib/thumb/v6-m/libc_nano.a(lib_a-nano-mallocr.o)
                0x0000000020000428                __malloc_sbrk_start
 *(COMMON)
 COMMON         0x000000002000042c        0x4 Drivers/STM32L0xx_HAL_Driver/Src/stm32l0xx_hal.o
                0x000000002000042c                uwTick
 COMMON         0x0000000020000430      0x41a Src/game.o
                0x0000000020000430                current_room
                0x0000000020000434                game_tokens
                0x0000000020000438                game_itms
                0x0000000020000444                current_state
                0x0000000020000448                game_output_buffer
                0x0000000020000648                UserTxBufferFS
                0x0000000020000848                totem_level
                0x0000000020000849                totem_state
 *fill*         0x000000002000084a        0x2 
 COMMON         0x000000002000084c       0x40 Src/items.o
                0x000000002000084c                itm_paper
                0x000000002000085c                itm_tpaper1
                0x000000002000086c                itm_totem
                0x000000002000087c                itm_tpaper2
 COMMON         0x000000002000088c       0x4c Src/main.o
                0x000000002000088c                hi2c1
 COMMON         0x00000000200008d8       0x14 Src/objects.o
                0x00000000200008d8                obj_startroomdial
                0x00000000200008e8                game_objs
 COMMON         0x00000000200008ec       0xac Src/rooms.o
                0x00000000200008ec                game_rooms
                0x0000000020000908                rm_rfciphr1
                0x0000000020000934                rm_startroom
                0x0000000020000960                rm_rfciphr2_itms
                0x0000000020000964                rm_rfciphr1_itms
                0x0000000020000968                rm_startroom_objs
                0x000000002000096c                rm_rfciphr2
 COMMON         0x0000000020000998      0x29c Src/usb_device.o
                0x0000000020000998                hUsbDeviceFS
 COMMON         0x0000000020000c34      0x104 Src/usbd_cdc_if.o
                0x0000000020000c34                UserRxBufferFS
                0x0000000020000c38                UserData
 COMMON         0x0000000020000d38      0x274 Src/usbd_conf.o
                0x0000000020000d38                hpcd_USB_FS
 COMMON         0x0000000020000fac      0x200 Src/usbd_desc.o
                0x0000000020000fac                USBD_StrDesc
 COMMON         0x00000000200011ac        0x4 /opt/st/stm32cubeide_1.2.0/plugins/com.st.stm32cube.ide.mcu.externaltools.gnu-tools-for-stm32.7-2018-q2-update.linux64_1.0.0.201904181610/tools/bin/../lib/gcc/arm-none-eabi/7.3.1/../../../../arm-none-eabi/lib/thumb/v6-m/libc_nano.a(lib_a-reent.o)
                0x00000000200011ac                errno
                0x00000000200011b0                . = ALIGN (0x4)
                0x00000000200011b0                _ebss = .
                0x00000000200011b0                __bss_end__ = _ebss

._user_heap_stack
                0x00000000200011b0      0x600 load address 0x0000000008009240
                0x00000000200011b0                . = ALIGN (0x8)
                0x00000000200011b0                PROVIDE (end = .)
                [!provide]                        PROVIDE (_end = .)
                0x00000000200013b0                . = (. + _Min_Heap_Size)
 *fill*         0x00000000200011b0      0x200 
                0x00000000200017b0                . = (. + _Min_Stack_Size)
 *fill*         0x00000000200013b0      0x400 
                0x00000000200017b0                . = ALIGN (0x8)

/DISCARD/
 libc.a(*)
 libm.a(*)
 libgcc.a(*)

.ARM.attributes
                0x0000000000000000       0x28
 *(.ARM.attributes)
 .ARM.attributes
                0x0000000000000000       0x1e /opt/st/stm32cubeide_1.2.0/plugins/com.st.stm32cube.ide.mcu.externaltools.gnu-tools-for-stm32.7-2018-q2-update.linux64_1.0.0.201904181610/tools/bin/../lib/gcc/arm-none-eabi/7.3.1/thumb/v6-m/crti.o
 .ARM.attributes
                0x000000000000001e       0x2c /opt/st/stm32cubeide_1.2.0/plugins/com.st.stm32cube.ide.mcu.externaltools.gnu-tools-for-stm32.7-2018-q2-update.linux64_1.0.0.201904181610/tools/bin/../lib/gcc/arm-none-eabi/7.3.1/thumb/v6-m/crtbegin.o
 .ARM.attributes
                0x000000000000004a       0x32 Drivers/STM32L0xx_HAL_Driver/Src/stm32l0xx_hal.o
 .ARM.attributes
                0x000000000000007c       0x32 Drivers/STM32L0xx_HAL_Driver/Src/stm32l0xx_hal_cortex.o
 .ARM.attributes
                0x00000000000000ae       0x32 Drivers/STM32L0xx_HAL_Driver/Src/stm32l0xx_hal_gpio.o
 .ARM.attributes
                0x00000000000000e0       0x32 Drivers/STM32L0xx_HAL_Driver/Src/stm32l0xx_hal_i2c.o
 .ARM.attributes
                0x0000000000000112       0x32 Drivers/STM32L0xx_HAL_Driver/Src/stm32l0xx_hal_i2c_ex.o
 .ARM.attributes
                0x0000000000000144       0x32 Drivers/STM32L0xx_HAL_Driver/Src/stm32l0xx_hal_pcd.o
 .ARM.attributes
                0x0000000000000176       0x32 Drivers/STM32L0xx_HAL_Driver/Src/stm32l0xx_hal_pcd_ex.o
 .ARM.attributes
                0x00000000000001a8       0x32 Drivers/STM32L0xx_HAL_Driver/Src/stm32l0xx_hal_pwr.o
 .ARM.attributes
                0x00000000000001da       0x32 Drivers/STM32L0xx_HAL_Driver/Src/stm32l0xx_hal_rcc.o
 .ARM.attributes
                0x000000000000020c       0x32 Drivers/STM32L0xx_HAL_Driver/Src/stm32l0xx_hal_rcc_ex.o
 .ARM.attributes
                0x000000000000023e       0x32 Drivers/STM32L0xx_HAL_Driver/Src/stm32l0xx_ll_usb.o
 .ARM.attributes
                0x0000000000000270       0x32 Middlewares/ST/STM32_USB_Device_Library/Class/CDC/Src/usbd_cdc.o
 .ARM.attributes
                0x00000000000002a2       0x32 Middlewares/ST/STM32_USB_Device_Library/Core/Src/usbd_core.o
 .ARM.attributes
                0x00000000000002d4       0x32 Middlewares/ST/STM32_USB_Device_Library/Core/Src/usbd_ctlreq.o
 .ARM.attributes
                0x0000000000000306       0x32 Middlewares/ST/STM32_USB_Device_Library/Core/Src/usbd_ioreq.o
 .ARM.attributes
                0x0000000000000338       0x32 Src/game.o
 .ARM.attributes
                0x000000000000036a       0x32 Src/items.o
 .ARM.attributes
                0x000000000000039c       0x32 Src/lexer.o
 .ARM.attributes
                0x00000000000003ce       0x32 Src/main.o
 .ARM.attributes
                0x0000000000000400       0x32 Src/objects.o
 .ARM.attributes
                0x0000000000000432       0x32 Src/power.o
 .ARM.attributes
                0x0000000000000464       0x32 Src/rooms.o
 .ARM.attributes
                0x0000000000000496       0x32 Src/stm32l0xx_hal_msp.o
 .ARM.attributes
                0x00000000000004c8       0x32 Src/stm32l0xx_it.o
 .ARM.attributes
                0x00000000000004fa       0x32 Src/sysmem.o
 .ARM.attributes
                0x000000000000052c       0x32 Src/system_stm32l0xx.o
 .ARM.attributes
                0x000000000000055e       0x32 Src/usb_device.o
 .ARM.attributes
                0x0000000000000590       0x32 Src/usbd_cdc_if.o
 .ARM.attributes
                0x00000000000005c2       0x32 Src/usbd_conf.o
 .ARM.attributes
                0x00000000000005f4       0x32 Src/usbd_desc.o
 .ARM.attributes
                0x0000000000000626       0x22 Startup/startup_stm32l073rztx.o
 .ARM.attributes
                0x0000000000000648       0x2c /opt/st/stm32cubeide_1.2.0/plugins/com.st.stm32cube.ide.mcu.externaltools.gnu-tools-for-stm32.7-2018-q2-update.linux64_1.0.0.201904181610/tools/bin/../lib/gcc/arm-none-eabi/7.3.1/../../../../arm-none-eabi/lib/thumb/v6-m/libc_nano.a(lib_a-errno.o)
 .ARM.attributes
                0x0000000000000674       0x2c /opt/st/stm32cubeide_1.2.0/plugins/com.st.stm32cube.ide.mcu.externaltools.gnu-tools-for-stm32.7-2018-q2-update.linux64_1.0.0.201904181610/tools/bin/../lib/gcc/arm-none-eabi/7.3.1/../../../../arm-none-eabi/lib/thumb/v6-m/libc_nano.a(lib_a-impure.o)
 .ARM.attributes
                0x00000000000006a0       0x2c /opt/st/stm32cubeide_1.2.0/plugins/com.st.stm32cube.ide.mcu.externaltools.gnu-tools-for-stm32.7-2018-q2-update.linux64_1.0.0.201904181610/tools/bin/../lib/gcc/arm-none-eabi/7.3.1/../../../../arm-none-eabi/lib/thumb/v6-m/libc_nano.a(lib_a-init.o)
 .ARM.attributes
                0x00000000000006cc       0x2c /opt/st/stm32cubeide_1.2.0/plugins/com.st.stm32cube.ide.mcu.externaltools.gnu-tools-for-stm32.7-2018-q2-update.linux64_1.0.0.201904181610/tools/bin/../lib/gcc/arm-none-eabi/7.3.1/../../../../arm-none-eabi/lib/thumb/v6-m/libc_nano.a(lib_a-memcpy-stub.o)
 .ARM.attributes
                0x00000000000006f8       0x2c /opt/st/stm32cubeide_1.2.0/plugins/com.st.stm32cube.ide.mcu.externaltools.gnu-tools-for-stm32.7-2018-q2-update.linux64_1.0.0.201904181610/tools/bin/../lib/gcc/arm-none-eabi/7.3.1/../../../../arm-none-eabi/lib/thumb/v6-m/libc_nano.a(lib_a-memset.o)
 .ARM.attributes
                0x0000000000000724       0x2c /opt/st/stm32cubeide_1.2.0/plugins/com.st.stm32cube.ide.mcu.externaltools.gnu-tools-for-stm32.7-2018-q2-update.linux64_1.0.0.201904181610/tools/bin/../lib/gcc/arm-none-eabi/7.3.1/../../../../arm-none-eabi/lib/thumb/v6-m/libc_nano.a(lib_a-snprintf.o)
 .ARM.attributes
                0x0000000000000750       0x2c /opt/st/stm32cubeide_1.2.0/plugins/com.st.stm32cube.ide.mcu.externaltools.gnu-tools-for-stm32.7-2018-q2-update.linux64_1.0.0.201904181610/tools/bin/../lib/gcc/arm-none-eabi/7.3.1/../../../../arm-none-eabi/lib/thumb/v6-m/libc_nano.a(lib_a-strncmp.o)
 .ARM.attributes
                0x000000000000077c       0x2c /opt/st/stm32cubeide_1.2.0/plugins/com.st.stm32cube.ide.mcu.externaltools.gnu-tools-for-stm32.7-2018-q2-update.linux64_1.0.0.201904181610/tools/bin/../lib/gcc/arm-none-eabi/7.3.1/../../../../arm-none-eabi/lib/thumb/v6-m/libc_nano.a(lib_a-nano-svfprintf.o)
 .ARM.attributes
                0x00000000000007a8       0x2c /opt/st/stm32cubeide_1.2.0/plugins/com.st.stm32cube.ide.mcu.externaltools.gnu-tools-for-stm32.7-2018-q2-update.linux64_1.0.0.201904181610/tools/bin/../lib/gcc/arm-none-eabi/7.3.1/../../../../arm-none-eabi/lib/thumb/v6-m/libc_nano.a(lib_a-nano-vfprintf_i.o)
 .ARM.attributes
                0x00000000000007d4       0x2c /opt/st/stm32cubeide_1.2.0/plugins/com.st.stm32cube.ide.mcu.externaltools.gnu-tools-for-stm32.7-2018-q2-update.linux64_1.0.0.201904181610/tools/bin/../lib/gcc/arm-none-eabi/7.3.1/../../../../arm-none-eabi/lib/thumb/v6-m/libc_nano.a(lib_a-memchr-stub.o)
 .ARM.attributes
                0x0000000000000800       0x2c /opt/st/stm32cubeide_1.2.0/plugins/com.st.stm32cube.ide.mcu.externaltools.gnu-tools-for-stm32.7-2018-q2-update.linux64_1.0.0.201904181610/tools/bin/../lib/gcc/arm-none-eabi/7.3.1/../../../../arm-none-eabi/lib/thumb/v6-m/libc_nano.a(lib_a-memmove.o)
 .ARM.attributes
                0x000000000000082c       0x2c /opt/st/stm32cubeide_1.2.0/plugins/com.st.stm32cube.ide.mcu.externaltools.gnu-tools-for-stm32.7-2018-q2-update.linux64_1.0.0.201904181610/tools/bin/../lib/gcc/arm-none-eabi/7.3.1/../../../../arm-none-eabi/lib/thumb/v6-m/libc_nano.a(lib_a-nano-freer.o)
 .ARM.attributes
                0x0000000000000858       0x2c /opt/st/stm32cubeide_1.2.0/plugins/com.st.stm32cube.ide.mcu.externaltools.gnu-tools-for-stm32.7-2018-q2-update.linux64_1.0.0.201904181610/tools/bin/../lib/gcc/arm-none-eabi/7.3.1/../../../../arm-none-eabi/lib/thumb/v6-m/libc_nano.a(lib_a-nano-mallocr.o)
 .ARM.attributes
                0x0000000000000884       0x2c /opt/st/stm32cubeide_1.2.0/plugins/com.st.stm32cube.ide.mcu.externaltools.gnu-tools-for-stm32.7-2018-q2-update.linux64_1.0.0.201904181610/tools/bin/../lib/gcc/arm-none-eabi/7.3.1/../../../../arm-none-eabi/lib/thumb/v6-m/libc_nano.a(lib_a-nano-reallocr.o)
 .ARM.attributes
                0x00000000000008b0       0x2c /opt/st/stm32cubeide_1.2.0/plugins/com.st.stm32cube.ide.mcu.externaltools.gnu-tools-for-stm32.7-2018-q2-update.linux64_1.0.0.201904181610/tools/bin/../lib/gcc/arm-none-eabi/7.3.1/../../../../arm-none-eabi/lib/thumb/v6-m/libc_nano.a(lib_a-sbrkr.o)
 .ARM.attributes
                0x00000000000008dc       0x2c /opt/st/stm32cubeide_1.2.0/plugins/com.st.stm32cube.ide.mcu.externaltools.gnu-tools-for-stm32.7-2018-q2-update.linux64_1.0.0.201904181610/tools/bin/../lib/gcc/arm-none-eabi/7.3.1/../../../../arm-none-eabi/lib/thumb/v6-m/libc_nano.a(lib_a-mlock.o)
 .ARM.attributes
                0x0000000000000908       0x2c /opt/st/stm32cubeide_1.2.0/plugins/com.st.stm32cube.ide.mcu.externaltools.gnu-tools-for-stm32.7-2018-q2-update.linux64_1.0.0.201904181610/tools/bin/../lib/gcc/arm-none-eabi/7.3.1/../../../../arm-none-eabi/lib/thumb/v6-m/libc_nano.a(lib_a-nano-msizer.o)
 .ARM.attributes
                0x0000000000000934       0x2c /opt/st/stm32cubeide_1.2.0/plugins/com.st.stm32cube.ide.mcu.externaltools.gnu-tools-for-stm32.7-2018-q2-update.linux64_1.0.0.201904181610/tools/bin/../lib/gcc/arm-none-eabi/7.3.1/../../../../arm-none-eabi/lib/thumb/v6-m/libc_nano.a(lib_a-reent.o)
 .ARM.attributes
                0x0000000000000960       0x1e /opt/st/stm32cubeide_1.2.0/plugins/com.st.stm32cube.ide.mcu.externaltools.gnu-tools-for-stm32.7-2018-q2-update.linux64_1.0.0.201904181610/tools/bin/../lib/gcc/arm-none-eabi/7.3.1/thumb/v6-m/libgcc.a(_udivsi3.o)
 .ARM.attributes
                0x000000000000097e       0x1e /opt/st/stm32cubeide_1.2.0/plugins/com.st.stm32cube.ide.mcu.externaltools.gnu-tools-for-stm32.7-2018-q2-update.linux64_1.0.0.201904181610/tools/bin/../lib/gcc/arm-none-eabi/7.3.1/thumb/v6-m/libgcc.a(_dvmd_tls.o)
 .ARM.attributes
                0x000000000000099c       0x1e /opt/st/stm32cubeide_1.2.0/plugins/com.st.stm32cube.ide.mcu.externaltools.gnu-tools-for-stm32.7-2018-q2-update.linux64_1.0.0.201904181610/tools/bin/../lib/gcc/arm-none-eabi/7.3.1/thumb/v6-m/crtn.o
OUTPUT(lixie.elf elf32-littlearm)

.debug_info     0x0000000000000000    0x19e0a
 .debug_info    0x0000000000000000      0x7f2 Drivers/STM32L0xx_HAL_Driver/Src/stm32l0xx_hal.o
 .debug_info    0x00000000000007f2      0x8e5 Drivers/STM32L0xx_HAL_Driver/Src/stm32l0xx_hal_cortex.o
 .debug_info    0x00000000000010d7      0x6cb Drivers/STM32L0xx_HAL_Driver/Src/stm32l0xx_hal_gpio.o
 .debug_info    0x00000000000017a2     0x1eef Drivers/STM32L0xx_HAL_Driver/Src/stm32l0xx_hal_i2c.o
 .debug_info    0x0000000000003691      0x8e8 Drivers/STM32L0xx_HAL_Driver/Src/stm32l0xx_hal_i2c_ex.o
 .debug_info    0x0000000000003f79      0xe40 Drivers/STM32L0xx_HAL_Driver/Src/stm32l0xx_hal_pcd.o
 .debug_info    0x0000000000004db9      0x856 Drivers/STM32L0xx_HAL_Driver/Src/stm32l0xx_hal_pcd_ex.o
 .debug_info    0x000000000000560f      0x667 Drivers/STM32L0xx_HAL_Driver/Src/stm32l0xx_hal_pwr.o
 .debug_info    0x0000000000005c76      0x9a0 Drivers/STM32L0xx_HAL_Driver/Src/stm32l0xx_hal_rcc.o
 .debug_info    0x0000000000006616      0x824 Drivers/STM32L0xx_HAL_Driver/Src/stm32l0xx_hal_rcc_ex.o
 .debug_info    0x0000000000006e3a     0x14d9 Drivers/STM32L0xx_HAL_Driver/Src/stm32l0xx_ll_usb.o
 .debug_info    0x0000000000008313     0x17a3 Middlewares/ST/STM32_USB_Device_Library/Class/CDC/Src/usbd_cdc.o
 .debug_info    0x0000000000009ab6     0x119b Middlewares/ST/STM32_USB_Device_Library/Core/Src/usbd_core.o
 .debug_info    0x000000000000ac51     0x10fc Middlewares/ST/STM32_USB_Device_Library/Core/Src/usbd_ctlreq.o
 .debug_info    0x000000000000bd4d      0xefc Middlewares/ST/STM32_USB_Device_Library/Core/Src/usbd_ioreq.o
 .debug_info    0x000000000000cc49     0x1321 Src/game.o
 .debug_info    0x000000000000df6a      0xb3b Src/items.o
 .debug_info    0x000000000000eaa5      0x90e Src/lexer.o
 .debug_info    0x000000000000f3b3     0x19aa Src/main.o
 .debug_info    0x0000000000010d5d      0xa02 Src/objects.o
 .debug_info    0x000000000001175f      0xed5 Src/power.o
 .debug_info    0x0000000000012634     0x1193 Src/rooms.o
 .debug_info    0x00000000000137c7      0x8ec Src/stm32l0xx_hal_msp.o
 .debug_info    0x00000000000140b3      0x70d Src/stm32l0xx_it.o
 .debug_info    0x00000000000147c0      0x91c Src/sysmem.o
 .debug_info    0x00000000000150dc      0x390 Src/system_stm32l0xx.o
 .debug_info    0x000000000001546c      0xe66 Src/usb_device.o
 .debug_info    0x00000000000162d2     0x1195 Src/usbd_cdc_if.o
 .debug_info    0x0000000000017467     0x1ca1 Src/usbd_conf.o
 .debug_info    0x0000000000019108      0xce0 Src/usbd_desc.o
 .debug_info    0x0000000000019de8       0x22 Startup/startup_stm32l073rztx.o

.debug_abbrev   0x0000000000000000     0x3eca
 .debug_abbrev  0x0000000000000000      0x219 Drivers/STM32L0xx_HAL_Driver/Src/stm32l0xx_hal.o
 .debug_abbrev  0x0000000000000219      0x261 Drivers/STM32L0xx_HAL_Driver/Src/stm32l0xx_hal_cortex.o
 .debug_abbrev  0x000000000000047a      0x1c0 Drivers/STM32L0xx_HAL_Driver/Src/stm32l0xx_hal_gpio.o
 .debug_abbrev  0x000000000000063a      0x239 Drivers/STM32L0xx_HAL_Driver/Src/stm32l0xx_hal_i2c.o
 .debug_abbrev  0x0000000000000873      0x1b0 Drivers/STM32L0xx_HAL_Driver/Src/stm32l0xx_hal_i2c_ex.o
 .debug_abbrev  0x0000000000000a23      0x263 Drivers/STM32L0xx_HAL_Driver/Src/stm32l0xx_hal_pcd.o
 .debug_abbrev  0x0000000000000c86      0x1eb Drivers/STM32L0xx_HAL_Driver/Src/stm32l0xx_hal_pcd_ex.o
 .debug_abbrev  0x0000000000000e71      0x19a Drivers/STM32L0xx_HAL_Driver/Src/stm32l0xx_hal_pwr.o
 .debug_abbrev  0x000000000000100b      0x21a Drivers/STM32L0xx_HAL_Driver/Src/stm32l0xx_hal_rcc.o
 .debug_abbrev  0x0000000000001225      0x1ea Drivers/STM32L0xx_HAL_Driver/Src/stm32l0xx_hal_rcc_ex.o
 .debug_abbrev  0x000000000000140f      0x239 Drivers/STM32L0xx_HAL_Driver/Src/stm32l0xx_ll_usb.o
 .debug_abbrev  0x0000000000001648      0x2c7 Middlewares/ST/STM32_USB_Device_Library/Class/CDC/Src/usbd_cdc.o
 .debug_abbrev  0x000000000000190f      0x281 Middlewares/ST/STM32_USB_Device_Library/Core/Src/usbd_core.o
 .debug_abbrev  0x0000000000001b90      0x2b1 Middlewares/ST/STM32_USB_Device_Library/Core/Src/usbd_ctlreq.o
 .debug_abbrev  0x0000000000001e41      0x1f1 Middlewares/ST/STM32_USB_Device_Library/Core/Src/usbd_ioreq.o
 .debug_abbrev  0x0000000000002032      0x2cb Src/game.o
 .debug_abbrev  0x00000000000022fd      0x1c4 Src/items.o
 .debug_abbrev  0x00000000000024c1      0x194 Src/lexer.o
 .debug_abbrev  0x0000000000002655      0x271 Src/main.o
 .debug_abbrev  0x00000000000028c6      0x1c4 Src/objects.o
 .debug_abbrev  0x0000000000002a8a      0x1e3 Src/power.o
 .debug_abbrev  0x0000000000002c6d      0x226 Src/rooms.o
 .debug_abbrev  0x0000000000002e93      0x19d Src/stm32l0xx_hal_msp.o
 .debug_abbrev  0x0000000000003030      0x166 Src/stm32l0xx_it.o
 .debug_abbrev  0x0000000000003196      0x1bb Src/sysmem.o
 .debug_abbrev  0x0000000000003351      0x111 Src/system_stm32l0xx.o
 .debug_abbrev  0x0000000000003462      0x1c7 Src/usb_device.o
 .debug_abbrev  0x0000000000003629      0x306 Src/usbd_cdc_if.o
 .debug_abbrev  0x000000000000392f      0x2e8 Src/usbd_conf.o
 .debug_abbrev  0x0000000000003c17      0x2a1 Src/usbd_desc.o
 .debug_abbrev  0x0000000000003eb8       0x12 Startup/startup_stm32l073rztx.o

.debug_aranges  0x0000000000000000     0x1008
 .debug_aranges
                0x0000000000000000       0xf8 Drivers/STM32L0xx_HAL_Driver/Src/stm32l0xx_hal.o
 .debug_aranges
                0x00000000000000f8       0xd8 Drivers/STM32L0xx_HAL_Driver/Src/stm32l0xx_hal_cortex.o
 .debug_aranges
                0x00000000000001d0       0x58 Drivers/STM32L0xx_HAL_Driver/Src/stm32l0xx_hal_gpio.o
 .debug_aranges
                0x0000000000000228      0x288 Drivers/STM32L0xx_HAL_Driver/Src/stm32l0xx_hal_i2c.o
 .debug_aranges
                0x00000000000004b0       0x48 Drivers/STM32L0xx_HAL_Driver/Src/stm32l0xx_hal_i2c_ex.o
 .debug_aranges
                0x00000000000004f8      0x120 Drivers/STM32L0xx_HAL_Driver/Src/stm32l0xx_hal_pcd.o
 .debug_aranges
                0x0000000000000618       0x58 Drivers/STM32L0xx_HAL_Driver/Src/stm32l0xx_hal_pcd_ex.o
 .debug_aranges
                0x0000000000000670       0xa0 Drivers/STM32L0xx_HAL_Driver/Src/stm32l0xx_hal_pwr.o
 .debug_aranges
                0x0000000000000710       0x80 Drivers/STM32L0xx_HAL_Driver/Src/stm32l0xx_hal_rcc.o
 .debug_aranges
                0x0000000000000790       0xb0 Drivers/STM32L0xx_HAL_Driver/Src/stm32l0xx_hal_rcc_ex.o
 .debug_aranges
                0x0000000000000840      0x108 Drivers/STM32L0xx_HAL_Driver/Src/stm32l0xx_ll_usb.o
 .debug_aranges
                0x0000000000000948       0x90 Middlewares/ST/STM32_USB_Device_Library/Class/CDC/Src/usbd_cdc.o
 .debug_aranges
                0x00000000000009d8       0xb8 Middlewares/ST/STM32_USB_Device_Library/Core/Src/usbd_core.o
 .debug_aranges
                0x0000000000000a90       0x88 Middlewares/ST/STM32_USB_Device_Library/Core/Src/usbd_ctlreq.o
 .debug_aranges
                0x0000000000000b18       0x50 Middlewares/ST/STM32_USB_Device_Library/Core/Src/usbd_ioreq.o
 .debug_aranges
                0x0000000000000b68       0x98 Src/game.o
 .debug_aranges
                0x0000000000000c00       0x28 Src/items.o
 .debug_aranges
                0x0000000000000c28       0x20 Src/lexer.o
 .debug_aranges
                0x0000000000000c48       0x40 Src/main.o
 .debug_aranges
                0x0000000000000c88       0x28 Src/objects.o
 .debug_aranges
                0x0000000000000cb0       0x20 Src/power.o
 .debug_aranges
                0x0000000000000cd0       0x28 Src/rooms.o
 .debug_aranges
                0x0000000000000cf8       0x30 Src/stm32l0xx_hal_msp.o
 .debug_aranges
                0x0000000000000d28       0x50 Src/stm32l0xx_it.o
 .debug_aranges
                0x0000000000000d78       0x20 Src/sysmem.o
 .debug_aranges
                0x0000000000000d98       0x28 Src/system_stm32l0xx.o
 .debug_aranges
                0x0000000000000dc0       0x20 Src/usb_device.o
 .debug_aranges
                0x0000000000000de0       0x88 Src/usbd_cdc_if.o
 .debug_aranges
                0x0000000000000e68      0x118 Src/usbd_conf.o
 .debug_aranges
                0x0000000000000f80       0x60 Src/usbd_desc.o
 .debug_aranges
                0x0000000000000fe0       0x28 Startup/startup_stm32l073rztx.o

.debug_ranges   0x0000000000000000      0xe20
 .debug_ranges  0x0000000000000000       0xe8 Drivers/STM32L0xx_HAL_Driver/Src/stm32l0xx_hal.o
 .debug_ranges  0x00000000000000e8       0xc8 Drivers/STM32L0xx_HAL_Driver/Src/stm32l0xx_hal_cortex.o
 .debug_ranges  0x00000000000001b0       0x48 Drivers/STM32L0xx_HAL_Driver/Src/stm32l0xx_hal_gpio.o
 .debug_ranges  0x00000000000001f8      0x278 Drivers/STM32L0xx_HAL_Driver/Src/stm32l0xx_hal_i2c.o
 .debug_ranges  0x0000000000000470       0x38 Drivers/STM32L0xx_HAL_Driver/Src/stm32l0xx_hal_i2c_ex.o
 .debug_ranges  0x00000000000004a8      0x110 Drivers/STM32L0xx_HAL_Driver/Src/stm32l0xx_hal_pcd.o
 .debug_ranges  0x00000000000005b8       0x48 Drivers/STM32L0xx_HAL_Driver/Src/stm32l0xx_hal_pcd_ex.o
 .debug_ranges  0x0000000000000600       0x90 Drivers/STM32L0xx_HAL_Driver/Src/stm32l0xx_hal_pwr.o
 .debug_ranges  0x0000000000000690       0x70 Drivers/STM32L0xx_HAL_Driver/Src/stm32l0xx_hal_rcc.o
 .debug_ranges  0x0000000000000700       0xa0 Drivers/STM32L0xx_HAL_Driver/Src/stm32l0xx_hal_rcc_ex.o
 .debug_ranges  0x00000000000007a0       0xf8 Drivers/STM32L0xx_HAL_Driver/Src/stm32l0xx_ll_usb.o
 .debug_ranges  0x0000000000000898       0x80 Middlewares/ST/STM32_USB_Device_Library/Class/CDC/Src/usbd_cdc.o
 .debug_ranges  0x0000000000000918       0xa8 Middlewares/ST/STM32_USB_Device_Library/Core/Src/usbd_core.o
 .debug_ranges  0x00000000000009c0       0x78 Middlewares/ST/STM32_USB_Device_Library/Core/Src/usbd_ctlreq.o
 .debug_ranges  0x0000000000000a38       0x40 Middlewares/ST/STM32_USB_Device_Library/Core/Src/usbd_ioreq.o
 .debug_ranges  0x0000000000000a78       0x88 Src/game.o
 .debug_ranges  0x0000000000000b00       0x18 Src/items.o
 .debug_ranges  0x0000000000000b18       0x10 Src/lexer.o
 .debug_ranges  0x0000000000000b28       0x30 Src/main.o
 .debug_ranges  0x0000000000000b58       0x18 Src/objects.o
 .debug_ranges  0x0000000000000b70       0x10 Src/power.o
 .debug_ranges  0x0000000000000b80       0x18 Src/rooms.o
 .debug_ranges  0x0000000000000b98       0x20 Src/stm32l0xx_hal_msp.o
 .debug_ranges  0x0000000000000bb8       0x40 Src/stm32l0xx_it.o
 .debug_ranges  0x0000000000000bf8       0x10 Src/sysmem.o
 .debug_ranges  0x0000000000000c08       0x18 Src/system_stm32l0xx.o
 .debug_ranges  0x0000000000000c20       0x10 Src/usb_device.o
 .debug_ranges  0x0000000000000c30       0x78 Src/usbd_cdc_if.o
 .debug_ranges  0x0000000000000ca8      0x108 Src/usbd_conf.o
 .debug_ranges  0x0000000000000db0       0x50 Src/usbd_desc.o
 .debug_ranges  0x0000000000000e00       0x20 Startup/startup_stm32l073rztx.o

.debug_macro    0x0000000000000000    0x18350
 .debug_macro   0x0000000000000000      0x1d8 Drivers/STM32L0xx_HAL_Driver/Src/stm32l0xx_hal.o
 .debug_macro   0x00000000000001d8      0xa48 Drivers/STM32L0xx_HAL_Driver/Src/stm32l0xx_hal.o
 .debug_macro   0x0000000000000c20       0x9b Drivers/STM32L0xx_HAL_Driver/Src/stm32l0xx_hal.o
 .debug_macro   0x0000000000000cbb       0x2e Drivers/STM32L0xx_HAL_Driver/Src/stm32l0xx_hal.o
 .debug_macro   0x0000000000000ce9       0x28 Drivers/STM32L0xx_HAL_Driver/Src/stm32l0xx_hal.o
 .debug_macro   0x0000000000000d11       0x22 Drivers/STM32L0xx_HAL_Driver/Src/stm32l0xx_hal.o
 .debug_macro   0x0000000000000d33       0x8e Drivers/STM32L0xx_HAL_Driver/Src/stm32l0xx_hal.o
 .debug_macro   0x0000000000000dc1       0x51 Drivers/STM32L0xx_HAL_Driver/Src/stm32l0xx_hal.o
 .debug_macro   0x0000000000000e12       0xef Drivers/STM32L0xx_HAL_Driver/Src/stm32l0xx_hal.o
 .debug_macro   0x0000000000000f01       0x6a Drivers/STM32L0xx_HAL_Driver/Src/stm32l0xx_hal.o
 .debug_macro   0x0000000000000f6b      0x1df Drivers/STM32L0xx_HAL_Driver/Src/stm32l0xx_hal.o
 .debug_macro   0x000000000000114a       0x34 Drivers/STM32L0xx_HAL_Driver/Src/stm32l0xx_hal.o
 .debug_macro   0x000000000000117e       0x26 Drivers/STM32L0xx_HAL_Driver/Src/stm32l0xx_hal.o
 .debug_macro   0x00000000000011a4      0x44f Drivers/STM32L0xx_HAL_Driver/Src/stm32l0xx_hal.o
 .debug_macro   0x00000000000015f3     0xa43e Drivers/STM32L0xx_HAL_Driver/Src/stm32l0xx_hal.o
 .debug_macro   0x000000000000ba31       0x3c Drivers/STM32L0xx_HAL_Driver/Src/stm32l0xx_hal.o
 .debug_macro   0x000000000000ba6d     0x352c Drivers/STM32L0xx_HAL_Driver/Src/stm32l0xx_hal.o
 .debug_macro   0x000000000000ef99      0x174 Drivers/STM32L0xx_HAL_Driver/Src/stm32l0xx_hal.o
 .debug_macro   0x000000000000f10d       0x5b Drivers/STM32L0xx_HAL_Driver/Src/stm32l0xx_hal.o
 .debug_macro   0x000000000000f168      0x8e4 Drivers/STM32L0xx_HAL_Driver/Src/stm32l0xx_hal.o
 .debug_macro   0x000000000000fa4c      0xbb4 Drivers/STM32L0xx_HAL_Driver/Src/stm32l0xx_hal.o
 .debug_macro   0x0000000000010600      0x13f Drivers/STM32L0xx_HAL_Driver/Src/stm32l0xx_hal.o
 .debug_macro   0x000000000001073f      0x1d1 Drivers/STM32L0xx_HAL_Driver/Src/stm32l0xx_hal.o
 .debug_macro   0x0000000000010910      0x28e Drivers/STM32L0xx_HAL_Driver/Src/stm32l0xx_hal.o
 .debug_macro   0x0000000000010b9e      0x1e9 Drivers/STM32L0xx_HAL_Driver/Src/stm32l0xx_hal.o
 .debug_macro   0x0000000000010d87      0x13e Drivers/STM32L0xx_HAL_Driver/Src/stm32l0xx_hal.o
 .debug_macro   0x0000000000010ec5      0x4b5 Drivers/STM32L0xx_HAL_Driver/Src/stm32l0xx_hal.o
 .debug_macro   0x000000000001137a      0x22c Drivers/STM32L0xx_HAL_Driver/Src/stm32l0xx_hal.o
 .debug_macro   0x00000000000115a6       0x5b Drivers/STM32L0xx_HAL_Driver/Src/stm32l0xx_hal.o
 .debug_macro   0x0000000000011601       0xa5 Drivers/STM32L0xx_HAL_Driver/Src/stm32l0xx_hal.o
 .debug_macro   0x00000000000116a6      0x18d Drivers/STM32L0xx_HAL_Driver/Src/stm32l0xx_hal.o
 .debug_macro   0x0000000000011833       0x16 Drivers/STM32L0xx_HAL_Driver/Src/stm32l0xx_hal.o
 .debug_macro   0x0000000000011849       0x57 Drivers/STM32L0xx_HAL_Driver/Src/stm32l0xx_hal.o
 .debug_macro   0x00000000000118a0      0x25e Drivers/STM32L0xx_HAL_Driver/Src/stm32l0xx_hal.o
 .debug_macro   0x0000000000011afe      0x199 Drivers/STM32L0xx_HAL_Driver/Src/stm32l0xx_hal.o
 .debug_macro   0x0000000000011c97      0x1b4 Drivers/STM32L0xx_HAL_Driver/Src/stm32l0xx_hal_cortex.o
 .debug_macro   0x0000000000011e4b      0x1ec Drivers/STM32L0xx_HAL_Driver/Src/stm32l0xx_hal_gpio.o
 .debug_macro   0x0000000000012037      0x279 Drivers/STM32L0xx_HAL_Driver/Src/stm32l0xx_hal_i2c.o
 .debug_macro   0x00000000000122b0      0x1b4 Drivers/STM32L0xx_HAL_Driver/Src/stm32l0xx_hal_i2c_ex.o
 .debug_macro   0x0000000000012464      0x1c0 Drivers/STM32L0xx_HAL_Driver/Src/stm32l0xx_hal_pcd.o
 .debug_macro   0x0000000000012624      0x1b4 Drivers/STM32L0xx_HAL_Driver/Src/stm32l0xx_hal_pcd_ex.o
 .debug_macro   0x00000000000127d8      0x1cc Drivers/STM32L0xx_HAL_Driver/Src/stm32l0xx_hal_pwr.o
 .debug_macro   0x00000000000129a4      0x1ea Drivers/STM32L0xx_HAL_Driver/Src/stm32l0xx_hal_rcc.o
 .debug_macro   0x0000000000012b8e      0x1b4 Drivers/STM32L0xx_HAL_Driver/Src/stm32l0xx_hal_rcc_ex.o
 .debug_macro   0x0000000000012d42      0x1b4 Drivers/STM32L0xx_HAL_Driver/Src/stm32l0xx_ll_usb.o
 .debug_macro   0x0000000000012ef6      0x3d0 Middlewares/ST/STM32_USB_Device_Library/Class/CDC/Src/usbd_cdc.o
 .debug_macro   0x00000000000132c6       0x40 Middlewares/ST/STM32_USB_Device_Library/Class/CDC/Src/usbd_cdc.o
 .debug_macro   0x0000000000013306       0x18 Middlewares/ST/STM32_USB_Device_Library/Class/CDC/Src/usbd_cdc.o
 .debug_macro   0x000000000001331e       0x94 Middlewares/ST/STM32_USB_Device_Library/Class/CDC/Src/usbd_cdc.o
 .debug_macro   0x00000000000133b2       0x3c Middlewares/ST/STM32_USB_Device_Library/Class/CDC/Src/usbd_cdc.o
 .debug_macro   0x00000000000133ee       0x34 Middlewares/ST/STM32_USB_Device_Library/Class/CDC/Src/usbd_cdc.o
 .debug_macro   0x0000000000013422       0x16 Middlewares/ST/STM32_USB_Device_Library/Class/CDC/Src/usbd_cdc.o
 .debug_macro   0x0000000000013438       0x57 Middlewares/ST/STM32_USB_Device_Library/Class/CDC/Src/usbd_cdc.o
 .debug_macro   0x000000000001348f       0x97 Middlewares/ST/STM32_USB_Device_Library/Class/CDC/Src/usbd_cdc.o
 .debug_macro   0x0000000000013526      0x330 Middlewares/ST/STM32_USB_Device_Library/Class/CDC/Src/usbd_cdc.o
 .debug_macro   0x0000000000013856       0xfd Middlewares/ST/STM32_USB_Device_Library/Class/CDC/Src/usbd_cdc.o