Archive member included to satisfy reference by file (symbol)

/opt/st/stm32cubeide_1.0.1/plugins/com.st.stm32cube.ide.mcu.externaltools.gnu-tools-for-stm32.7-2018-q2-update.linux64_1.0.0.201904181610/tools/bin/../lib/gcc/arm-none-eabi/7.3.1/../../../../arm-none-eabi/lib/thumb/v6-m/libc_nano.a(lib_a-errno.o)
                              Src/syscalls.o (__errno)
/opt/st/stm32cubeide_1.0.1/plugins/com.st.stm32cube.ide.mcu.externaltools.gnu-tools-for-stm32.7-2018-q2-update.linux64_1.0.0.201904181610/tools/bin/../lib/gcc/arm-none-eabi/7.3.1/../../../../arm-none-eabi/lib/thumb/v6-m/libc_nano.a(lib_a-exit.o)
                              /opt/st/stm32cubeide_1.0.1/plugins/com.st.stm32cube.ide.mcu.externaltools.gnu-tools-for-stm32.7-2018-q2-update.linux64_1.0.0.201904181610/tools/bin/../lib/gcc/arm-none-eabi/7.3.1/../../../../arm-none-eabi/lib/thumb/v6-m/crt0.o (exit)
/opt/st/stm32cubeide_1.0.1/plugins/com.st.stm32cube.ide.mcu.externaltools.gnu-tools-for-stm32.7-2018-q2-update.linux64_1.0.0.201904181610/tools/bin/../lib/gcc/arm-none-eabi/7.3.1/../../../../arm-none-eabi/lib/thumb/v6-m/libc_nano.a(lib_a-impure.o)
                              /opt/st/stm32cubeide_1.0.1/plugins/com.st.stm32cube.ide.mcu.externaltools.gnu-tools-for-stm32.7-2018-q2-update.linux64_1.0.0.201904181610/tools/bin/../lib/gcc/arm-none-eabi/7.3.1/../../../../arm-none-eabi/lib/thumb/v6-m/libc_nano.a(lib_a-exit.o) (_global_impure_ptr)
/opt/st/stm32cubeide_1.0.1/plugins/com.st.stm32cube.ide.mcu.externaltools.gnu-tools-for-stm32.7-2018-q2-update.linux64_1.0.0.201904181610/tools/bin/../lib/gcc/arm-none-eabi/7.3.1/../../../../arm-none-eabi/lib/thumb/v6-m/libc_nano.a(lib_a-init.o)
                              /opt/st/stm32cubeide_1.0.1/plugins/com.st.stm32cube.ide.mcu.externaltools.gnu-tools-for-stm32.7-2018-q2-update.linux64_1.0.0.201904181610/tools/bin/../lib/gcc/arm-none-eabi/7.3.1/../../../../arm-none-eabi/lib/thumb/v6-m/crt0.o (__libc_init_array)
/opt/st/stm32cubeide_1.0.1/plugins/com.st.stm32cube.ide.mcu.externaltools.gnu-tools-for-stm32.7-2018-q2-update.linux64_1.0.0.201904181610/tools/bin/../lib/gcc/arm-none-eabi/7.3.1/../../../../arm-none-eabi/lib/thumb/v6-m/libc_nano.a(lib_a-memset.o)
                              /opt/st/stm32cubeide_1.0.1/plugins/com.st.stm32cube.ide.mcu.externaltools.gnu-tools-for-stm32.7-2018-q2-update.linux64_1.0.0.201904181610/tools/bin/../lib/gcc/arm-none-eabi/7.3.1/../../../../arm-none-eabi/lib/thumb/v6-m/crt0.o (memset)
/opt/st/stm32cubeide_1.0.1/plugins/com.st.stm32cube.ide.mcu.externaltools.gnu-tools-for-stm32.7-2018-q2-update.linux64_1.0.0.201904181610/tools/bin/../lib/gcc/arm-none-eabi/7.3.1/thumb/v6-m/libgcc.a(_udivsi3.o)
                              Drivers/STM32L0xx_HAL_Driver/Src/stm32l0xx_hal.o (__aeabi_uidiv)
/opt/st/stm32cubeide_1.0.1/plugins/com.st.stm32cube.ide.mcu.externaltools.gnu-tools-for-stm32.7-2018-q2-update.linux64_1.0.0.201904181610/tools/bin/../lib/gcc/arm-none-eabi/7.3.1/thumb/v6-m/libgcc.a(_dvmd_tls.o)
                              /opt/st/stm32cubeide_1.0.1/plugins/com.st.stm32cube.ide.mcu.externaltools.gnu-tools-for-stm32.7-2018-q2-update.linux64_1.0.0.201904181610/tools/bin/../lib/gcc/arm-none-eabi/7.3.1/thumb/v6-m/libgcc.a(_udivsi3.o) (__aeabi_idiv0)

Allocating common symbols
Common symbol       size              file

hUsbDeviceFS        0x29c             Src/usb_device.o
hi2c1               0x4c              Src/main.o
uwTick              0x4               Drivers/STM32L0xx_HAL_Driver/Src/stm32l0xx_hal.o
pFlash              0x18              Drivers/STM32L0xx_HAL_Driver/Src/stm32l0xx_hal_flash.o
UserRxBufferFS      0x1               Src/usbd_cdc_if.o
UserTxBufferFS      0x200             Src/usbd_cdc_if.o
UserData            0x100             Src/usbd_cdc_if.o
hpcd_USB_FS         0x274             Src/usbd_conf.o
USBD_StrDesc        0x200             Src/usbd_desc.o

Discarded input sections

 .text          0x0000000000000000        0x0 /opt/st/stm32cubeide_1.0.1/plugins/com.st.stm32cube.ide.mcu.externaltools.gnu-tools-for-stm32.7-2018-q2-update.linux64_1.0.0.201904181610/tools/bin/../lib/gcc/arm-none-eabi/7.3.1/thumb/v6-m/crti.o
 .data          0x0000000000000000        0x0 /opt/st/stm32cubeide_1.0.1/plugins/com.st.stm32cube.ide.mcu.externaltools.gnu-tools-for-stm32.7-2018-q2-update.linux64_1.0.0.201904181610/tools/bin/../lib/gcc/arm-none-eabi/7.3.1/thumb/v6-m/crti.o
 .bss           0x0000000000000000        0x0 /opt/st/stm32cubeide_1.0.1/plugins/com.st.stm32cube.ide.mcu.externaltools.gnu-tools-for-stm32.7-2018-q2-update.linux64_1.0.0.201904181610/tools/bin/../lib/gcc/arm-none-eabi/7.3.1/thumb/v6-m/crti.o
 .data          0x0000000000000000        0x4 /opt/st/stm32cubeide_1.0.1/plugins/com.st.stm32cube.ide.mcu.externaltools.gnu-tools-for-stm32.7-2018-q2-update.linux64_1.0.0.201904181610/tools/bin/../lib/gcc/arm-none-eabi/7.3.1/thumb/v6-m/crtbegin.o
[...]
Memory Configuration

Name             Origin             Length             Attributes
FLASH            0x0000000008000000 0x0000000000030000 xr
RAM              0x0000000020000000 0x0000000000005000 xrw
*default*        0x0000000000000000 0xffffffffffffffff

Linker script and memory map

LOAD /opt/st/stm32cubeide_1.0.1/plugins/com.st.stm32cube.ide.mcu.externaltools.gnu-tools-for-stm32.7-2018-q2-update.linux64_1.0.0.201904181610/tools/bin/../lib/gcc/arm-none-eabi/7.3.1/thumb/v6-m/crti.o
LOAD /opt/st/stm32cubeide_1.0.1/plugins/com.st.stm32cube.ide.mcu.externaltools.gnu-tools-for-stm32.7-2018-q2-update.linux64_1.0.0.201904181610/tools/bin/../lib/gcc/arm-none-eabi/7.3.1/thumb/v6-m/crtbegin.o
LOAD /opt/st/stm32cubeide_1.0.1/plugins/com.st.stm32cube.ide.mcu.externaltools.gnu-tools-for-stm32.7-2018-q2-update.linux64_1.0.0.201904181610/tools/bin/../lib/gcc/arm-none-eabi/7.3.1/../../../../arm-none-eabi/lib/thumb/v6-m/crt0.o
LOAD Drivers/STM32L0xx_HAL_Driver/Src/stm32l0xx_hal.o
LOAD Drivers/STM32L0xx_HAL_Driver/Src/stm32l0xx_hal_cortex.o
LOAD Drivers/STM32L0xx_HAL_Driver/Src/stm32l0xx_hal_dma.o
LOAD Drivers/STM32L0xx_HAL_Driver/Src/stm32l0xx_hal_flash.o
LOAD Drivers/STM32L0xx_HAL_Driver/Src/stm32l0xx_hal_flash_ex.o
LOAD Drivers/STM32L0xx_HAL_Driver/Src/stm32l0xx_hal_flash_ramfunc.o
LOAD Drivers/STM32L0xx_HAL_Driver/Src/stm32l0xx_hal_gpio.o
LOAD Drivers/STM32L0xx_HAL_Driver/Src/stm32l0xx_hal_i2c.o
LOAD Drivers/STM32L0xx_HAL_Driver/Src/stm32l0xx_hal_i2c_ex.o
LOAD Drivers/STM32L0xx_HAL_Driver/Src/stm32l0xx_hal_pcd.o
LOAD Drivers/STM32L0xx_HAL_Driver/Src/stm32l0xx_hal_pcd_ex.o
LOAD Drivers/STM32L0xx_HAL_Driver/Src/stm32l0xx_hal_pwr.o
LOAD Drivers/STM32L0xx_HAL_Driver/Src/stm32l0xx_hal_pwr_ex.o
LOAD Drivers/STM32L0xx_HAL_Driver/Src/stm32l0xx_hal_rcc.o
LOAD Drivers/STM32L0xx_HAL_Driver/Src/stm32l0xx_hal_rcc_ex.o
LOAD Drivers/STM32L0xx_HAL_Driver/Src/stm32l0xx_hal_tim.o
LOAD Drivers/STM32L0xx_HAL_Driver/Src/stm32l0xx_hal_tim_ex.o
LOAD Drivers/STM32L0xx_HAL_Driver/Src/stm32l0xx_ll_usb.o
LOAD Middlewares/ST/STM32_USB_Device_Library/Class/CDC/Src/usbd_cdc.o
LOAD Middlewares/ST/STM32_USB_Device_Library/Core/Src/usbd_core.o
LOAD Middlewares/ST/STM32_USB_Device_Library/Core/Src/usbd_ctlreq.o
LOAD Middlewares/ST/STM32_USB_Device_Library/Core/Src/usbd_ioreq.o
LOAD Src/main.o
LOAD Src/stm32l0xx_hal_msp.o
LOAD Src/stm32l0xx_it.o
LOAD Src/syscalls.o
LOAD Src/sysmem.o
LOAD Src/system_stm32l0xx.o
LOAD Src/usb_device.o
LOAD Src/usbd_cdc_if.o
LOAD Src/usbd_conf.o
LOAD Src/usbd_desc.o
LOAD Startup/startup_stm32l073rztx.o
START GROUP
LOAD /opt/st/stm32cubeide_1.0.1/plugins/com.st.stm32cube.ide.mcu.externaltools.gnu-tools-for-stm32.7-2018-q2-update.linux64_1.0.0.201904181610/tools/bin/../lib/gcc/arm-none-eabi/7.3.1/../../../../arm-none-eabi/lib/thumb/v6-m/libc_nano.a
LOAD /opt/st/stm32cubeide_1.0.1/plugins/com.st.stm32cube.ide.mcu.externaltools.gnu-tools-for-stm32.7-2018-q2-update.linux64_1.0.0.201904181610/tools/bin/../lib/gcc/arm-none-eabi/7.3.1/../../../../arm-none-eabi/lib/thumb/v6-m/libm.a
END GROUP
START GROUP
LOAD /opt/st/stm32cubeide_1.0.1/plugins/com.st.stm32cube.ide.mcu.externaltools.gnu-tools-for-stm32.7-2018-q2-update.linux64_1.0.0.201904181610/tools/bin/../lib/gcc/arm-none-eabi/7.3.1/thumb/v6-m/libgcc.a
LOAD /opt/st/stm32cubeide_1.0.1/plugins/com.st.stm32cube.ide.mcu.externaltools.gnu-tools-for-stm32.7-2018-q2-update.linux64_1.0.0.201904181610/tools/bin/../lib/gcc/arm-none-eabi/7.3.1/../../../../arm-none-eabi/lib/thumb/v6-m/libc_nano.a
END GROUP
START GROUP
LOAD /opt/st/stm32cubeide_1.0.1/plugins/com.st.stm32cube.ide.mcu.externaltools.gnu-tools-for-stm32.7-2018-q2-update.linux64_1.0.0.201904181610/tools/bin/../lib/gcc/arm-none-eabi/7.3.1/thumb/v6-m/libgcc.a
LOAD /opt/st/stm32cubeide_1.0.1/plugins/com.st.stm32cube.ide.mcu.externaltools.gnu-tools-for-stm32.7-2018-q2-update.linux64_1.0.0.201904181610/tools/bin/../lib/gcc/arm-none-eabi/7.3.1/../../../../arm-none-eabi/lib/thumb/v6-m/libc_nano.a
LOAD /opt/st/stm32cubeide_1.0.1/plugins/com.st.stm32cube.ide.mcu.externaltools.gnu-tools-for-stm32.7-2018-q2-update.linux64_1.0.0.201904181610/tools/bin/../lib/gcc/arm-none-eabi/7.3.1/../../../../arm-none-eabi/lib/thumb/v6-m/libnosys.a
END GROUP
START GROUP
LOAD /opt/st/stm32cubeide_1.0.1/plugins/com.st.stm32cube.ide.mcu.externaltools.gnu-tools-for-stm32.7-2018-q2-update.linux64_1.0.0.201904181610/tools/bin/../lib/gcc/arm-none-eabi/7.3.1/thumb/v6-m/libgcc.a
LOAD /opt/st/stm32cubeide_1.0.1/plugins/com.st.stm32cube.ide.mcu.externaltools.gnu-tools-for-stm32.7-2018-q2-update.linux64_1.0.0.201904181610/tools/bin/../lib/gcc/arm-none-eabi/7.3.1/../../../../arm-none-eabi/lib/thumb/v6-m/libc_nano.a
LOAD /opt/st/stm32cubeide_1.0.1/plugins/com.st.stm32cube.ide.mcu.externaltools.gnu-tools-for-stm32.7-2018-q2-update.linux64_1.0.0.201904181610/tools/bin/../lib/gcc/arm-none-eabi/7.3.1/../../../../arm-none-eabi/lib/thumb/v6-m/libnosys.a
END GROUP
LOAD /opt/st/stm32cubeide_1.0.1/plugins/com.st.stm32cube.ide.mcu.externaltools.gnu-tools-for-stm32.7-2018-q2-update.linux64_1.0.0.201904181610/tools/bin/../lib/gcc/arm-none-eabi/7.3.1/thumb/v6-m/crtend.o
LOAD /opt/st/stm32cubeide_1.0.1/plugins/com.st.stm32cube.ide.mcu.externaltools.gnu-tools-for-stm32.7-2018-q2-update.linux64_1.0.0.201904181610/tools/bin/../lib/gcc/arm-none-eabi/7.3.1/thumb/v6-m/crtn.o
                0x0000000020005000                _estack = 0x20005000
                0x0000000000000200                _Min_Heap_Size = 0x200
                0x0000000000000400                _Min_Stack_Size = 0x400

.isr_vector     0x0000000008000000       0xc0
                0x0000000008000000                . = ALIGN (0x4)
 *(.isr_vector)
 .isr_vector    0x0000000008000000       0xc0 Startup/startup_stm32l073rztx.o
                0x0000000008000000                g_pfnVectors
                0x00000000080000c0                . = ALIGN (0x4)

.text           0x00000000080000c0     0x63d8
                0x00000000080000c0                . = ALIGN (0x4)
 *(.text)
 .text          0x00000000080000c0       0x48 /opt/st/stm32cubeide_1.0.1/plugins/com.st.stm32cube.ide.mcu.externaltools.gnu-tools-for-stm32.7-2018-q2-update.linux64_1.0.0.201904181610/tools/bin/../lib/gcc/arm-none-eabi/7.3.1/thumb/v6-m/crtbegin.o
 .text          0x0000000008000108      0x114 /opt/st/stm32cubeide_1.0.1/plugins/com.st.stm32cube.ide.mcu.externaltools.gnu-tools-for-stm32.7-2018-q2-update.linux64_1.0.0.201904181610/tools/bin/../lib/gcc/arm-none-eabi/7.3.1/thumb/v6-m/libgcc.a(_udivsi3.o)
                0x0000000008000108                __udivsi3
                0x0000000008000108                __aeabi_uidiv
                0x0000000008000214                __aeabi_uidivmod
 .text          0x000000000800021c        0x4 /opt/st/stm32cubeide_1.0.1/plugins/com.st.stm32cube.ide.mcu.externaltools.gnu-tools-for-stm32.7-2018-q2-update.linux64_1.0.0.201904181610/tools/bin/../lib/gcc/arm-none-eabi/7.3.1/thumb/v6-m/libgcc.a(_dvmd_tls.o)
                0x000000000800021c                __aeabi_ldiv0
                0x000000000800021c                __aeabi_idiv0
 *(.text*)
 .text.HAL_Init
                0x0000000008000220       0x40 Drivers/STM32L0xx_HAL_Driver/Src/stm32l0xx_hal.o
                0x0000000008000220                HAL_Init
 .text.HAL_InitTick
                0x0000000008000260       0x54 Drivers/STM32L0xx_HAL_Driver/Src/stm32l0xx_hal.o
                0x0000000008000260                HAL_InitTick
 .text.HAL_IncTick
                0x00000000080002b4       0x18 Drivers/STM32L0xx_HAL_Driver/Src/stm32l0xx_hal.o
                0x00000000080002b4                HAL_IncTick
 .text.HAL_GetTick
                0x00000000080002cc       0x14 Drivers/STM32L0xx_HAL_Driver/Src/stm32l0xx_hal.o
                0x00000000080002cc                HAL_GetTick
 .text.NVIC_EnableIRQ
                0x00000000080002e0       0x2c Drivers/STM32L0xx_HAL_Driver/Src/stm32l0xx_hal_cortex.o
 .text.NVIC_SetPriority
                0x000000000800030c       0xdc Drivers/STM32L0xx_HAL_Driver/Src/stm32l0xx_hal_cortex.o
 .text.SysTick_Config
                0x00000000080003e8       0x48 Drivers/STM32L0xx_HAL_Driver/Src/stm32l0xx_hal_cortex.o
 .text.HAL_NVIC_SetPriority
                0x0000000008000430       0x2a Drivers/STM32L0xx_HAL_Driver/Src/stm32l0xx_hal_cortex.o
                0x0000000008000430                HAL_NVIC_SetPriority
 .text.HAL_NVIC_EnableIRQ
                0x000000000800045a       0x20 Drivers/STM32L0xx_HAL_Driver/Src/stm32l0xx_hal_cortex.o
                0x000000000800045a                HAL_NVIC_EnableIRQ
 .text.HAL_SYSTICK_Config
                0x000000000800047a       0x1a Drivers/STM32L0xx_HAL_Driver/Src/stm32l0xx_hal_cortex.o
                0x000000000800047a                HAL_SYSTICK_Config
 .text.HAL_GPIO_Init
                0x0000000008000494      0x2fc Drivers/STM32L0xx_HAL_Driver/Src/stm32l0xx_hal_gpio.o
                0x0000000008000494                HAL_GPIO_Init
 .text.HAL_GPIO_WritePin
                0x0000000008000790       0x3a Drivers/STM32L0xx_HAL_Driver/Src/stm32l0xx_hal_gpio.o
                0x0000000008000790                HAL_GPIO_WritePin
 *fill*         0x00000000080007ca        0x2 
 .text.HAL_I2C_Init
                0x00000000080007cc      0x12c Drivers/STM32L0xx_HAL_Driver/Src/stm32l0xx_hal_i2c.o
                0x00000000080007cc                HAL_I2C_Init
 .text.HAL_I2CEx_ConfigAnalogFilter
                0x00000000080008f8       0x98 Drivers/STM32L0xx_HAL_Driver/Src/stm32l0xx_hal_i2c_ex.o
                0x00000000080008f8                HAL_I2CEx_ConfigAnalogFilter
 .text.HAL_I2CEx_ConfigDigitalFilter
                0x0000000008000990       0x98 Drivers/STM32L0xx_HAL_Driver/Src/stm32l0xx_hal_i2c_ex.o
                0x0000000008000990                HAL_I2CEx_ConfigDigitalFilter
 .text.HAL_PCD_Init
                0x0000000008000a28      0x1e8 Drivers/STM32L0xx_HAL_Driver/Src/stm32l0xx_hal_pcd.o
                0x0000000008000a28                HAL_PCD_Init
 .text.HAL_PCD_Start
                0x0000000008000c10       0x4a Drivers/STM32L0xx_HAL_Driver/Src/stm32l0xx_hal_pcd.o
                0x0000000008000c10                HAL_PCD_Start
 *fill*         0x0000000008000c5a        0x2 
 .text.HAL_PCD_IRQHandler
                0x0000000008000c5c      0x310 Drivers/STM32L0xx_HAL_Driver/Src/stm32l0xx_hal_pcd.o
                0x0000000008000c5c                HAL_PCD_IRQHandler
 .text.HAL_PCD_SetAddress
                0x0000000008000f6c       0x56 Drivers/STM32L0xx_HAL_Driver/Src/stm32l0xx_hal_pcd.o
                0x0000000008000f6c                HAL_PCD_SetAddress
 .text.HAL_PCD_EP_Open
                0x0000000008000fc2       0xe4 Drivers/STM32L0xx_HAL_Driver/Src/stm32l0xx_hal_pcd.o
                0x0000000008000fc2                HAL_PCD_EP_Open
 .text.HAL_PCD_EP_Close
                0x00000000080010a6       0x96 Drivers/STM32L0xx_HAL_Driver/Src/stm32l0xx_hal_pcd.o
                0x00000000080010a6                HAL_PCD_EP_Close
 .text.HAL_PCD_EP_Receive
                0x000000000800113c       0x82 Drivers/STM32L0xx_HAL_Driver/Src/stm32l0xx_hal_pcd.o
                0x000000000800113c                HAL_PCD_EP_Receive
 .text.HAL_PCD_EP_GetRxCount
                0x00000000080011be       0x2a Drivers/STM32L0xx_HAL_Driver/Src/stm32l0xx_hal_pcd.o
                0x00000000080011be                HAL_PCD_EP_GetRxCount
 .text.HAL_PCD_EP_Transmit
                0x00000000080011e8       0x80 Drivers/STM32L0xx_HAL_Driver/Src/stm32l0xx_hal_pcd.o
                0x00000000080011e8                HAL_PCD_EP_Transmit
 .text.HAL_PCD_EP_SetStall
                0x0000000008001268       0xcc Drivers/STM32L0xx_HAL_Driver/Src/stm32l0xx_hal_pcd.o
                0x0000000008001268                HAL_PCD_EP_SetStall
 .text.HAL_PCD_EP_ClrStall
                0x0000000008001334       0xb0 Drivers/STM32L0xx_HAL_Driver/Src/stm32l0xx_hal_pcd.o
                0x0000000008001334                HAL_PCD_EP_ClrStall
 .text.PCD_EP_ISR_Handler
                0x00000000080013e4      0x590 Drivers/STM32L0xx_HAL_Driver/Src/stm32l0xx_hal_pcd.o
 .text.HAL_PCDEx_PMAConfig
                0x0000000008001974       0x90 Drivers/STM32L0xx_HAL_Driver/Src/stm32l0xx_hal_pcd_ex.o
                0x0000000008001974                HAL_PCDEx_PMAConfig
 .text.HAL_PCDEx_ActivateBCD
                0x0000000008001a04       0x4a Drivers/STM32L0xx_HAL_Driver/Src/stm32l0xx_hal_pcd_ex.o
                0x0000000008001a04                HAL_PCDEx_ActivateBCD
 .text.HAL_PCDEx_ActivateLPM
                0x0000000008001a4e       0x54 Drivers/STM32L0xx_HAL_Driver/Src/stm32l0xx_hal_pcd_ex.o
                0x0000000008001a4e                HAL_PCDEx_ActivateLPM
 .text.HAL_PCDEx_LPM_Callback
                0x0000000008001aa2       0x16 Drivers/STM32L0xx_HAL_Driver/Src/stm32l0xx_hal_pcd_ex.o
                0x0000000008001aa2                HAL_PCDEx_LPM_Callback
 .text.HAL_RCC_OscConfig
                0x0000000008001ab8      0x7a0 Drivers/STM32L0xx_HAL_Driver/Src/stm32l0xx_hal_rcc.o
                0x0000000008001ab8                HAL_RCC_OscConfig
 .text.HAL_RCC_ClockConfig
                0x0000000008002258      0x254 Drivers/STM32L0xx_HAL_Driver/Src/stm32l0xx_hal_rcc.o
                0x0000000008002258                HAL_RCC_ClockConfig
 .text.HAL_RCC_GetSysClockFreq
                0x00000000080024ac      0x108 Drivers/STM32L0xx_HAL_Driver/Src/stm32l0xx_hal_rcc.o
                0x00000000080024ac                HAL_RCC_GetSysClockFreq
 .text.HAL_RCCEx_PeriphCLKConfig
                0x00000000080025b4      0x2e8 Drivers/STM32L0xx_HAL_Driver/Src/stm32l0xx_hal_rcc_ex.o
                0x00000000080025b4                HAL_RCCEx_PeriphCLKConfig
 .text.USB_EnableGlobalInt
                0x000000000800289c       0x34 Drivers/STM32L0xx_HAL_Driver/Src/stm32l0xx_ll_usb.o
                0x000000000800289c                USB_EnableGlobalInt
 .text.USB_DisableGlobalInt
                0x00000000080028d0       0x40 Drivers/STM32L0xx_HAL_Driver/Src/stm32l0xx_ll_usb.o
                0x00000000080028d0                USB_DisableGlobalInt
 .text.USB_DevInit
                0x0000000008002910       0x60 Drivers/STM32L0xx_HAL_Driver/Src/stm32l0xx_ll_usb.o
                0x0000000008002910                USB_DevInit
 .text.USB_ActivateEndpoint
                0x0000000008002970      0x5e0 Drivers/STM32L0xx_HAL_Driver/Src/stm32l0xx_ll_usb.o
                0x0000000008002970                USB_ActivateEndpoint
 .text.USB_DeactivateEndpoint
                0x0000000008002f50      0x2ec Drivers/STM32L0xx_HAL_Driver/Src/stm32l0xx_ll_usb.o
                0x0000000008002f50                USB_DeactivateEndpoint
 .text.USB_EPStartXfer
                0x000000000800323c      0x560 Drivers/STM32L0xx_HAL_Driver/Src/stm32l0xx_ll_usb.o
                0x000000000800323c                USB_EPStartXfer
 .text.USB_EPSetStall
                0x000000000800379c       0x84 Drivers/STM32L0xx_HAL_Driver/Src/stm32l0xx_ll_usb.o
                0x000000000800379c                USB_EPSetStall
 .text.USB_EPClearStall
                0x0000000008003820      0x118 Drivers/STM32L0xx_HAL_Driver/Src/stm32l0xx_ll_usb.o
                0x0000000008003820                USB_EPClearStall
 .text.USB_SetDevAddress
                0x0000000008003938       0x28 Drivers/STM32L0xx_HAL_Driver/Src/stm32l0xx_ll_usb.o
                0x0000000008003938                USB_SetDevAddress
 .text.USB_DevConnect
                0x0000000008003960       0x2c Drivers/STM32L0xx_HAL_Driver/Src/stm32l0xx_ll_usb.o
                0x0000000008003960                USB_DevConnect
 .text.USB_ReadInterrupts
                0x000000000800398c       0x1c Drivers/STM32L0xx_HAL_Driver/Src/stm32l0xx_ll_usb.o
                0x000000000800398c                USB_ReadInterrupts
 .text.USB_EP0_OutStart
                0x00000000080039a8       0x14 Drivers/STM32L0xx_HAL_Driver/Src/stm32l0xx_ll_usb.o
                0x00000000080039a8                USB_EP0_OutStart
 .text.USB_WritePMA
                0x00000000080039bc       0x86 Drivers/STM32L0xx_HAL_Driver/Src/stm32l0xx_ll_usb.o
                0x00000000080039bc                USB_WritePMA
 .text.USB_ReadPMA
                0x0000000008003a42       0x9a Drivers/STM32L0xx_HAL_Driver/Src/stm32l0xx_ll_usb.o
                0x0000000008003a42                USB_ReadPMA
 .text.USBD_CDC_Init
                0x0000000008003adc      0x118 Middlewares/ST/STM32_USB_Device_Library/Class/CDC/Src/usbd_cdc.o
 .text.USBD_CDC_DeInit
                0x0000000008003bf4       0x88 Middlewares/ST/STM32_USB_Device_Library/Class/CDC/Src/usbd_cdc.o
 .text.USBD_CDC_Setup
                0x0000000008003c7c      0x18c Middlewares/ST/STM32_USB_Device_Library/Class/CDC/Src/usbd_cdc.o
 .text.USBD_CDC_DataIn
                0x0000000008003e08       0xb0 Middlewares/ST/STM32_USB_Device_Library/Class/CDC/Src/usbd_cdc.o
 .text.USBD_CDC_DataOut
                0x0000000008003eb8       0x6a Middlewares/ST/STM32_USB_Device_Library/Class/CDC/Src/usbd_cdc.o
 *fill*         0x0000000008003f22        0x2 
 .text.USBD_CDC_EP0_RxReady
                0x0000000008003f24       0x64 Middlewares/ST/STM32_USB_Device_Library/Class/CDC/Src/usbd_cdc.o
 .text.USBD_CDC_GetFSCfgDesc
                0x0000000008003f88       0x1c Middlewares/ST/STM32_USB_Device_Library/Class/CDC/Src/usbd_cdc.o
 .text.USBD_CDC_GetHSCfgDesc
                0x0000000008003fa4       0x1c Middlewares/ST/STM32_USB_Device_Library/Class/CDC/Src/usbd_cdc.o
 .text.USBD_CDC_GetOtherSpeedCfgDesc
                0x0000000008003fc0       0x1c Middlewares/ST/STM32_USB_Device_Library/Class/CDC/Src/usbd_cdc.o
 .text.USBD_CDC_GetDeviceQualifierDescriptor
                0x0000000008003fdc       0x1c Middlewares/ST/STM32_USB_Device_Library/Class/CDC/Src/usbd_cdc.o
                0x0000000008003fdc                USBD_CDC_GetDeviceQualifierDescriptor
 .text.USBD_CDC_RegisterInterface
                0x0000000008003ff8       0x38 Middlewares/ST/STM32_USB_Device_Library/Class/CDC/Src/usbd_cdc.o
                0x0000000008003ff8                USBD_CDC_RegisterInterface
 .text.USBD_CDC_SetTxBuffer
                0x0000000008004030       0x38 Middlewares/ST/STM32_USB_Device_Library/Class/CDC/Src/usbd_cdc.o
                0x0000000008004030                USBD_CDC_SetTxBuffer
 .text.USBD_CDC_SetRxBuffer
                0x0000000008004068       0x28 Middlewares/ST/STM32_USB_Device_Library/Class/CDC/Src/usbd_cdc.o
                0x0000000008004068                USBD_CDC_SetRxBuffer
 .text.USBD_CDC_TransmitPacket
                0x0000000008004090       0x6e Middlewares/ST/STM32_USB_Device_Library/Class/CDC/Src/usbd_cdc.o
                0x0000000008004090                USBD_CDC_TransmitPacket
 .text.USBD_CDC_ReceivePacket
                0x00000000080040fe       0x5c Middlewares/ST/STM32_USB_Device_Library/Class/CDC/Src/usbd_cdc.o
                0x00000000080040fe                USBD_CDC_ReceivePacket
 .text.USBD_Init
                0x000000000800415a       0x62 Middlewares/ST/STM32_USB_Device_Library/Core/Src/usbd_core.o
                0x000000000800415a                USBD_Init
 .text.USBD_RegisterClass
                0x00000000080041bc       0x42 Middlewares/ST/STM32_USB_Device_Library/Core/Src/usbd_core.o
                0x00000000080041bc                USBD_RegisterClass
 .text.USBD_Start
                0x00000000080041fe       0x1a Middlewares/ST/STM32_USB_Device_Library/Core/Src/usbd_core.o
                0x00000000080041fe                USBD_Start
 .text.USBD_RunTestMode
                0x0000000008004218       0x12 Middlewares/ST/STM32_USB_Device_Library/Core/Src/usbd_core.o
                0x0000000008004218                USBD_RunTestMode
 .text.USBD_SetClassConfig
                0x000000000800422a       0x50 Middlewares/ST/STM32_USB_Device_Library/Core/Src/usbd_core.o
                0x000000000800422a                USBD_SetClassConfig
 .text.USBD_ClrClassConfig
                0x000000000800427a       0x2c Middlewares/ST/STM32_USB_Device_Library/Core/Src/usbd_core.o
                0x000000000800427a                USBD_ClrClassConfig
 *fill*         0x00000000080042a6        0x2 
 .text.USBD_LL_SetupStage
                0x00000000080042a8       0xb8 Middlewares/ST/STM32_USB_Device_Library/Core/Src/usbd_core.o
                0x00000000080042a8                USBD_LL_SetupStage
 .text.USBD_LL_DataOutStage
                0x0000000008004360      0x104 Middlewares/ST/STM32_USB_Device_Library/Core/Src/usbd_core.o
                0x0000000008004360                USBD_LL_DataOutStage
 .text.USBD_LL_DataInStage
                0x0000000008004464      0x17a Middlewares/ST/STM32_USB_Device_Library/Core/Src/usbd_core.o
                0x0000000008004464                USBD_LL_DataInStage
 .text.USBD_LL_Reset
                0x00000000080045de       0x90 Middlewares/ST/STM32_USB_Device_Library/Core/Src/usbd_core.o
                0x00000000080045de                USBD_LL_Reset
 .text.USBD_LL_SetSpeed
                0x000000000800466e       0x20 Middlewares/ST/STM32_USB_Device_Library/Core/Src/usbd_core.o
                0x000000000800466e                USBD_LL_SetSpeed
 *fill*         0x000000000800468e        0x2 
 .text.USBD_LL_Suspend
                0x0000000008004690       0x30 Middlewares/ST/STM32_USB_Device_Library/Core/Src/usbd_core.o
                0x0000000008004690                USBD_LL_Suspend
 .text.USBD_LL_Resume
                0x00000000080046c0       0x24 Middlewares/ST/STM32_USB_Device_Library/Core/Src/usbd_core.o
                0x00000000080046c0                USBD_LL_Resume
 .text.USBD_LL_SOF
                0x00000000080046e4       0x3c Middlewares/ST/STM32_USB_Device_Library/Core/Src/usbd_core.o
                0x00000000080046e4                USBD_LL_SOF
 .text.USBD_StdDevReq
                0x0000000008004720       0xe4 Middlewares/ST/STM32_USB_Device_Library/Core/Src/usbd_ctlreq.o
                0x0000000008004720                USBD_StdDevReq
 .text.USBD_StdItfReq
                0x0000000008004804       0xae Middlewares/ST/STM32_USB_Device_Library/Core/Src/usbd_ctlreq.o
                0x0000000008004804                USBD_StdItfReq
 .text.USBD_StdEPReq
                0x00000000080048b2      0x378 Middlewares/ST/STM32_USB_Device_Library/Core/Src/usbd_ctlreq.o
                0x00000000080048b2                USBD_StdEPReq
 *fill*         0x0000000008004c2a        0x2 
 .text.USBD_GetDescriptor
                0x0000000008004c2c      0x224 Middlewares/ST/STM32_USB_Device_Library/Core/Src/usbd_ctlreq.o
 .text.USBD_SetAddress
                0x0000000008004e50       0xa8 Middlewares/ST/STM32_USB_Device_Library/Core/Src/usbd_ctlreq.o
 .text.USBD_SetConfig
                0x0000000008004ef8      0x148 Middlewares/ST/STM32_USB_Device_Library/Core/Src/usbd_ctlreq.o
 .text.USBD_GetConfig
                0x0000000008005040       0x74 Middlewares/ST/STM32_USB_Device_Library/Core/Src/usbd_ctlreq.o
 .text.USBD_GetStatus
                0x00000000080050b4       0x74 Middlewares/ST/STM32_USB_Device_Library/Core/Src/usbd_ctlreq.o
 .text.USBD_SetFeature
                0x0000000008005128       0x2c Middlewares/ST/STM32_USB_Device_Library/Core/Src/usbd_ctlreq.o
 .text.USBD_ClrFeature
                0x0000000008005154       0x4c Middlewares/ST/STM32_USB_Device_Library/Core/Src/usbd_ctlreq.o
 .text.USBD_ParseSetupRequest
                0x00000000080051a0       0x76 Middlewares/ST/STM32_USB_Device_Library/Core/Src/usbd_ctlreq.o
                0x00000000080051a0                USBD_ParseSetupRequest
 .text.USBD_CtlError
                0x0000000008005216       0x26 Middlewares/ST/STM32_USB_Device_Library/Core/Src/usbd_ctlreq.o
                0x0000000008005216                USBD_CtlError
 .text.USBD_GetString
                0x000000000800523c       0x9e Middlewares/ST/STM32_USB_Device_Library/Core/Src/usbd_ctlreq.o
                0x000000000800523c                USBD_GetString
 .text.USBD_GetLen
                0x00000000080052da       0x3a Middlewares/ST/STM32_USB_Device_Library/Core/Src/usbd_ctlreq.o
 .text.USBD_CtlSendData
                0x0000000008005314       0x40 Middlewares/ST/STM32_USB_Device_Library/Core/Src/usbd_ioreq.o
                0x0000000008005314                USBD_CtlSendData
 .text.USBD_CtlContinueSendData
                0x0000000008005354       0x26 Middlewares/ST/STM32_USB_Device_Library/Core/Src/usbd_ioreq.o
                0x0000000008005354                USBD_CtlContinueSendData
 .text.USBD_CtlPrepareRx
                0x000000000800537a       0x48 Middlewares/ST/STM32_USB_Device_Library/Core/Src/usbd_ioreq.o
                0x000000000800537a                USBD_CtlPrepareRx
 .text.USBD_CtlContinueRx
                0x00000000080053c2       0x26 Middlewares/ST/STM32_USB_Device_Library/Core/Src/usbd_ioreq.o
                0x00000000080053c2                USBD_CtlContinueRx
 .text.USBD_CtlSendStatus
                0x00000000080053e8       0x28 Middlewares/ST/STM32_USB_Device_Library/Core/Src/usbd_ioreq.o
                0x00000000080053e8                USBD_CtlSendStatus
 .text.USBD_CtlReceiveStatus
                0x0000000008005410       0x28 Middlewares/ST/STM32_USB_Device_Library/Core/Src/usbd_ioreq.o
                0x0000000008005410                USBD_CtlReceiveStatus
 .text.main     0x0000000008005438       0x3c Src/main.o
                0x0000000008005438                main
 .text.SystemClock_Config
                0x0000000008005474       0xdc Src/main.o
                0x0000000008005474                SystemClock_Config
 .text.MX_I2C1_Init
                0x0000000008005550       0x80 Src/main.o
 .text.MX_GPIO_Init
                0x00000000080055d0       0xb0 Src/main.o
 .text.Error_Handler
                0x0000000008005680        0xa Src/main.o
                0x0000000008005680                Error_Handler
 *fill*         0x000000000800568a        0x2 
 .text.HAL_MspInit
                0x000000000800568c       0x28 Src/stm32l0xx_hal_msp.o
                0x000000000800568c                HAL_MspInit
 .text.HAL_I2C_MspInit
                0x00000000080056b4       0x88 Src/stm32l0xx_hal_msp.o
                0x00000000080056b4                HAL_I2C_MspInit
 .text.NMI_Handler
                0x000000000800573c        0xa Src/stm32l0xx_it.o
                0x000000000800573c                NMI_Handler
 .text.HardFault_Handler
                0x0000000008005746        0x6 Src/stm32l0xx_it.o
                0x0000000008005746                HardFault_Handler
 .text.SVC_Handler
                0x000000000800574c        0xa Src/stm32l0xx_it.o
                0x000000000800574c                SVC_Handler
 .text.PendSV_Handler
                0x0000000008005756        0xa Src/stm32l0xx_it.o
                0x0000000008005756                PendSV_Handler
 .text.SysTick_Handler
                0x0000000008005760        0xe Src/stm32l0xx_it.o
                0x0000000008005760                SysTick_Handler
 *fill*         0x000000000800576e        0x2 
 .text.USB_IRQHandler
                0x0000000008005770       0x18 Src/stm32l0xx_it.o
                0x0000000008005770                USB_IRQHandler
 .text.SystemInit
                0x0000000008005788       0x7c Src/system_stm32l0xx.o
                0x0000000008005788                SystemInit
 .text.MX_USB_DEVICE_Init
                0x0000000008005804       0x68 Src/usb_device.o
                0x0000000008005804                MX_USB_DEVICE_Init
 .text.CDC_Init_FS
                0x000000000800586c       0x44 Src/usbd_cdc_if.o
 .text.CDC_DeInit_FS
                0x00000000080058b0        0xc Src/usbd_cdc_if.o
 .text.CDC_Control_FS
                0x00000000080058bc       0x38 Src/usbd_cdc_if.o
 .text.CDC_Receive_FS
                0x00000000080058f4      0x124 Src/usbd_cdc_if.o
 .text.CDC_Transmit_FS
                0x0000000008005a18       0x60 Src/usbd_cdc_if.o
                0x0000000008005a18                CDC_Transmit_FS
 .text.GetUserDataBuf
                0x0000000008005a78       0x10 Src/usbd_cdc_if.o
                0x0000000008005a78                GetUserDataBuf
 .text.ClearUserDataBuf
                0x0000000008005a88       0x30 Src/usbd_cdc_if.o
                0x0000000008005a88                ClearUserDataBuf
 .text.CheckUserDataReady
                0x0000000008005ab8       0x14 Src/usbd_cdc_if.o
                0x0000000008005ab8                CheckUserDataReady
 .text.GetUserDataSize
                0x0000000008005acc       0x14 Src/usbd_cdc_if.o
                0x0000000008005acc                GetUserDataSize
 .text.HAL_PCD_MspInit
                0x0000000008005ae0       0x40 Src/usbd_conf.o
                0x0000000008005ae0                HAL_PCD_MspInit
 .text.HAL_PCD_SetupStageCallback
                0x0000000008005b20       0x2a Src/usbd_conf.o
                0x0000000008005b20                HAL_PCD_SetupStageCallback
 .text.HAL_PCD_DataOutStageCallback
                0x0000000008005b4a       0x3a Src/usbd_conf.o
                0x0000000008005b4a                HAL_PCD_DataOutStageCallback
 .text.HAL_PCD_DataInStageCallback
                0x0000000008005b84       0x36 Src/usbd_conf.o
                0x0000000008005b84                HAL_PCD_DataInStageCallback
 .text.HAL_PCD_SOFCallback
                0x0000000008005bba       0x1e Src/usbd_conf.o
                0x0000000008005bba                HAL_PCD_SOFCallback
 .text.HAL_PCD_ResetCallback
                0x0000000008005bd8       0x48 Src/usbd_conf.o
                0x0000000008005bd8                HAL_PCD_ResetCallback
 .text.HAL_PCD_SuspendCallback
                0x0000000008005c20       0x38 Src/usbd_conf.o
                0x0000000008005c20                HAL_PCD_SuspendCallback
 .text.HAL_PCD_ResumeCallback
                0x0000000008005c58       0x3c Src/usbd_conf.o
                0x0000000008005c58                HAL_PCD_ResumeCallback
 .text.USBD_LL_Init
                0x0000000008005c94       0xc8 Src/usbd_conf.o
                0x0000000008005c94                USBD_LL_Init
 .text.USBD_LL_Start
                0x0000000008005d5c       0x4c Src/usbd_conf.o
                0x0000000008005d5c                USBD_LL_Start
 .text.USBD_LL_OpenEP
                0x0000000008005da8       0x6e Src/usbd_conf.o
                0x0000000008005da8                USBD_LL_OpenEP
 .text.USBD_LL_CloseEP
                0x0000000008005e16       0x58 Src/usbd_conf.o
                0x0000000008005e16                USBD_LL_CloseEP
 .text.USBD_LL_StallEP
                0x0000000008005e6e       0x58 Src/usbd_conf.o
                0x0000000008005e6e                USBD_LL_StallEP
 .text.USBD_LL_ClearStallEP
                0x0000000008005ec6       0x58 Src/usbd_conf.o
                0x0000000008005ec6                USBD_LL_ClearStallEP
 .text.USBD_LL_IsStallEP
                0x0000000008005f1e       0x56 Src/usbd_conf.o
                0x0000000008005f1e                USBD_LL_IsStallEP
 .text.USBD_LL_SetUSBAddress
                0x0000000008005f74       0x58 Src/usbd_conf.o
                0x0000000008005f74                USBD_LL_SetUSBAddress
 .text.USBD_LL_Transmit
                0x0000000008005fcc       0x70 Src/usbd_conf.o
                0x0000000008005fcc                USBD_LL_Transmit
 .text.USBD_LL_PrepareReceive
                0x000000000800603c       0x70 Src/usbd_conf.o
                0x000000000800603c                USBD_LL_PrepareReceive
 .text.USBD_LL_GetRxDataSize
                0x00000000080060ac       0x2c Src/usbd_conf.o
                0x00000000080060ac                USBD_LL_GetRxDataSize
 .text.USBD_static_malloc
                0x00000000080060d8       0x18 Src/usbd_conf.o
                0x00000000080060d8                USBD_static_malloc
 .text.USBD_static_free
                0x00000000080060f0       0x10 Src/usbd_conf.o
                0x00000000080060f0                USBD_static_free
 .text.SystemClockConfig_Resume
                0x0000000008006100        0xe Src/usbd_conf.o
 .text.USBD_Get_USB_Status
                0x000000000800610e       0x6e Src/usbd_conf.o
 .text.USBD_FS_DeviceDescriptor
                0x000000000800617c       0x24 Src/usbd_desc.o
                0x000000000800617c                USBD_FS_DeviceDescriptor
 .text.USBD_FS_LangIDStrDescriptor
                0x00000000080061a0       0x24 Src/usbd_desc.o
                0x00000000080061a0                USBD_FS_LangIDStrDescriptor
 .text.USBD_FS_ProductStrDescriptor
                0x00000000080061c4       0x44 Src/usbd_desc.o
                0x00000000080061c4                USBD_FS_ProductStrDescriptor
 .text.USBD_FS_ManufacturerStrDescriptor
                0x0000000008006208       0x2c Src/usbd_desc.o
                0x0000000008006208                USBD_FS_ManufacturerStrDescriptor
 .text.USBD_FS_SerialStrDescriptor
                0x0000000008006234       0x28 Src/usbd_desc.o
                0x0000000008006234                USBD_FS_SerialStrDescriptor
 .text.USBD_FS_ConfigStrDescriptor
                0x000000000800625c       0x44 Src/usbd_desc.o
                0x000000000800625c                USBD_FS_ConfigStrDescriptor
 .text.USBD_FS_InterfaceStrDescriptor
                0x00000000080062a0       0x44 Src/usbd_desc.o
                0x00000000080062a0                USBD_FS_InterfaceStrDescriptor
 .text.Get_SerialNum
                0x00000000080062e4       0x5c Src/usbd_desc.o
 .text.IntToUnicode
                0x0000000008006340       0x94 Src/usbd_desc.o
 .text.Reset_Handler
                0x00000000080063d4       0x50 Startup/startup_stm32l073rztx.o
                0x00000000080063d4                Reset_Handler
 .text.Default_Handler
                0x0000000008006424        0x2 Startup/startup_stm32l073rztx.o
                0x0000000008006424                TSC_IRQHandler
                0x0000000008006424                ADC1_COMP_IRQHandler
                0x0000000008006424                PVD_IRQHandler
                0x0000000008006424                I2C1_IRQHandler
                0x0000000008006424                RCC_CRS_IRQHandler
                0x0000000008006424                SPI1_IRQHandler
                0x0000000008006424                TIM6_DAC_IRQHandler
                0x0000000008006424                EXTI2_3_IRQHandler
                0x0000000008006424                I2C2_IRQHandler
                0x0000000008006424                RTC_IRQHandler
                0x0000000008006424                LCD_IRQHandler
                0x0000000008006424                DMA1_Channel4_5_6_7_IRQHandler
                0x0000000008006424                TIM3_IRQHandler
                0x0000000008006424                EXTI4_15_IRQHandler
                0x0000000008006424                DMA1_Channel1_IRQHandler
                0x0000000008006424                USART4_5_IRQHandler
                0x0000000008006424                Default_Handler
                0x0000000008006424                TIM22_IRQHandler
                0x0000000008006424                TIM7_IRQHandler
                0x0000000008006424                EXTI0_1_IRQHandler
                0x0000000008006424                I2C3_IRQHandler
                0x0000000008006424                SPI2_IRQHandler
                0x0000000008006424                TIM21_IRQHandler
                0x0000000008006424                WWDG_IRQHandler
                0x0000000008006424                TIM2_IRQHandler
                0x0000000008006424                DMA1_Channel2_3_IRQHandler
                0x0000000008006424                USART2_IRQHandler
                0x0000000008006424                FLASH_IRQHandler
                0x0000000008006424                USART1_IRQHandler
                0x0000000008006424                RNG_LPUART1_IRQHandler
                0x0000000008006424                LPTIM1_IRQHandler
 *fill*         0x0000000008006426        0x2 
 .text.__libc_init_array
                0x0000000008006428       0x48 /opt/st/stm32cubeide_1.0.1/plugins/com.st.stm32cube.ide.mcu.externaltools.gnu-tools-for-stm32.7-2018-q2-update.linux64_1.0.0.201904181610/tools/bin/../lib/gcc/arm-none-eabi/7.3.1/../../../../arm-none-eabi/lib/thumb/v6-m/libc_nano.a(lib_a-init.o)
                0x0000000008006428                __libc_init_array
 .text.memset   0x0000000008006470       0x10 /opt/st/stm32cubeide_1.0.1/plugins/com.st.stm32cube.ide.mcu.externaltools.gnu-tools-for-stm32.7-2018-q2-update.linux64_1.0.0.201904181610/tools/bin/../lib/gcc/arm-none-eabi/7.3.1/../../../../arm-none-eabi/lib/thumb/v6-m/libc_nano.a(lib_a-memset.o)
                0x0000000008006470                memset
 *(.glue_7)
 .glue_7        0x0000000008006480        0x0 linker stubs
 *(.glue_7t)
 .glue_7t       0x0000000008006480        0x0 linker stubs
 *(.eh_frame)
 .eh_frame      0x0000000008006480        0x0 /opt/st/stm32cubeide_1.0.1/plugins/com.st.stm32cube.ide.mcu.externaltools.gnu-tools-for-stm32.7-2018-q2-update.linux64_1.0.0.201904181610/tools/bin/../lib/gcc/arm-none-eabi/7.3.1/thumb/v6-m/crtbegin.o
 *(.init)
 .init          0x0000000008006480        0x4 /opt/st/stm32cubeide_1.0.1/plugins/com.st.stm32cube.ide.mcu.externaltools.gnu-tools-for-stm32.7-2018-q2-update.linux64_1.0.0.201904181610/tools/bin/../lib/gcc/arm-none-eabi/7.3.1/thumb/v6-m/crti.o
                0x0000000008006480                _init
 .init          0x0000000008006484        0x8 /opt/st/stm32cubeide_1.0.1/plugins/com.st.stm32cube.ide.mcu.externaltools.gnu-tools-for-stm32.7-2018-q2-update.linux64_1.0.0.201904181610/tools/bin/../lib/gcc/arm-none-eabi/7.3.1/thumb/v6-m/crtn.o
 *(.fini)
 .fini          0x000000000800648c        0x4 /opt/st/stm32cubeide_1.0.1/plugins/com.st.stm32cube.ide.mcu.externaltools.gnu-tools-for-stm32.7-2018-q2-update.linux64_1.0.0.201904181610/tools/bin/../lib/gcc/arm-none-eabi/7.3.1/thumb/v6-m/crti.o
                0x000000000800648c                _fini
 .fini          0x0000000008006490        0x8 /opt/st/stm32cubeide_1.0.1/plugins/com.st.stm32cube.ide.mcu.externaltools.gnu-tools-for-stm32.7-2018-q2-update.linux64_1.0.0.201904181610/tools/bin/../lib/gcc/arm-none-eabi/7.3.1/thumb/v6-m/crtn.o
                0x0000000008006498                . = ALIGN (0x4)
                0x0000000008006498                _etext = .

.vfp11_veneer   0x0000000008006498        0x0
 .vfp11_veneer  0x0000000008006498        0x0 linker stubs

.v4_bx          0x0000000008006498        0x0
 .v4_bx         0x0000000008006498        0x0 linker stubs

.iplt           0x0000000008006498        0x0
 .iplt          0x0000000008006498        0x0 /opt/st/stm32cubeide_1.0.1/plugins/com.st.stm32cube.ide.mcu.externaltools.gnu-tools-for-stm32.7-2018-q2-update.linux64_1.0.0.201904181610/tools/bin/../lib/gcc/arm-none-eabi/7.3.1/thumb/v6-m/crtbegin.o

.rodata         0x0000000008006498      0x144
                0x0000000008006498                . = ALIGN (0x4)
 *(.rodata)
 .rodata        0x0000000008006498        0x7 Src/usbd_cdc_if.o
 *fill*         0x000000000800649f        0x1 
 .rodata        0x00000000080064a0       0x2e Src/usbd_desc.o
 *(.rodata*)
 *fill*         0x00000000080064ce        0x2 
 .rodata.USBD_StdDevReq
                0x00000000080064d0       0x28 Middlewares/ST/STM32_USB_Device_Library/Core/Src/usbd_ctlreq.o
 .rodata.USBD_GetDescriptor
                0x00000000080064f8       0x38 Middlewares/ST/STM32_USB_Device_Library/Core/Src/usbd_ctlreq.o
 .rodata.AHBPrescTable
                0x0000000008006530       0x10 Src/system_stm32l0xx.o
                0x0000000008006530                AHBPrescTable
 .rodata.PLLMulTable
                0x0000000008006540        0x9 Src/system_stm32l0xx.o
                0x0000000008006540                PLLMulTable
 *fill*         0x0000000008006549        0x3 
 .rodata.CDC_Control_FS
                0x000000000800654c       0x90 Src/usbd_cdc_if.o
                0x00000000080065dc                . = ALIGN (0x4)

.rel.dyn        0x00000000080065dc        0x0
 .rel.iplt      0x00000000080065dc        0x0 /opt/st/stm32cubeide_1.0.1/plugins/com.st.stm32cube.ide.mcu.externaltools.gnu-tools-for-stm32.7-2018-q2-update.linux64_1.0.0.201904181610/tools/bin/../lib/gcc/arm-none-eabi/7.3.1/thumb/v6-m/crtbegin.o

.ARM.extab      0x00000000080065dc        0x0
                0x00000000080065dc                . = ALIGN (0x4)
 *(.ARM.extab* .gnu.linkonce.armextab.*)
                0x00000000080065dc                . = ALIGN (0x4)

.ARM            0x00000000080065dc        0x0
                0x00000000080065dc                . = ALIGN (0x4)
                0x00000000080065dc                __exidx_start = .
 *(.ARM.exidx*)
                0x00000000080065dc                __exidx_end = .
                0x00000000080065dc                . = ALIGN (0x4)

.preinit_array  0x00000000080065dc        0x0
                0x00000000080065dc                . = ALIGN (0x4)
                0x00000000080065dc                PROVIDE (__preinit_array_start = .)
 *(.preinit_array*)
                0x00000000080065dc                PROVIDE (__preinit_array_end = .)
                0x00000000080065dc                . = ALIGN (0x4)

.init_array     0x00000000080065dc        0x4
                0x00000000080065dc                . = ALIGN (0x4)
                0x00000000080065dc                PROVIDE (__init_array_start = .)
 *(SORT_BY_NAME(.init_array.*))
 *(.init_array*)
 .init_array    0x00000000080065dc        0x4 /opt/st/stm32cubeide_1.0.1/plugins/com.st.stm32cube.ide.mcu.externaltools.gnu-tools-for-stm32.7-2018-q2-update.linux64_1.0.0.201904181610/tools/bin/../lib/gcc/arm-none-eabi/7.3.1/thumb/v6-m/crtbegin.o
                0x00000000080065e0                PROVIDE (__init_array_end = .)
                0x00000000080065e0                . = ALIGN (0x4)

.fini_array     0x00000000080065e0        0x4
                0x00000000080065e0                . = ALIGN (0x4)
                [!provide]                        PROVIDE (__fini_array_start = .)
 *(SORT_BY_NAME(.fini_array.*))
 *(.fini_array*)
 .fini_array    0x00000000080065e0        0x4 /opt/st/stm32cubeide_1.0.1/plugins/com.st.stm32cube.ide.mcu.externaltools.gnu-tools-for-stm32.7-2018-q2-update.linux64_1.0.0.201904181610/tools/bin/../lib/gcc/arm-none-eabi/7.3.1/thumb/v6-m/crtbegin.o
                [!provide]                        PROVIDE (__fini_array_end = .)
                0x00000000080065e4                . = ALIGN (0x4)
                0x00000000080065e4                _sidata = LOADADDR (.data)

.data           0x0000000020000000      0x178 load address 0x00000000080065e4
                0x0000000020000000                . = ALIGN (0x4)
                0x0000000020000000                _sdata = .
 *(.data)
 *(.data*)
 .data.USBD_CDC_DeviceQualifierDesc
                0x0000000020000000        0xa Middlewares/ST/STM32_USB_Device_Library/Class/CDC/Src/usbd_cdc.o
 *fill*         0x000000002000000a        0x2 
 .data.USBD_CDC
                0x000000002000000c       0x38 Middlewares/ST/STM32_USB_Device_Library/Class/CDC/Src/usbd_cdc.o
                0x000000002000000c                USBD_CDC
 .data.USBD_CDC_CfgHSDesc
                0x0000000020000044       0x43 Middlewares/ST/STM32_USB_Device_Library/Class/CDC/Src/usbd_cdc.o
                0x0000000020000044                USBD_CDC_CfgHSDesc
 *fill*         0x0000000020000087        0x1 
 .data.USBD_CDC_CfgFSDesc
                0x0000000020000088       0x43 Middlewares/ST/STM32_USB_Device_Library/Class/CDC/Src/usbd_cdc.o
                0x0000000020000088                USBD_CDC_CfgFSDesc
 *fill*         0x00000000200000cb        0x1 
 .data.USBD_CDC_OtherSpeedCfgDesc
                0x00000000200000cc       0x43 Middlewares/ST/STM32_USB_Device_Library/Class/CDC/Src/usbd_cdc.o
                0x00000000200000cc                USBD_CDC_OtherSpeedCfgDesc
 *fill*         0x000000002000010f        0x1 
 .data.SystemCoreClock
                0x0000000020000110        0x4 Src/system_stm32l0xx.o
                0x0000000020000110                SystemCoreClock
 .data.LocalEcho
                0x0000000020000114        0x1 Src/usbd_cdc_if.o
                0x0000000020000114                LocalEcho
 *fill*         0x0000000020000115        0x3 
 .data.USBD_Interface_fops_FS
                0x0000000020000118       0x10 Src/usbd_cdc_if.o
                0x0000000020000118                USBD_Interface_fops_FS
 .data.FS_Desc  0x0000000020000128       0x1c Src/usbd_desc.o
                0x0000000020000128                FS_Desc
 .data.USBD_FS_DeviceDesc
                0x0000000020000144       0x12 Src/usbd_desc.o
                0x0000000020000144                USBD_FS_DeviceDesc
 *fill*         0x0000000020000156        0x2 
 .data.USBD_LangIDDesc
                0x0000000020000158        0x4 Src/usbd_desc.o
                0x0000000020000158                USBD_LangIDDesc
 .data.USBD_StringSerial
                0x000000002000015c       0x1a Src/usbd_desc.o
                0x000000002000015c                USBD_StringSerial
                0x0000000020000178                . = ALIGN (0x4)
 *fill*         0x0000000020000176        0x2 
                0x0000000020000178                _edata = .

.igot.plt       0x0000000020000178        0x0 load address 0x000000000800675c
 .igot.plt      0x0000000020000178        0x0 /opt/st/stm32cubeide_1.0.1/plugins/com.st.stm32cube.ide.mcu.externaltools.gnu-tools-for-stm32.7-2018-q2-update.linux64_1.0.0.201904181610/tools/bin/../lib/gcc/arm-none-eabi/7.3.1/thumb/v6-m/crtbegin.o
                0x0000000020000178                . = ALIGN (0x4)

.bss            0x0000000020000178      0xca4 load address 0x000000000800675c
                0x0000000020000178                _sbss = .
                0x0000000020000178                __bss_start__ = _sbss
 *(.bss)
 .bss           0x0000000020000178       0x1c /opt/st/stm32cubeide_1.0.1/plugins/com.st.stm32cube.ide.mcu.externaltools.gnu-tools-for-stm32.7-2018-q2-update.linux64_1.0.0.201904181610/tools/bin/../lib/gcc/arm-none-eabi/7.3.1/thumb/v6-m/crtbegin.o
 *(.bss*)
 .bss.cfgidx.7764
                0x0000000020000194        0x1 Middlewares/ST/STM32_USB_Device_Library/Core/Src/usbd_ctlreq.o
 .bss.UserDataReady
                0x0000000020000195        0x1 Src/usbd_cdc_if.o
                0x0000000020000195                UserDataReady
 .bss.UserDataIndex
                0x0000000020000196        0x1 Src/usbd_cdc_if.o
                0x0000000020000196                UserDataIndex
 *fill*         0x0000000020000197        0x1 
 .bss.mem.7833  0x0000000020000198      0x220 Src/usbd_conf.o
 *(COMMON)
 COMMON         0x00000000200003b8        0x4 Drivers/STM32L0xx_HAL_Driver/Src/stm32l0xx_hal.o
                0x00000000200003b8                uwTick
 COMMON         0x00000000200003bc       0x4c Src/main.o
                0x00000000200003bc                hi2c1
 COMMON         0x0000000020000408      0x29c Src/usb_device.o
                0x0000000020000408                hUsbDeviceFS
 COMMON         0x00000000200006a4      0x304 Src/usbd_cdc_if.o
                0x00000000200006a4                UserRxBufferFS
                0x00000000200006a8                UserTxBufferFS
                0x00000000200008a8                UserData
 COMMON         0x00000000200009a8      0x274 Src/usbd_conf.o
                0x00000000200009a8                hpcd_USB_FS
 COMMON         0x0000000020000c1c      0x200 Src/usbd_desc.o
                0x0000000020000c1c                USBD_StrDesc
                0x0000000020000e1c                . = ALIGN (0x4)
                0x0000000020000e1c                _ebss = .
                0x0000000020000e1c                __bss_end__ = _ebss

._user_heap_stack
                0x0000000020000e1c      0x604 load address 0x000000000800675c
                0x0000000020000e20                . = ALIGN (0x8)
 *fill*         0x0000000020000e1c        0x4 
                0x0000000020000e20                PROVIDE (end = .)
                [!provide]                        PROVIDE (_end = .)
                0x0000000020001020                . = (. + _Min_Heap_Size)
 *fill*         0x0000000020000e20      0x200 
                0x0000000020001420                . = (. + _Min_Stack_Size)
 *fill*         0x0000000020001020      0x400 
                0x0000000020001420                . = ALIGN (0x8)

/DISCARD/
 libc.a(*)
 libm.a(*)
 libgcc.a(*)

.ARM.attributes
                0x0000000000000000       0x28
 *(.ARM.attributes)
 .ARM.attributes
                0x0000000000000000       0x1e /opt/st/stm32cubeide_1.0.1/plugins/com.st.stm32cube.ide.mcu.externaltools.gnu-tools-for-stm32.7-2018-q2-update.linux64_1.0.0.201904181610/tools/bin/../lib/gcc/arm-none-eabi/7.3.1/thumb/v6-m/crti.o
 .ARM.attributes
                0x000000000000001e       0x2c /opt/st/stm32cubeide_1.0.1/plugins/com.st.stm32cube.ide.mcu.externaltools.gnu-tools-for-stm32.7-2018-q2-update.linux64_1.0.0.201904181610/tools/bin/../lib/gcc/arm-none-eabi/7.3.1/thumb/v6-m/crtbegin.o
 .ARM.attributes
                0x000000000000004a       0x32 Drivers/STM32L0xx_HAL_Driver/Src/stm32l0xx_hal.o
 .ARM.attributes
                0x000000000000007c       0x32 Drivers/STM32L0xx_HAL_Driver/Src/stm32l0xx_hal_cortex.o
 .ARM.attributes
                0x00000000000000ae       0x32 Drivers/STM32L0xx_HAL_Driver/Src/stm32l0xx_hal_gpio.o
 .ARM.attributes
                0x00000000000000e0       0x32 Drivers/STM32L0xx_HAL_Driver/Src/stm32l0xx_hal_i2c.o
 .ARM.attributes
                0x0000000000000112       0x32 Drivers/STM32L0xx_HAL_Driver/Src/stm32l0xx_hal_i2c_ex.o
 .ARM.attributes
                0x0000000000000144       0x32 Drivers/STM32L0xx_HAL_Driver/Src/stm32l0xx_hal_pcd.o
 .ARM.attributes
                0x0000000000000176       0x32 Drivers/STM32L0xx_HAL_Driver/Src/stm32l0xx_hal_pcd_ex.o
 .ARM.attributes
                0x00000000000001a8       0x32 Drivers/STM32L0xx_HAL_Driver/Src/stm32l0xx_hal_rcc.o
 .ARM.attributes
                0x00000000000001da       0x32 Drivers/STM32L0xx_HAL_Driver/Src/stm32l0xx_hal_rcc_ex.o
 .ARM.attributes
                0x000000000000020c       0x32 Drivers/STM32L0xx_HAL_Driver/Src/stm32l0xx_ll_usb.o
 .ARM.attributes
                0x000000000000023e       0x32 Middlewares/ST/STM32_USB_Device_Library/Class/CDC/Src/usbd_cdc.o
 .ARM.attributes
                0x0000000000000270       0x32 Middlewares/ST/STM32_USB_Device_Library/Core/Src/usbd_core.o
 .ARM.attributes
                0x00000000000002a2       0x32 Middlewares/ST/STM32_USB_Device_Library/Core/Src/usbd_ctlreq.o
 .ARM.attributes
                0x00000000000002d4       0x32 Middlewares/ST/STM32_USB_Device_Library/Core/Src/usbd_ioreq.o
 .ARM.attributes
                0x0000000000000306       0x32 Src/main.o
 .ARM.attributes
                0x0000000000000338       0x32 Src/stm32l0xx_hal_msp.o
 .ARM.attributes
                0x000000000000036a       0x32 Src/stm32l0xx_it.o
 .ARM.attributes
                0x000000000000039c       0x32 Src/system_stm32l0xx.o
 .ARM.attributes
                0x00000000000003ce       0x32 Src/usb_device.o
 .ARM.attributes
                0x0000000000000400       0x32 Src/usbd_cdc_if.o
 .ARM.attributes
                0x0000000000000432       0x32 Src/usbd_conf.o
 .ARM.attributes
                0x0000000000000464       0x32 Src/usbd_desc.o
 .ARM.attributes
                0x0000000000000496       0x22 Startup/startup_stm32l073rztx.o
 .ARM.attributes
                0x00000000000004b8       0x2c /opt/st/stm32cubeide_1.0.1/plugins/com.st.stm32cube.ide.mcu.externaltools.gnu-tools-for-stm32.7-2018-q2-update.linux64_1.0.0.201904181610/tools/bin/../lib/gcc/arm-none-eabi/7.3.1/../../../../arm-none-eabi/lib/thumb/v6-m/libc_nano.a(lib_a-init.o)
 .ARM.attributes
                0x00000000000004e4       0x2c /opt/st/stm32cubeide_1.0.1/plugins/com.st.stm32cube.ide.mcu.externaltools.gnu-tools-for-stm32.7-2018-q2-update.linux64_1.0.0.201904181610/tools/bin/../lib/gcc/arm-none-eabi/7.3.1/../../../../arm-none-eabi/lib/thumb/v6-m/libc_nano.a(lib_a-memset.o)
 .ARM.attributes
                0x0000000000000510       0x1e /opt/st/stm32cubeide_1.0.1/plugins/com.st.stm32cube.ide.mcu.externaltools.gnu-tools-for-stm32.7-2018-q2-update.linux64_1.0.0.201904181610/tools/bin/../lib/gcc/arm-none-eabi/7.3.1/thumb/v6-m/libgcc.a(_udivsi3.o)
 .ARM.attributes
                0x000000000000052e       0x1e /opt/st/stm32cubeide_1.0.1/plugins/com.st.stm32cube.ide.mcu.externaltools.gnu-tools-for-stm32.7-2018-q2-update.linux64_1.0.0.201904181610/tools/bin/../lib/gcc/arm-none-eabi/7.3.1/thumb/v6-m/libgcc.a(_dvmd_tls.o)
 .ARM.attributes
                0x000000000000054c       0x1e /opt/st/stm32cubeide_1.0.1/plugins/com.st.stm32cube.ide.mcu.externaltools.gnu-tools-for-stm32.7-2018-q2-update.linux64_1.0.0.201904181610/tools/bin/../lib/gcc/arm-none-eabi/7.3.1/thumb/v6-m/crtn.o
OUTPUT(lixie.elf elf32-littlearm)

.debug_info     0x0000000000000000    0x138c2
 .debug_info    0x0000000000000000      0x7f2 Drivers/STM32L0xx_HAL_Driver/Src/stm32l0xx_hal.o
 .debug_info    0x00000000000007f2      0x8e5 Drivers/STM32L0xx_HAL_Driver/Src/stm32l0xx_hal_cortex.o
 .debug_info    0x00000000000010d7      0x6cb Drivers/STM32L0xx_HAL_Driver/Src/stm32l0xx_hal_gpio.o
 .debug_info    0x00000000000017a2     0x1eef Drivers/STM32L0xx_HAL_Driver/Src/stm32l0xx_hal_i2c.o
 .debug_info    0x0000000000003691      0x8e8 Drivers/STM32L0xx_HAL_Driver/Src/stm32l0xx_hal_i2c_ex.o
 .debug_info    0x0000000000003f79      0xe40 Drivers/STM32L0xx_HAL_Driver/Src/stm32l0xx_hal_pcd.o
 .debug_info    0x0000000000004db9      0x856 Drivers/STM32L0xx_HAL_Driver/Src/stm32l0xx_hal_pcd_ex.o
 .debug_info    0x000000000000560f      0x9a0 Drivers/STM32L0xx_HAL_Driver/Src/stm32l0xx_hal_rcc.o
 .debug_info    0x0000000000005faf      0x824 Drivers/STM32L0xx_HAL_Driver/Src/stm32l0xx_hal_rcc_ex.o
 .debug_info    0x00000000000067d3     0x14d9 Drivers/STM32L0xx_HAL_Driver/Src/stm32l0xx_ll_usb.o
 .debug_info    0x0000000000007cac     0x1792 Middlewares/ST/STM32_USB_Device_Library/Class/CDC/Src/usbd_cdc.o
 .debug_info    0x000000000000943e     0x1185 Middlewares/ST/STM32_USB_Device_Library/Core/Src/usbd_core.o
 .debug_info    0x000000000000a5c3     0x10e6 Middlewares/ST/STM32_USB_Device_Library/Core/Src/usbd_ctlreq.o
 .debug_info    0x000000000000b6a9      0xee6 Middlewares/ST/STM32_USB_Device_Library/Core/Src/usbd_ioreq.o
 .debug_info    0x000000000000c58f     0x17d5 Src/main.o
 .debug_info    0x000000000000dd64      0x8d6 Src/stm32l0xx_hal_msp.o
 .debug_info    0x000000000000e63a      0x63e Src/stm32l0xx_it.o
 .debug_info    0x000000000000ec78      0x390 Src/system_stm32l0xx.o
 .debug_info    0x000000000000f008      0xe2e Src/usb_device.o
 .debug_info    0x000000000000fe36     0x1110 Src/usbd_cdc_if.o
 .debug_info    0x0000000000010f46     0x1c90 Src/usbd_conf.o
 .debug_info    0x0000000000012bd6      0xcca Src/usbd_desc.o
 .debug_info    0x00000000000138a0       0x22 Startup/startup_stm32l073rztx.o

.debug_abbrev   0x0000000000000000     0x2eca
 .debug_abbrev  0x0000000000000000      0x219 Drivers/STM32L0xx_HAL_Driver/Src/stm32l0xx_hal.o
 .debug_abbrev  0x0000000000000219      0x261 Drivers/STM32L0xx_HAL_Driver/Src/stm32l0xx_hal_cortex.o
 .debug_abbrev  0x000000000000047a      0x1c0 Drivers/STM32L0xx_HAL_Driver/Src/stm32l0xx_hal_gpio.o
 .debug_abbrev  0x000000000000063a      0x239 Drivers/STM32L0xx_HAL_Driver/Src/stm32l0xx_hal_i2c.o
 .debug_abbrev  0x0000000000000873      0x1b0 Drivers/STM32L0xx_HAL_Driver/Src/stm32l0xx_hal_i2c_ex.o
 .debug_abbrev  0x0000000000000a23      0x263 Drivers/STM32L0xx_HAL_Driver/Src/stm32l0xx_hal_pcd.o
 .debug_abbrev  0x0000000000000c86      0x1eb Drivers/STM32L0xx_HAL_Driver/Src/stm32l0xx_hal_pcd_ex.o
 .debug_abbrev  0x0000000000000e71      0x21a Drivers/STM32L0xx_HAL_Driver/Src/stm32l0xx_hal_rcc.o
 .debug_abbrev  0x000000000000108b      0x1ea Drivers/STM32L0xx_HAL_Driver/Src/stm32l0xx_hal_rcc_ex.o
 .debug_abbrev  0x0000000000001275      0x239 Drivers/STM32L0xx_HAL_Driver/Src/stm32l0xx_ll_usb.o
 .debug_abbrev  0x00000000000014ae      0x2b6 Middlewares/ST/STM32_USB_Device_Library/Class/CDC/Src/usbd_cdc.o
 .debug_abbrev  0x0000000000001764      0x270 Middlewares/ST/STM32_USB_Device_Library/Core/Src/usbd_core.o
 .debug_abbrev  0x00000000000019d4      0x2a0 Middlewares/ST/STM32_USB_Device_Library/Core/Src/usbd_ctlreq.o
 .debug_abbrev  0x0000000000001c74      0x1e0 Middlewares/ST/STM32_USB_Device_Library/Core/Src/usbd_ioreq.o
 .debug_abbrev  0x0000000000001e54      0x250 Src/main.o
 .debug_abbrev  0x00000000000020a4      0x18c Src/stm32l0xx_hal_msp.o
 .debug_abbrev  0x0000000000002230      0x155 Src/stm32l0xx_it.o
 .debug_abbrev  0x0000000000002385      0x111 Src/system_stm32l0xx.o
 .debug_abbrev  0x0000000000002496      0x1be Src/usb_device.o
 .debug_abbrev  0x0000000000002654      0x2ec Src/usbd_cdc_if.o
 .debug_abbrev  0x0000000000002940      0x2e8 Src/usbd_conf.o
 .debug_abbrev  0x0000000000002c28      0x290 Src/usbd_desc.o
 .debug_abbrev  0x0000000000002eb8       0x12 Startup/startup_stm32l073rztx.o

.debug_aranges  0x0000000000000000      0xdd8
 .debug_aranges
                0x0000000000000000       0xf8 Drivers/STM32L0xx_HAL_Driver/Src/stm32l0xx_hal.o
 .debug_aranges
                0x00000000000000f8       0xd8 Drivers/STM32L0xx_HAL_Driver/Src/stm32l0xx_hal_cortex.o
 .debug_aranges
                0x00000000000001d0       0x58 Drivers/STM32L0xx_HAL_Driver/Src/stm32l0xx_hal_gpio.o
 .debug_aranges
                0x0000000000000228      0x288 Drivers/STM32L0xx_HAL_Driver/Src/stm32l0xx_hal_i2c.o
 .debug_aranges
                0x00000000000004b0       0x48 Drivers/STM32L0xx_HAL_Driver/Src/stm32l0xx_hal_i2c_ex.o
 .debug_aranges
                0x00000000000004f8      0x120 Drivers/STM32L0xx_HAL_Driver/Src/stm32l0xx_hal_pcd.o
 .debug_aranges
                0x0000000000000618       0x58 Drivers/STM32L0xx_HAL_Driver/Src/stm32l0xx_hal_pcd_ex.o
 .debug_aranges
                0x0000000000000670       0x80 Drivers/STM32L0xx_HAL_Driver/Src/stm32l0xx_hal_rcc.o
 .debug_aranges
                0x00000000000006f0       0xb0 Drivers/STM32L0xx_HAL_Driver/Src/stm32l0xx_hal_rcc_ex.o
 .debug_aranges
                0x00000000000007a0      0x108 Drivers/STM32L0xx_HAL_Driver/Src/stm32l0xx_ll_usb.o
 .debug_aranges
                0x00000000000008a8       0x90 Middlewares/ST/STM32_USB_Device_Library/Class/CDC/Src/usbd_cdc.o
 .debug_aranges
                0x0000000000000938       0xb8 Middlewares/ST/STM32_USB_Device_Library/Core/Src/usbd_core.o
 .debug_aranges
                0x00000000000009f0       0x88 Middlewares/ST/STM32_USB_Device_Library/Core/Src/usbd_ctlreq.o
 .debug_aranges
                0x0000000000000a78       0x50 Middlewares/ST/STM32_USB_Device_Library/Core/Src/usbd_ioreq.o
 .debug_aranges
                0x0000000000000ac8       0x40 Src/main.o
 .debug_aranges
                0x0000000000000b08       0x30 Src/stm32l0xx_hal_msp.o
 .debug_aranges
                0x0000000000000b38       0x48 Src/stm32l0xx_it.o
 .debug_aranges
                0x0000000000000b80       0x28 Src/system_stm32l0xx.o
 .debug_aranges
                0x0000000000000ba8       0x20 Src/usb_device.o
 .debug_aranges
                0x0000000000000bc8       0x70 Src/usbd_cdc_if.o
 .debug_aranges
                0x0000000000000c38      0x118 Src/usbd_conf.o
 .debug_aranges
                0x0000000000000d50       0x60 Src/usbd_desc.o
 .debug_aranges
                0x0000000000000db0       0x28 Startup/startup_stm32l073rztx.o

.debug_ranges   0x0000000000000000      0xc70
 .debug_ranges  0x0000000000000000       0xe8 Drivers/STM32L0xx_HAL_Driver/Src/stm32l0xx_hal.o
 .debug_ranges  0x00000000000000e8       0xc8 Drivers/STM32L0xx_HAL_Driver/Src/stm32l0xx_hal_cortex.o
 .debug_ranges  0x00000000000001b0       0x48 Drivers/STM32L0xx_HAL_Driver/Src/stm32l0xx_hal_gpio.o
 .debug_ranges  0x00000000000001f8      0x278 Drivers/STM32L0xx_HAL_Driver/Src/stm32l0xx_hal_i2c.o
 .debug_ranges  0x0000000000000470       0x38 Drivers/STM32L0xx_HAL_Driver/Src/stm32l0xx_hal_i2c_ex.o
 .debug_ranges  0x00000000000004a8      0x110 Drivers/STM32L0xx_HAL_Driver/Src/stm32l0xx_hal_pcd.o
 .debug_ranges  0x00000000000005b8       0x48 Drivers/STM32L0xx_HAL_Driver/Src/stm32l0xx_hal_pcd_ex.o
 .debug_ranges  0x0000000000000600       0x70 Drivers/STM32L0xx_HAL_Driver/Src/stm32l0xx_hal_rcc.o
 .debug_ranges  0x0000000000000670       0xa0 Drivers/STM32L0xx_HAL_Driver/Src/stm32l0xx_hal_rcc_ex.o
 .debug_ranges  0x0000000000000710       0xf8 Drivers/STM32L0xx_HAL_Driver/Src/stm32l0xx_ll_usb.o
 .debug_ranges  0x0000000000000808       0x80 Middlewares/ST/STM32_USB_Device_Library/Class/CDC/Src/usbd_cdc.o
 .debug_ranges  0x0000000000000888       0xa8 Middlewares/ST/STM32_USB_Device_Library/Core/Src/usbd_core.o
 .debug_ranges  0x0000000000000930       0x78 Middlewares/ST/STM32_USB_Device_Library/Core/Src/usbd_ctlreq.o
 .debug_ranges  0x00000000000009a8       0x40 Middlewares/ST/STM32_USB_Device_Library/Core/Src/usbd_ioreq.o
 .debug_ranges  0x00000000000009e8       0x30 Src/main.o
 .debug_ranges  0x0000000000000a18       0x20 Src/stm32l0xx_hal_msp.o
 .debug_ranges  0x0000000000000a38       0x38 Src/stm32l0xx_it.o
 .debug_ranges  0x0000000000000a70       0x18 Src/system_stm32l0xx.o
 .debug_ranges  0x0000000000000a88       0x10 Src/usb_device.o
 .debug_ranges  0x0000000000000a98       0x60 Src/usbd_cdc_if.o
 .debug_ranges  0x0000000000000af8      0x108 Src/usbd_conf.o
 .debug_ranges  0x0000000000000c00       0x50 Src/usbd_desc.o
 .debug_ranges  0x0000000000000c50       0x20 Startup/startup_stm32l073rztx.o

.debug_macro    0x0000000000000000    0x1684a
 .debug_macro   0x0000000000000000      0x1d8 Drivers/STM32L0xx_HAL_Driver/Src/stm32l0xx_hal.o
 .debug_macro   0x00000000000001d8      0xa48 Drivers/STM32L0xx_HAL_Driver/Src/stm32l0xx_hal.o
 .debug_macro   0x0000000000000c20       0x9b Drivers/STM32L0xx_HAL_Driver/Src/stm32l0xx_hal.o
 .debug_macro   0x0000000000000cbb       0x2e Drivers/STM32L0xx_HAL_Driver/Src/stm32l0xx_hal.o
 .debug_macro   0x0000000000000ce9       0x28 Drivers/STM32L0xx_HAL_Driver/Src/stm32l0xx_hal.o
 .debug_macro   0x0000000000000d11       0x22 Drivers/STM32L0xx_HAL_Driver/Src/stm32l0xx_hal.o
 .debug_macro   0x0000000000000d33       0x8e Drivers/STM32L0xx_HAL_Driver/Src/stm32l0xx_hal.o
 .debug_macro   0x0000000000000dc1       0x51 Drivers/STM32L0xx_HAL_Driver/Src/stm32l0xx_hal.o
 .debug_macro   0x0000000000000e12       0xef Drivers/STM32L0xx_HAL_Driver/Src/stm32l0xx_hal.o
 .debug_macro   0x0000000000000f01       0x6a Drivers/STM32L0xx_HAL_Driver/Src/stm32l0xx_hal.o
 .debug_macro   0x0000000000000f6b      0x1df Drivers/STM32L0xx_HAL_Driver/Src/stm32l0xx_hal.o
 .debug_macro   0x000000000000114a       0x34 Drivers/STM32L0xx_HAL_Driver/Src/stm32l0xx_hal.o
 .debug_macro   0x000000000000117e       0x26 Drivers/STM32L0xx_HAL_Driver/Src/stm32l0xx_hal.o
 .debug_macro   0x00000000000011a4      0x44f Drivers/STM32L0xx_HAL_Driver/Src/stm32l0xx_hal.o
 .debug_macro   0x00000000000015f3     0xa43e Drivers/STM32L0xx_HAL_Driver/Src/stm32l0xx_hal.o
 .debug_macro   0x000000000000ba31       0x3c Drivers/STM32L0xx_HAL_Driver/Src/stm32l0xx_hal.o
 .debug_macro   0x000000000000ba6d     0x352c Drivers/STM32L0xx_HAL_Driver/Src/stm32l0xx_hal.o
 .debug_macro   0x000000000000ef99      0x174 Drivers/STM32L0xx_HAL_Driver/Src/stm32l0xx_hal.o
 .debug_macro   0x000000000000f10d       0x5b Drivers/STM32L0xx_HAL_Driver/Src/stm32l0xx_hal.o
 .debug_macro   0x000000000000f168      0x8e4 Drivers/STM32L0xx_HAL_Driver/Src/stm32l0xx_hal.o
 .debug_macro   0x000000000000fa4c      0xbb4 Drivers/STM32L0xx_HAL_Driver/Src/stm32l0xx_hal.o
 .debug_macro   0x0000000000010600      0x13f Drivers/STM32L0xx_HAL_Driver/Src/stm32l0xx_hal.o
 .debug_macro   0x000000000001073f      0x1d1 Drivers/STM32L0xx_HAL_Driver/Src/stm32l0xx_hal.o
 .debug_macro   0x0000000000010910      0x28e Drivers/STM32L0xx_HAL_Driver/Src/stm32l0xx_hal.o
 .debug_macro   0x0000000000010b9e      0x1e9 Drivers/STM32L0xx_HAL_Driver/Src/stm32l0xx_hal.o
 .debug_macro   0x0000000000010d87      0x13e Drivers/STM32L0xx_HAL_Driver/Src/stm32l0xx_hal.o
 .debug_macro   0x0000000000010ec5      0x4b5 Drivers/STM32L0xx_HAL_Driver/Src/stm32l0xx_hal.o
 .debug_macro   0x000000000001137a      0x22c Drivers/STM32L0xx_HAL_Driver/Src/stm32l0xx_hal.o
 .debug_macro   0x00000000000115a6       0x5b Drivers/STM32L0xx_HAL_Driver/Src/stm32l0xx_hal.o
 .debug_macro   0x0000000000011601       0xa5 Drivers/STM32L0xx_HAL_Driver/Src/stm32l0xx_hal.o
 .debug_macro   0x00000000000116a6      0x18d Drivers/STM32L0xx_HAL_Driver/Src/stm32l0xx_hal.o
 .debug_macro   0x0000000000011833       0x16 Drivers/STM32L0xx_HAL_Driver/Src/stm32l0xx_hal.o
 .debug_macro   0x0000000000011849       0x57 Drivers/STM32L0xx_HAL_Driver/Src/stm32l0xx_hal.o
 .debug_macro   0x00000000000118a0      0x25e Drivers/STM32L0xx_HAL_Driver/Src/stm32l0xx_hal.o
 .debug_macro   0x0000000000011afe      0x199 Drivers/STM32L0xx_HAL_Driver/Src/stm32l0xx_hal.o
 .debug_macro   0x0000000000011c97      0x1b4 Drivers/STM32L0xx_HAL_Driver/Src/stm32l0xx_hal_cortex.o
 .debug_macro   0x0000000000011e4b      0x1ec Drivers/STM32L0xx_HAL_Driver/Src/stm32l0xx_hal_gpio.o
 .debug_macro   0x0000000000012037      0x279 Drivers/STM32L0xx_HAL_Driver/Src/stm32l0xx_hal_i2c.o
 .debug_macro   0x00000000000122b0      0x1b4 Drivers/STM32L0xx_HAL_Driver/Src/stm32l0xx_hal_i2c_ex.o
 .debug_macro   0x0000000000012464      0x1c0 Drivers/STM32L0xx_HAL_Driver/Src/stm32l0xx_hal_pcd.o
 .debug_macro   0x0000000000012624      0x1b4 Drivers/STM32L0xx_HAL_Driver/Src/stm32l0xx_hal_pcd_ex.o
 .debug_macro   0x00000000000127d8      0x1ea Drivers/STM32L0xx_HAL_Driver/Src/stm32l0xx_hal_rcc.o
 .debug_macro   0x00000000000129c2      0x1b4 Drivers/STM32L0xx_HAL_Driver/Src/stm32l0xx_hal_rcc_ex.o
 .debug_macro   0x0000000000012b76      0x1b4 Drivers/STM32L0xx_HAL_Driver/Src/stm32l0xx_ll_usb.o
 .debug_macro   0x0000000000012d2a      0x3d0 Middlewares/ST/STM32_USB_Device_Library/Class/CDC/Src/usbd_cdc.o
 .debug_macro   0x00000000000130fa       0x40 Middlewares/ST/STM32_USB_Device_Library/Class/CDC/Src/usbd_cdc.o
 .debug_macro   0x000000000001313a       0x18 Middlewares/ST/STM32_USB_Device_Library/Class/CDC/Src/usbd_cdc.o
 .debug_macro   0x0000000000013152       0x94 Middlewares/ST/STM32_USB_Device_Library/Class/CDC/Src/usbd_cdc.o
 .debug_macro   0x00000000000131e6       0x3c Middlewares/ST/STM32_USB_Device_Library/Class/CDC/Src/usbd_cdc.o
 .debug_macro   0x0000000000013222       0x34 Middlewares/ST/STM32_USB_Device_Library/Class/CDC/Src/usbd_cdc.o
 .debug_macro   0x0000000000013256       0x16 Middlewares/ST/STM32_USB_Device_Library/Class/CDC/Src/usbd_cdc.o
 .debug_macro   0x000000000001326c       0x57 Middlewares/ST/STM32_USB_Device_Library/Class/CDC/Src/usbd_cdc.o
 .debug_macro   0x00000000000132c3       0x97 Middlewares/ST/STM32_USB_Device_Library/Class/CDC/Src/usbd_cdc.o
 .debug_macro   0x000000000001335a      0x330 Middlewares/ST/STM32_USB_Device_Library/Class/CDC/Src/usbd_cdc.o
 .debug_macro   0x000000000001368a       0xfd Middlewares/ST/STM32_USB_Device_Library/Class/CDC/Src/usbd_cdc.o
 .debug_macro   0x0000000000013787       0x10 Middlewares/ST/STM32_USB_Device_Library/Class/CDC/Src/usbd_cdc.o
 .debug_macro   0x0000000000013797       0x52 Middlewares/ST/STM32_USB_Device_Library/Class/CDC/Src/usbd_cdc.o
 .debug_macro   0x00000000000137e9       0x1f Middlewares/ST/STM32_USB_Device_Library/Class/CDC/Src/usbd_cdc.o
 .debug_macro   0x0000000000013808       0x43 Middlewares/ST/STM32_USB_Device_Library/Class/CDC/Src/usbd_cdc.o
 .debug_macro   0x000000000001384b       0x20 Middlewares/ST/STM32_USB_Device_Library/Class/CDC/Src/usbd_cdc.o
 .debug_macro   0x000000000001386b      0x1a3 Middlewares/ST/STM32_USB_Device_Library/Class/CDC/Src/usbd_cdc.o
 .debug_macro   0x0000000000013a0e       0x10 Middlewares/ST/STM32_USB_Device_Library/Class/CDC/Src/usbd_cdc.o
 .debug_macro   0x0000000000013a1e       0x1c Middlewares/ST/STM32_USB_Device_Library/Class/CDC/Src/usbd_cdc.o
 .debug_macro   0x0000000000013a3a       0x52 Middlewares/ST/STM32_USB_Device_Library/Class/CDC/Src/usbd_cdc.o
 .debug_macro   0x0000000000013a8c       0x40 Middlewares/ST/STM32_USB_Device_Library/Class/CDC/Src/usbd_cdc.o
 .debug_macro   0x0000000000013acc       0x10 Middlewares/ST/STM32_USB_Device_Library/Class/CDC/Src/usbd_cdc.o
 .debug_macro   0x0000000000013adc       0x40 Middlewares/ST/STM32_USB_Device_Library/Class/CDC/Src/usbd_cdc.o
 .debug_macro   0x0000000000013b1c       0xd7 Middlewares/ST/STM32_USB_Device_Library/Class/CDC/Src/usbd_cdc.o
 .debug_macro   0x0000000000013bf3       0x1c Middlewares/ST/STM32_USB_Device_Library/Class/CDC/Src/usbd_cdc.o
 .debug_macro   0x0000000000013c0f       0x3d Middlewares/ST/STM32_USB_Device_Library/Class/CDC/Src/usbd_cdc.o
 .debug_macro   0x0000000000013c4c       0x16 Middlewares/ST/STM32_USB_Device_Library/Class/CDC/Src/usbd_cdc.o
 .debug_macro   0x0000000000013c62      0x145 Middlewares/ST/STM32_USB_Device_Library/Class/CDC/Src/usbd_cdc.o
 .debug_macro   0x0000000000013da7       0x16 Middlewares/ST/STM32_USB_Device_Library/Class/CDC/Src/usbd_cdc.o
 .debug_macro   0x0000000000013dbd       0x35 Middlewares/ST/STM32_USB_Device_Library/Class/CDC/Src/usbd_cdc.o
 .debug_macro   0x0000000000013df2       0x16 Middlewares/ST/STM32_USB_Device_Library/Class/CDC/Src/usbd_cdc.o
 .debug_macro   0x0000000000013e08       0x29 Middlewares/ST/STM32_USB_Device_Library/Class/CDC/Src/usbd_cdc.o
 .debug_macro   0x0000000000013e31       0x16 Middlewares/ST/STM32_USB_Device_Library/Class/CDC/Src/usbd_cdc.o
 .debug_macro   0x0000000000013e47       0x20 Middlewares/ST/STM32_USB_Device_Library/Class/CDC/Src/usbd_cdc.o
 .debug_macro   0x0000000000013e67       0x55 Middlewares/ST/STM32_USB_Device_Library/Class/CDC/Src/usbd_cdc.o
 .debug_macro   0x0000000000013ebc       0x34 Middlewares/ST/STM32_USB_Device_Library/Class/CDC/Src/usbd_cdc.o
 .debug_macro   0x0000000000013ef0       0x5f Middlewares/ST/STM32_USB_Device_Library/Class/CDC/Src/usbd_cdc.o
 .debug_macro   0x0000000000013f4f      0x1d0 Middlewares/ST/STM32_USB_Device_Library/Class/CDC/Src/usbd_cdc.o
 .debug_macro   0x000000000001411f       0x8f Middlewares/ST/STM32_USB_Device_Library/Class/CDC/Src/usbd_cdc.o
 .debug_macro   0x00000000000141ae      0x3b7 Middlewares/ST/STM32_USB_Device_Library/Core/Src/usbd_core.o
 .debug_macro   0x0000000000014565      0x1d6 Middlewares/ST/STM32_USB_Device_Library/Core/Src/usbd_core.o
 .debug_macro   0x000000000001473b      0x3c1 Middlewares/ST/STM32_USB_Device_Library/Core/Src/usbd_ctlreq.o
 .debug_macro   0x0000000000014afc      0x3bd Middlewares/ST/STM32_USB_Device_Library/Core/Src/usbd_ioreq.o
 .debug_macro   0x0000000000014eb9      0x3ee Src/main.o
 .debug_macro   0x00000000000152a7       0x46 Src/main.o
 .debug_macro   0x00000000000152ed      0x1c3 Src/stm32l0xx_hal_msp.o
 .debug_macro   0x00000000000154b0      0x1cd Src/stm32l0xx_it.o
 .debug_macro   0x000000000001567d      0x1ba Src/system_stm32l0xx.o
 .debug_macro   0x0000000000015837      0x3f1 Src/usb_device.o
 .debug_macro   0x0000000000015c28       0x3a Src/usb_device.o
 .debug_macro   0x0000000000015c62       0x22 Src/usb_device.o
 .debug_macro   0x0000000000015c84      0x3e2 Src/usbd_cdc_if.o
 .debug_macro   0x0000000000016066      0x3d4 Src/usbd_conf.o
 .debug_macro   0x000000000001643a      0x3f4 Src/usbd_desc.o
 .debug_macro   0x000000000001682e       0x1c Src/usbd_desc.o

.debug_line     0x0000000000000000     0xe06e
 .debug_line    0x0000000000000000      0x891 Drivers/STM32L0xx_HAL_Driver/Src/stm32l0xx_hal.o
 .debug_line    0x0000000000000891      0x8bf Drivers/STM32L0xx_HAL_Driver/Src/stm32l0xx_hal_cortex.o
 .debug_line    0x0000000000001150      0x827 Drivers/STM32L0xx_HAL_Driver/Src/stm32l0xx_hal_gpio.o
 .debug_line    0x0000000000001977     0x1a08 Drivers/STM32L0xx_HAL_Driver/Src/stm32l0xx_hal_i2c.o
 .debug_line    0x000000000000337f      0x7ca Drivers/STM32L0xx_HAL_Driver/Src/stm32l0xx_hal_i2c_ex.o
 .debug_line    0x0000000000003b49      0xb1c Drivers/STM32L0xx_HAL_Driver/Src/stm32l0xx_hal_pcd.o
 .debug_line    0x0000000000004665      0x749 Drivers/STM32L0xx_HAL_Driver/Src/stm32l0xx_hal_pcd_ex.o
 .debug_line    0x0000000000004dae      0x945 Drivers/STM32L0xx_HAL_Driver/Src/stm32l0xx_hal_rcc.o
 .debug_line    0x00000000000056f3      0x9bf Drivers/STM32L0xx_HAL_Driver/Src/stm32l0xx_hal_rcc_ex.o
 .debug_line    0x00000000000060b2      0xb2e Drivers/STM32L0xx_HAL_Driver/Src/stm32l0xx_ll_usb.o
 .debug_line    0x0000000000006be0      0xb1f Middlewares/ST/STM32_USB_Device_Library/Class/CDC/Src/usbd_cdc.o
 .debug_line    0x00000000000076ff      0xb59 Middlewares/ST/STM32_USB_Device_Library/Core/Src/usbd_core.o
 .debug_line    0x0000000000008258      0xbbd Middlewares/ST/STM32_USB_Device_Library/Core/Src/usbd_ctlreq.o
 .debug_line    0x0000000000008e15      0x9c3 Middlewares/ST/STM32_USB_Device_Library/Core/Src/usbd_ioreq.o
 .debug_line    0x00000000000097d8      0xa02 Src/main.o
 .debug_line    0x000000000000a1da      0x6b0 Src/stm32l0xx_hal_msp.o
 .debug_line    0x000000000000a88a      0x6e7 Src/stm32l0xx_it.o
 .debug_line    0x000000000000af71      0x6b0 Src/system_stm32l0xx.o
 .debug_line    0x000000000000b621      0x99a Src/usb_device.o
 .debug_line    0x000000000000bfbb      0xa55 Src/usbd_cdc_if.o
 .debug_line    0x000000000000ca10      0xbed Src/usbd_conf.o
 .debug_line    0x000000000000d5fd      0x9ec Src/usbd_desc.o
 .debug_line    0x000000000000dfe9       0x85 Startup/startup_stm32l073rztx.o

.debug_str      0x0000000000000000    0x7caeb
 .debug_str     0x0000000000000000    0x74079 Drivers/STM32L0xx_HAL_Driver/Src/stm32l0xx_hal.o
                                      0x744b6 (size before relaxing)
 .debug_str     0x0000000000074079      0x2ea Drivers/STM32L0xx_HAL_Driver/Src/stm32l0xx_hal_cortex.o
                                      0x742e9 (size before relaxing)
 .debug_str     0x0000000000074363      0x2c0 Drivers/STM32L0xx_HAL_Driver/Src/stm32l0xx_hal_gpio.o
                                      0x7412b (size before relaxing)
 .debug_str     0x0000000000074623     0x1126 Drivers/STM32L0xx_HAL_Driver/Src/stm32l0xx_hal_i2c.o
                                      0x75043 (size before relaxing)
 .debug_str     0x0000000000075749       0xbf Drivers/STM32L0xx_HAL_Driver/Src/stm32l0xx_hal_i2c_ex.o
                                      0x743e6 (size before relaxing)
 .debug_str     0x0000000000075808      0x668 Drivers/STM32L0xx_HAL_Driver/Src/stm32l0xx_hal_pcd.o
                                      0x744d6 (size before relaxing)
 .debug_str     0x0000000000075e70      0x1c6 Drivers/STM32L0xx_HAL_Driver/Src/stm32l0xx_hal_pcd_ex.o
                                      0x742ff (size before relaxing)
 .debug_str     0x0000000000076036      0x411 Drivers/STM32L0xx_HAL_Driver/Src/stm32l0xx_hal_rcc.o
                                      0x74351 (size before relaxing)
 .debug_str     0x0000000000076447      0x44d Drivers/STM32L0xx_HAL_Driver/Src/stm32l0xx_hal_rcc_ex.o
                                      0x74317 (size before relaxing)
 .debug_str     0x0000000000076894      0x30f Drivers/STM32L0xx_HAL_Driver/Src/stm32l0xx_ll_usb.o
                                      0x742e5 (size before relaxing)
 .debug_str     0x0000000000076ba3     0x545b Middlewares/ST/STM32_USB_Device_Library/Class/CDC/Src/usbd_cdc.o
                                      0x7969e (size before relaxing)
 .debug_str     0x000000000007bffe      0x1b5 Middlewares/ST/STM32_USB_Device_Library/Core/Src/usbd_core.o
                                      0x78f6f (size before relaxing)
 .debug_str     0x000000000007c1b3      0x134 Middlewares/ST/STM32_USB_Device_Library/Core/Src/usbd_ctlreq.o
                                      0x78ef5 (size before relaxing)
 .debug_str     0x000000000007c2e7       0xc9 Middlewares/ST/STM32_USB_Device_Library/Core/Src/usbd_ioreq.o
                                      0x78e7d (size before relaxing)
 .debug_str     0x000000000007c3b0       0xa1 Src/main.o
                                      0x7991f (size before relaxing)
 .debug_str     0x000000000007c451       0x1b Src/stm32l0xx_hal_msp.o
                                      0x743ff (size before relaxing)
 .debug_str     0x000000000007c46c       0x8c Src/stm32l0xx_it.o
                                      0x741f9 (size before relaxing)
 .debug_str     0x000000000007c4f8       0x64 Src/system_stm32l0xx.o
                                      0x73e76 (size before relaxing)
 .debug_str     0x000000000007c55c       0xb7 Src/usb_device.o
                                      0x791ab (size before relaxing)
 .debug_str     0x000000000007c613      0x115 Src/usbd_cdc_if.o
                                      0x792a0 (size before relaxing)
 .debug_str     0x000000000007c728      0x15f Src/usbd_conf.o
                                      0x799bb (size before relaxing)
 .debug_str     0x000000000007c887      0x233 Src/usbd_desc.o
                                      0x78dc3 (size before relaxing)
 .debug_str     0x000000000007caba       0x31 Startup/startup_stm32l073rztx.o
                                         0x67 (size before relaxing)

.comment        0x0000000000000000       0x7b
 .comment       0x0000000000000000       0x7b Drivers/STM32L0xx_HAL_Driver/Src/stm32l0xx_hal.o
                                         0x7c (size before relaxing)
 .comment       0x000000000000007b       0x7c Drivers/STM32L0xx_HAL_Driver/Src/stm32l0xx_hal_cortex.o
 .comment       0x000000000000007b       0x7c Drivers/STM32L0xx_HAL_Driver/Src/stm32l0xx_hal_gpio.o
 .comment       0x000000000000007b       0x7c Drivers/STM32L0xx_HAL_Driver/Src/stm32l0xx_hal_i2c.o
 .comment       0x000000000000007b       0x7c Drivers/STM32L0xx_HAL_Driver/Src/stm32l0xx_hal_i2c_ex.o
 .comment       0x000000000000007b       0x7c Drivers/STM32L0xx_HAL_Driver/Src/stm32l0xx_hal_pcd.o
 .comment       0x000000000000007b       0x7c Drivers/STM32L0xx_HAL_Driver/Src/stm32l0xx_hal_pcd_ex.o
 .comment       0x000000000000007b       0x7c Drivers/STM32L0xx_HAL_Driver/Src/stm32l0xx_hal_rcc.o
 .comment       0x000000000000007b       0x7c Drivers/STM32L0xx_HAL_Driver/Src/stm32l0xx_hal_rcc_ex.o
 .comment       0x000000000000007b       0x7c Drivers/STM32L0xx_HAL_Driver/Src/stm32l0xx_ll_usb.o
 .comment       0x000000000000007b       0x7c Middlewares/ST/STM32_USB_Device_Library/Class/CDC/Src/usbd_cdc.o
 .comment       0x000000000000007b       0x7c Middlewares/ST/STM32_USB_Device_Library/Core/Src/usbd_core.o
 .comment       0x000000000000007b       0x7c Middlewares/ST/STM32_USB_Device_Library/Core/Src/usbd_ctlreq.o
 .comment       0x000000000000007b       0x7c Middlewares/ST/STM32_USB_Device_Library/Core/Src/usbd_ioreq.o
 .comment       0x000000000000007b       0x7c Src/main.o
 .comment       0x000000000000007b       0x7c Src/stm32l0xx_hal_msp.o
 .comment       0x000000000000007b       0x7c Src/stm32l0xx_it.o
 .comment       0x000000000000007b       0x7c Src/system_stm32l0xx.o
 .comment       0x000000000000007b       0x7c Src/usb_device.o
 .comment       0x000000000000007b       0x7c Src/usbd_cdc_if.o
 .comment       0x000000000000007b       0x7c Src/usbd_conf.o
 .comment       0x000000000000007b       0x7c Src/usbd_desc.o

.debug_frame    0x0000000000000000     0x2fd0
 .debug_frame   0x0000000000000000      0x338 Drivers/STM32L0xx_HAL_Driver/Src/stm32l0xx_hal.o
 .debug_frame   0x0000000000000338      0x2fc Drivers/STM32L0xx_HAL_Driver/Src/stm32l0xx_hal_cortex.o
 .debug_frame   0x0000000000000634      0x110 Drivers/STM32L0xx_HAL_Driver/Src/stm32l0xx_hal_gpio.o
 .debug_frame   0x0000000000000744      0xa00 Drivers/STM32L0xx_HAL_Driver/Src/stm32l0xx_hal_i2c.o
 .debug_frame   0x0000000000001144       0xd0 Drivers/STM32L0xx_HAL_Driver/Src/stm32l0xx_hal_i2c_ex.o
 .debug_frame   0x0000000000001214      0x434 Drivers/STM32L0xx_HAL_Driver/Src/stm32l0xx_hal_pcd.o
 .debug_frame   0x0000000000001648      0x110 Drivers/STM32L0xx_HAL_Driver/Src/stm32l0xx_hal_pcd_ex.o
 .debug_frame   0x0000000000001758      0x1a4 Drivers/STM32L0xx_HAL_Driver/Src/stm32l0xx_hal_rcc.o
 .debug_frame   0x00000000000018fc      0x244 Drivers/STM32L0xx_HAL_Driver/Src/stm32l0xx_hal_rcc_ex.o
 .debug_frame   0x0000000000001b40      0x3e0 Drivers/STM32L0xx_HAL_Driver/Src/stm32l0xx_ll_usb.o
 .debug_frame   0x0000000000001f20      0x1f0 Middlewares/ST/STM32_USB_Device_Library/Class/CDC/Src/usbd_cdc.o
 .debug_frame   0x0000000000002110      0x290 Middlewares/ST/STM32_USB_Device_Library/Core/Src/usbd_core.o
 .debug_frame   0x00000000000023a0      0x1d4 Middlewares/ST/STM32_USB_Device_Library/Core/Src/usbd_ctlreq.o
 .debug_frame   0x0000000000002574       0xf0 Middlewares/ST/STM32_USB_Device_Library/Core/Src/usbd_ioreq.o
 .debug_frame   0x0000000000002664       0xa8 Src/main.o
 .debug_frame   0x000000000000270c       0x6c Src/stm32l0xx_hal_msp.o
 .debug_frame   0x0000000000002778       0xb8 Src/stm32l0xx_it.o
 .debug_frame   0x0000000000002830       0x4c Src/system_stm32l0xx.o
 .debug_frame   0x000000000000287c       0x2c Src/usb_device.o
 .debug_frame   0x00000000000028a8      0x154 Src/usbd_cdc_if.o
 .debug_frame   0x00000000000029fc      0x438 Src/usbd_conf.o
 .debug_frame   0x0000000000002e34      0x130 Src/usbd_desc.o
 .debug_frame   0x0000000000002f64       0x2c /opt/st/stm32cubeide_1.0.1/plugins/com.st.stm32cube.ide.mcu.externaltools.gnu-tools-for-stm32.7-2018-q2-update.linux64_1.0.0.201904181610/tools/bin/../lib/gcc/arm-none-eabi/7.3.1/../../../../arm-none-eabi/lib/thumb/v6-m/libc_nano.a(lib_a-init.o)
 .debug_frame   0x0000000000002f90       0x20 /opt/st/stm32cubeide_1.0.1/plugins/com.st.stm32cube.ide.mcu.externaltools.gnu-tools-for-stm32.7-2018-q2-update.linux64_1.0.0.201904181610/tools/bin/../lib/gcc/arm-none-eabi/7.3.1/../../../../arm-none-eabi/lib/thumb/v6-m/libc_nano.a(lib_a-memset.o)
 .debug_frame   0x0000000000002fb0       0x20 /opt/st/stm32cubeide_1.0.1/plugins/com.st.stm32cube.ide.mcu.externaltools.gnu-tools-for-stm32.7-2018-q2-update.linux64_1.0.0.201904181610/tools/bin/../lib/gcc/arm-none-eabi/7.3.1/thumb/v6-m/libgcc.a(_udivsi3.o)
